Component: ARM Compiler 5.06 update 4 (build 422) Tool: armlink [4d35d2]

==============================================================================

Section Cross References

    main.o(i.ADS1299_Config) refers to main.o(i.SPI_TEST_INIT) for SPI_TEST_INIT
    main.o(i.ADS1299_Config) refers to peripheral_init.o(i.init_SPI2) for init_SPI2
    main.o(i.ADS1299_Config) refers to arm_biquad_cascade_df2t_init_f32.o(i.arm_biquad_cascade_df2T_init_f32) for arm_biquad_cascade_df2T_init_f32
    main.o(i.ADS1299_Config) refers to ads1299.o(i.ads1299_init) for ads1299_init
    main.o(i.ADS1299_Config) refers to peripheral_init.o(i.init_EXTI) for init_EXTI
    main.o(i.ADS1299_Config) refers to main.o(.bss) for .bss
    main.o(i.ADS1299_Config) refers to coeffs_iir.o(.data) for biquad_HP_Coeffs
    main.o(i.ADS1299_Config) refers to coeffs_iir.o(.data) for biquad_BP_Coeffs
    main.o(i.Debug_COM_Init) refers to stm32f4xx_rcc.o(i.RCC_AHB1PeriphClockCmd) for RCC_AHB1PeriphClockCmd
    main.o(i.Debug_COM_Init) refers to stm32f4xx_rcc.o(i.RCC_APB2PeriphClockCmd) for RCC_APB2PeriphClockCmd
    main.o(i.Debug_COM_Init) refers to misc.o(i.NVIC_Init) for NVIC_Init
    main.o(i.Debug_COM_Init) refers to stm32f4xx_gpio.o(i.GPIO_PinAFConfig) for GPIO_PinAFConfig
    main.o(i.Debug_COM_Init) refers to stm32f4xx_gpio.o(i.GPIO_Init) for GPIO_Init
    main.o(i.Debug_COM_Init) refers to stm32f4xx_usart.o(i.USART_Init) for USART_Init
    main.o(i.Debug_COM_Init) refers to stm32f4xx_usart.o(i.USART_Cmd) for USART_Cmd
    main.o(i.Debug_COM_Init) refers to stm32f4xx_usart.o(i.USART_ITConfig) for USART_ITConfig
    main.o(i.Debug_SendBytes_h) refers to stm32f4xx_usart.o(i.USART_GetFlagStatus) for USART_GetFlagStatus
    main.o(i.Debug_SendBytes_h) refers to stm32f4xx_usart.o(i.USART_SendData) for USART_SendData
    main.o(i.Debug_SendData_s) refers to stm32f4xx_usart.o(i.USART_GetFlagStatus) for USART_GetFlagStatus
    main.o(i.Debug_SendData_s) refers to stm32f4xx_usart.o(i.USART_SendData) for USART_SendData
    main.o(i.EXTI2_IRQHandler) refers to stm32f4xx_exti.o(i.EXTI_GetITStatus) for EXTI_GetITStatus
    main.o(i.EXTI2_IRQHandler) refers to stm32f4xx_exti.o(i.EXTI_ClearITPendingBit) for EXTI_ClearITPendingBit
    main.o(i.EXTI2_IRQHandler) refers to stm32f4xx_gpio.o(i.GPIO_ReadInputDataBit) for GPIO_ReadInputDataBit
    main.o(i.EXTI2_IRQHandler) refers to main.o(i.delay) for delay
    main.o(i.GPIO_Config) refers to main.o(i.initLeds) for initLeds
    main.o(i.SPI_TEST_INIT) refers to stm32f4xx_rcc.o(i.RCC_APB1PeriphClockCmd) for RCC_APB1PeriphClockCmd
    main.o(i.SPI_TEST_INIT) refers to stm32f4xx_rcc.o(i.RCC_AHB1PeriphClockCmd) for RCC_AHB1PeriphClockCmd
    main.o(i.SPI_TEST_INIT) refers to stm32f4xx_gpio.o(i.GPIO_PinAFConfig) for GPIO_PinAFConfig
    main.o(i.SPI_TEST_INIT) refers to stm32f4xx_gpio.o(i.GPIO_Init) for GPIO_Init
    main.o(i.SPI_TEST_INIT) refers to stm32f4xx_spi.o(i.SPI_I2S_DeInit) for SPI_I2S_DeInit
    main.o(i.SPI_TEST_INIT) refers to stm32f4xx_spi.o(i.SPI_Init) for SPI_Init
    main.o(i.SPI_TEST_INIT) refers to stm32f4xx_spi.o(i.SPI_Cmd) for SPI_Cmd
    main.o(i.Set_Device_ID) refers to strlen.o(.text) for strlen
    main.o(i.Set_Device_ID) refers to stm32f4xx_flash.o(i.FLASH_Unlock) for FLASH_Unlock
    main.o(i.Set_Device_ID) refers to stm32f4xx_flash.o(i.FLASH_ClearFlag) for FLASH_ClearFlag
    main.o(i.Set_Device_ID) refers to stm32f4xx_flash.o(i.FLASH_EraseSector) for FLASH_EraseSector
    main.o(i.Set_Device_ID) refers to stm32f4xx_flash.o(i.FLASH_Lock) for FLASH_Lock
    main.o(i.TIM3_IRQHandler) refers to stm32f4xx_tim.o(i.TIM_GetITStatus) for TIM_GetITStatus
    main.o(i.TIM3_IRQHandler) refers to stm32f4xx_tim.o(i.TIM_ClearITPendingBit) for TIM_ClearITPendingBit
    main.o(i.TIM3_IRQHandler) refers to stm32f4xx_tim.o(i.TIM_Cmd) for TIM_Cmd
    main.o(i.TIM3_IRQHandler) refers to stm32f4xx_gpio.o(i.GPIO_ToggleBits) for GPIO_ToggleBits
    main.o(i.TIM3_IRQHandler) refers to main.o(i.Timer_Start) for Timer_Start
    main.o(i.TIM3_IRQHandler) refers to main.o(.data) for .data
    main.o(i.Timer_Config) refers to stm32f4xx_rcc.o(i.RCC_APB1PeriphClockCmd) for RCC_APB1PeriphClockCmd
    main.o(i.Timer_Config) refers to stm32f4xx_tim.o(i.TIM_TimeBaseInit) for TIM_TimeBaseInit
    main.o(i.Timer_Config) refers to misc.o(i.NVIC_Init) for NVIC_Init
    main.o(i.Timer_Config) refers to stm32f4xx_tim.o(i.TIM_ClearFlag) for TIM_ClearFlag
    main.o(i.Timer_Config) refers to stm32f4xx_tim.o(i.TIM_ITConfig) for TIM_ITConfig
    main.o(i.Timer_Start) refers to stm32f4xx_tim.o(i.TIM_Cmd) for TIM_Cmd
    main.o(i.Timer_Start) refers to stm32f4xx_rcc.o(i.RCC_APB1PeriphClockCmd) for RCC_APB1PeriphClockCmd
    main.o(i.Timer_Start) refers to stm32f4xx_tim.o(i.TIM_TimeBaseInit) for TIM_TimeBaseInit
    main.o(i.Timer_Start) refers to misc.o(i.NVIC_Init) for NVIC_Init
    main.o(i.Timer_Start) refers to stm32f4xx_tim.o(i.TIM_ClearFlag) for TIM_ClearFlag
[...]
    ../clib/microlib/printf/printf.c         0x00000000   Number         0  printf3.o ABSOLUTE
    ../clib/microlib/printf/printf.c         0x00000000   Number         0  printf8.o ABSOLUTE
    ../clib/microlib/printf/printf.c         0x00000000   Number         0  printf7.o ABSOLUTE
    ../clib/microlib/printf/stubs.s          0x00000000   Number         0  stubs.o ABSOLUTE
    ../clib/microlib/stdio/fputc.c           0x00000000   Number         0  fputc.o ABSOLUTE
    ../clib/microlib/stdio/semi.s            0x00000000   Number         0  semi.o ABSOLUTE
    ../clib/microlib/stdio/streams.c         0x00000000   Number         0  stdout.o ABSOLUTE
    ../clib/microlib/string/memset.c         0x00000000   Number         0  memseta.o ABSOLUTE
    ../clib/microlib/string/strcpy.c         0x00000000   Number         0  strcpy.o ABSOLUTE
    ../clib/microlib/string/strlen.c         0x00000000   Number         0  strlen.o ABSOLUTE
    ../clib/microlib/string/strncpy.c        0x00000000   Number         0  strncpy.o ABSOLUTE
    ../clib/microlib/string/strstr.c         0x00000000   Number         0  strstr.o ABSOLUTE
    ../clib/microlib/string/strtok.c         0x00000000   Number         0  strtok.o ABSOLUTE
    ../clib/microlib/string/strtok.c         0x00000000   Number         0  strtok_r.o ABSOLUTE
    ../clib/microlib/stubs.s                 0x00000000   Number         0  iusefp.o ABSOLUTE
    ../clib/microlib/stubs.s                 0x00000000   Number         0  iusesemip.o ABSOLUTE
    ../clib/scanf.c                          0x00000000   Number         0  strtol.o ABSOLUTE
    ../clib/scanf.c                          0x00000000   Number         0  _strtoul.o ABSOLUTE
    ../clib/scanf.c                          0x00000000   Number         0  _chval.o ABSOLUTE
    ../clib/scanf.c                          0x00000000   Number         0  atoi.o ABSOLUTE
    ../fplib/microlib/d2f.c                  0x00000000   Number         0  d2f.o ABSOLUTE
    ../fplib/microlib/f2d.c                  0x00000000   Number         0  f2d.o ABSOLUTE
    ../fplib/microlib/fpadd.c                0x00000000   Number         0  dadd.o ABSOLUTE
    ../fplib/microlib/fpdiv.c                0x00000000   Number         0  ddiv.o ABSOLUTE
    ../fplib/microlib/fpepilogue.c           0x00000000   Number         0  depilogue.o ABSOLUTE
    ../fplib/microlib/fpepilogue.c           0x00000000   Number         0  fepilogue.o ABSOLUTE
    ../fplib/microlib/fpfix.c                0x00000000   Number         0  dfixul.o ABSOLUTE
    ../fplib/microlib/fpmul.c                0x00000000   Number         0  dmul.o ABSOLUTE
    Files\DSP\Source\CommonTables\arm_common_tables.c 0x00000000   Number         0  arm_common_tables.o ABSOLUTE
    Files\DSP\Source\CommonTables\arm_const_structs.c 0x00000000   Number         0  arm_const_structs.o ABSOLUTE
    Files\DSP\Source\FilteringFunctions\arm_biquad_cascade_df2T_f32.c 0x00000000   Number         0  arm_biquad_cascade_df2t_f32.o ABSOLUTE
    Files\DSP\Source\FilteringFunctions\arm_biquad_cascade_df2T_init_f32.c 0x00000000   Number         0  arm_biquad_cascade_df2t_init_f32.o ABSOLUTE
    Files\\DSP\\Source\\CommonTables\\arm_common_tables.c 0x00000000   Number         0  arm_common_tables.o ABSOLUTE
    Files\\DSP\\Source\\CommonTables\\arm_const_structs.c 0x00000000   Number         0  arm_const_structs.o ABSOLUTE
    Files\\DSP\\Source\\FilteringFunctions\\arm_biquad_cascade_df2T_f32.c 0x00000000   Number         0  arm_biquad_cascade_df2t_f32.o ABSOLUTE
    Files\\DSP\\Source\\FilteringFunctions\\arm_biquad_cascade_df2T_init_f32.c 0x00000000   Number         0  arm_biquad_cascade_df2t_init_f32.o ABSOLUTE
    Files\\sd\\stm324xg_eval.c               0x00000000   Number         0  stm324xg_eval.o ABSOLUTE
    Files\\sd\\stm324xg_eval_sdio_sd.c       0x00000000   Number         0  stm324xg_eval_sdio_sd.o ABSOLUTE
    Files\\src\\ADS1299.c                    0x00000000   Number         0  ads1299.o ABSOLUTE
    Files\\src\\Delay.c                      0x00000000   Number         0  delay.o ABSOLUTE
    Files\\src\\GSM.c                        0x00000000   Number         0  gsm.o ABSOLUTE
    Files\\src\\IRQ.c                        0x00000000   Number         0  irq.o ABSOLUTE
    Files\\src\\Peripheral_Init.c            0x00000000   Number         0  peripheral_init.o ABSOLUTE
    Files\\src\\RTC.c                        0x00000000   Number         0  rtc.o ABSOLUTE
    Files\\src\\coeffs_IIR.c                 0x00000000   Number         0  coeffs_iir.o ABSOLUTE
    Files\\src\\main.c                       0x00000000   Number         0  main.o ABSOLUTE
    Files\\src\\misc.c                       0x00000000   Number         0  misc.o ABSOLUTE
    Files\\src\\spi.c                        0x00000000   Number         0  spi.o ABSOLUTE
    Files\\src\\stm32f4xx_adc.c              0x00000000   Number         0  stm32f4xx_adc.o ABSOLUTE
    Files\\src\\stm32f4xx_can.c              0x00000000   Number         0  stm32f4xx_can.o ABSOLUTE
    Files\\src\\stm32f4xx_crc.c              0x00000000   Number         0  stm32f4xx_crc.o ABSOLUTE
    Files\\src\\stm32f4xx_cryp.c             0x00000000   Number         0  stm32f4xx_cryp.o ABSOLUTE
    Files\\src\\stm32f4xx_cryp_aes.c         0x00000000   Number         0  stm32f4xx_cryp_aes.o ABSOLUTE
    Files\\src\\stm32f4xx_cryp_des.c         0x00000000   Number         0  stm32f4xx_cryp_des.o ABSOLUTE
    Files\\src\\stm32f4xx_cryp_tdes.c        0x00000000   Number         0  stm32f4xx_cryp_tdes.o ABSOLUTE
    Files\\src\\stm32f4xx_dac.c              0x00000000   Number         0  stm32f4xx_dac.o ABSOLUTE
    Files\\src\\stm32f4xx_dbgmcu.c           0x00000000   Number         0  stm32f4xx_dbgmcu.o ABSOLUTE
    Files\\src\\stm32f4xx_dcmi.c             0x00000000   Number         0  stm32f4xx_dcmi.o ABSOLUTE
    Files\\src\\stm32f4xx_dma.c              0x00000000   Number         0  stm32f4xx_dma.o ABSOLUTE
    Files\\src\\stm32f4xx_exti.c             0x00000000   Number         0  stm32f4xx_exti.o ABSOLUTE
    Files\\src\\stm32f4xx_flash.c            0x00000000   Number         0  stm32f4xx_flash.o ABSOLUTE
    Files\\src\\stm32f4xx_gpio.c             0x00000000   Number         0  stm32f4xx_gpio.o ABSOLUTE
    Files\\src\\stm32f4xx_hash.c             0x00000000   Number         0  stm32f4xx_hash.o ABSOLUTE
    Files\\src\\stm32f4xx_hash_md5.c         0x00000000   Number         0  stm32f4xx_hash_md5.o ABSOLUTE
    Files\\src\\stm32f4xx_hash_sha1.c        0x00000000   Number         0  stm32f4xx_hash_sha1.o ABSOLUTE
    Files\\src\\stm32f4xx_i2c.c              0x00000000   Number         0  stm32f4xx_i2c.o ABSOLUTE
    Files\\src\\stm32f4xx_it.c               0x00000000   Number         0  stm32f4xx_it.o ABSOLUTE
    Files\\src\\stm32f4xx_iwdg.c             0x00000000   Number         0  stm32f4xx_iwdg.o ABSOLUTE
    Files\\src\\stm32f4xx_pwr.c              0x00000000   Number         0  stm32f4xx_pwr.o ABSOLUTE
    Files\\src\\stm32f4xx_rcc.c              0x00000000   Number         0  stm32f4xx_rcc.o ABSOLUTE
    Files\\src\\stm32f4xx_rng.c              0x00000000   Number         0  stm32f4xx_rng.o ABSOLUTE
    Files\\src\\stm32f4xx_rtc.c              0x00000000   Number         0  stm32f4xx_rtc.o ABSOLUTE
    Files\\src\\stm32f4xx_sdio.c             0x00000000   Number         0  stm32f4xx_sdio.o ABSOLUTE
    Files\\src\\stm32f4xx_spi.c              0x00000000   Number         0  stm32f4xx_spi.o ABSOLUTE
    Files\\src\\stm32f4xx_syscfg.c           0x00000000   Number         0  stm32f4xx_syscfg.o ABSOLUTE
    Files\\src\\stm32f4xx_tim.c              0x00000000   Number         0  stm32f4xx_tim.o ABSOLUTE
    Files\\src\\stm32f4xx_usart.c            0x00000000   Number         0  stm32f4xx_usart.o ABSOLUTE
    Files\\src\\stm32f4xx_wwdg.c             0x00000000   Number         0  stm32f4xx_wwdg.o ABSOLUTE
    Files\sd\stm324xg_eval.c                 0x00000000   Number         0  stm324xg_eval.o ABSOLUTE
    Files\sd\stm324xg_eval_sdio_sd.c         0x00000000   Number         0  stm324xg_eval_sdio_sd.o ABSOLUTE
    Files\src\ADS1299.c                      0x00000000   Number         0  ads1299.o ABSOLUTE
    Files\src\Delay.c                        0x00000000   Number         0  delay.o ABSOLUTE
    Files\src\GSM.c                          0x00000000   Number         0  gsm.o ABSOLUTE
    Files\src\IRQ.c                          0x00000000   Number         0  irq.o ABSOLUTE
    Files\src\Peripheral_Init.c              0x00000000   Number         0  peripheral_init.o ABSOLUTE
    Files\src\RTC.c                          0x00000000   Number         0  rtc.o ABSOLUTE
    Files\src\coeffs_IIR.c                   0x00000000   Number         0  coeffs_iir.o ABSOLUTE
    Files\src\main.c                         0x00000000   Number         0  main.o ABSOLUTE
    Files\src\misc.c                         0x00000000   Number         0  misc.o ABSOLUTE
    Files\src\spi.c                          0x00000000   Number         0  spi.o ABSOLUTE
    Files\src\stm32f4xx_adc.c                0x00000000   Number         0  stm32f4xx_adc.o ABSOLUTE
    Files\src\stm32f4xx_can.c                0x00000000   Number         0  stm32f4xx_can.o ABSOLUTE
    Files\src\stm32f4xx_crc.c                0x00000000   Number         0  stm32f4xx_crc.o ABSOLUTE
    Files\src\stm32f4xx_cryp.c               0x00000000   Number         0  stm32f4xx_cryp.o ABSOLUTE
    Files\src\stm32f4xx_cryp_aes.c           0x00000000   Number         0  stm32f4xx_cryp_aes.o ABSOLUTE
    Files\src\stm32f4xx_cryp_des.c           0x00000000   Number         0  stm32f4xx_cryp_des.o ABSOLUTE
    Files\src\stm32f4xx_cryp_tdes.c          0x00000000   Number         0  stm32f4xx_cryp_tdes.o ABSOLUTE
    Files\src\stm32f4xx_dac.c                0x00000000   Number         0  stm32f4xx_dac.o ABSOLUTE
    Files\src\stm32f4xx_dbgmcu.c             0x00000000   Number         0  stm32f4xx_dbgmcu.o ABSOLUTE
    Files\src\stm32f4xx_dcmi.c               0x00000000   Number         0  stm32f4xx_dcmi.o ABSOLUTE
    Files\src\stm32f4xx_dma.c                0x00000000   Number         0  stm32f4xx_dma.o ABSOLUTE
    Files\src\stm32f4xx_exti.c               0x00000000   Number         0  stm32f4xx_exti.o ABSOLUTE
    Files\src\stm32f4xx_flash.c              0x00000000   Number         0  stm32f4xx_flash.o ABSOLUTE
    Files\src\stm32f4xx_gpio.c               0x00000000   Number         0  stm32f4xx_gpio.o ABSOLUTE
    Files\src\stm32f4xx_hash.c               0x00000000   Number         0  stm32f4xx_hash.o ABSOLUTE
    Files\src\stm32f4xx_hash_md5.c           0x00000000   Number         0  stm32f4xx_hash_md5.o ABSOLUTE
    Files\src\stm32f4xx_hash_sha1.c          0x00000000   Number         0  stm32f4xx_hash_sha1.o ABSOLUTE
    Files\src\stm32f4xx_i2c.c                0x00000000   Number         0  stm32f4xx_i2c.o ABSOLUTE
    Files\src\stm32f4xx_it.c                 0x00000000   Number         0  stm32f4xx_it.o ABSOLUTE
    Files\src\stm32f4xx_iwdg.c               0x00000000   Number         0  stm32f4xx_iwdg.o ABSOLUTE
    Files\src\stm32f4xx_pwr.c                0x00000000   Number         0  stm32f4xx_pwr.o ABSOLUTE
    Files\src\stm32f4xx_rcc.c                0x00000000   Number         0  stm32f4xx_rcc.o ABSOLUTE
    Files\src\stm32f4xx_rng.c                0x00000000   Number         0  stm32f4xx_rng.o ABSOLUTE
    Files\src\stm32f4xx_rtc.c                0x00000000   Number         0  stm32f4xx_rtc.o ABSOLUTE
    Files\src\stm32f4xx_sdio.c               0x00000000   Number         0  stm32f4xx_sdio.o ABSOLUTE
    Files\src\stm32f4xx_spi.c                0x00000000   Number         0  stm32f4xx_spi.o ABSOLUTE
    Files\src\stm32f4xx_syscfg.c             0x00000000   Number         0  stm32f4xx_syscfg.o ABSOLUTE
    Files\src\stm32f4xx_tim.c                0x00000000   Number         0  stm32f4xx_tim.o ABSOLUTE
    Files\src\stm32f4xx_usart.c              0x00000000   Number         0  stm32f4xx_usart.o ABSOLUTE
    Files\src\stm32f4xx_wwdg.c               0x00000000   Number         0  stm32f4xx_wwdg.o ABSOLUTE
    RTE\Device\STM32F401RETx\startup_stm32f401xe.s 0x00000000   Number         0  startup_stm32f401xe.o ABSOLUTE
    RTE\Device\STM32F401RETx\system_stm32f4xx.c 0x00000000   Number         0  system_stm32f4xx.o ABSOLUTE
    RTE\\Device\\STM32F401RETx\\system_stm32f4xx.c 0x00000000   Number         0  system_stm32f4xx.o ABSOLUTE
    cdrcmple.s                               0x00000000   Number         0  cdrcmple.o ABSOLUTE
    dc.s                                     0x00000000   Number         0  dc.o ABSOLUTE
    handlers.s                               0x00000000   Number         0  handlers.o ABSOLUTE
    init.s                                   0x00000000   Number         0  init.o ABSOLUTE
    RESET                                    0x08000000   Section      404  startup_stm32f401xe.o(RESET)
    .ARM.Collect$$$$00000000                 0x08000194   Section        0  entry.o(.ARM.Collect$$$$00000000)
    .ARM.Collect$$$$00000001                 0x08000194   Section        4  entry2.o(.ARM.Collect$$$$00000001)
    .ARM.Collect$$$$00000004                 0x08000198   Section        4  entry5.o(.ARM.Collect$$$$00000004)
    .ARM.Collect$$$$00000008                 0x0800019c   Section        0  entry7b.o(.ARM.Collect$$$$00000008)
    .ARM.Collect$$$$0000000A                 0x0800019c   Section        0  entry8b.o(.ARM.Collect$$$$0000000A)
    .ARM.Collect$$$$0000000B                 0x0800019c   Section        8  entry9a.o(.ARM.Collect$$$$0000000B)
    .ARM.Collect$$$$0000000D                 0x080001a4   Section        0  entry10a.o(.ARM.Collect$$$$0000000D)
    .ARM.Collect$$$$0000000F                 0x080001a4   Section        0  entry11a.o(.ARM.Collect$$$$0000000F)
    .ARM.Collect$$$$00002712                 0x080001a4   Section        4  entry2.o(.ARM.Collect$$$$00002712)
    __lit__00000000                          0x080001a4   Data           4  entry2.o(.ARM.Collect$$$$00002712)
    .text                                    0x080001a8   Section       36  startup_stm32f401xe.o(.text)
    $v0                                      0x080001a8   Number         0  startup_stm32f401xe.o(.text)
    .text                                    0x080001cc   Section        0  memseta.o(.text)
    .text                                    0x080001f0   Section        0  strstr.o(.text)
    .text                                    0x08000214   Section        0  strncpy.o(.text)
    .text                                    0x0800022c   Section        0  strlen.o(.text)
    .text                                    0x0800023a   Section        0  strcpy.o(.text)
    .text                                    0x0800024c   Section        0  strtok.o(.text)
    .text                                    0x08000290   Section        0  atoi.o(.text)
    .text                                    0x080002aa   Section        0  dmul.o(.text)
    .text                                    0x0800038e   Section        0  f2d.o(.text)
    .text                                    0x080003b4   Section        0  d2f.o(.text)
    .text                                    0x080003ec   Section        0  uidiv.o(.text)
    .text                                    0x08000418   Section        0  strtol.o(.text)
    .text                                    0x08000488   Section        0  fepilogue.o(.text)
    .text                                    0x08000488   Section        0  iusefp.o(.text)
    .text                                    0x080004f6   Section        0  depilogue.o(.text)
    .text                                    0x080005b0   Section       36  init.o(.text)
    .text                                    0x080005d4   Section        0  llshl.o(.text)
    .text                                    0x080005f2   Section        0  llushr.o(.text)
    .text                                    0x08000614   Section        0  ctype_o.o(.text)
    .text                                    0x0800061c   Section        0  _strtoul.o(.text)
    .text                                    0x080006ba   Section        0  _chval.o(.text)
    .text                                    0x080006d6   Section        0  __dclz77c.o(.text)
    i.ADS1299_Config                         0x08000734   Section        0  main.o(i.ADS1299_Config)
    i.BusFault_Handler                       0x080007a8   Section        0  stm32f4xx_it.o(i.BusFault_Handler)
    i.CmdResp1Error                          0x080007ac   Section        0  stm324xg_eval_sdio_sd.o(i.CmdResp1Error)
    CmdResp1Error                            0x080007ad   Thumb Code   224  stm324xg_eval_sdio_sd.o(i.CmdResp1Error)
    i.CmdResp2Error                          0x08000894   Section        0  stm324xg_eval_sdio_sd.o(i.CmdResp2Error)
    CmdResp2Error                            0x08000895   Thumb Code    46  stm324xg_eval_sdio_sd.o(i.CmdResp2Error)
    i.CmdResp6Error                          0x080008c8   Section        0  stm324xg_eval_sdio_sd.o(i.CmdResp6Error)
    CmdResp6Error                            0x080008c9   Thumb Code   106  stm324xg_eval_sdio_sd.o(i.CmdResp6Error)
    i.DMA2_Stream3_IRQHandler                0x08000938   Section        0  stm32f4xx_it.o(i.DMA2_Stream3_IRQHandler)
    i.DMA_ClearFlag                          0x0800093c   Section        0  stm32f4xx_dma.o(i.DMA_ClearFlag)
    i.DebugMon_Handler                       0x08000968   Section        0  stm32f4xx_it.o(i.DebugMon_Handler)
    i.Debug_COM_Init                         0x0800096c   Section        0  main.o(i.Debug_COM_Init)
    i.Debug_SendData_s                       0x08000a18   Section        0  main.o(i.Debug_SendData_s)
    i.EXTI0_IRQHandler                       0x08000a4c   Section        0  irq.o(i.EXTI0_IRQHandler)
    i.EXTI2_IRQHandler                       0x08000ab0   Section        0  main.o(i.EXTI2_IRQHandler)
    i.EXTI9_5_IRQHandler                     0x08000afc   Section        0  irq.o(i.EXTI9_5_IRQHandler)
    i.EXTI_ClearITPendingBit                 0x08000bec   Section        0  stm32f4xx_exti.o(i.EXTI_ClearITPendingBit)
    i.EXTI_GetITStatus                       0x08000bf8   Section        0  stm32f4xx_exti.o(i.EXTI_GetITStatus)
    i.FindSCR                                0x08000c0c   Section        0  stm324xg_eval_sdio_sd.o(i.FindSCR)
    FindSCR                                  0x08000c0d   Thumb Code   296  stm324xg_eval_sdio_sd.o(i.FindSCR)
    i.GPIO_Init                              0x08000d40   Section        0  stm32f4xx_gpio.o(i.GPIO_Init)
    i.GPIO_PinAFConfig                       0x08000de2   Section        0  stm32f4xx_gpio.o(i.GPIO_PinAFConfig)
    i.GPIO_ReadInputDataBit                  0x08000e02   Section        0  stm32f4xx_gpio.o(i.GPIO_ReadInputDataBit)
    i.GPIO_ResetBits                         0x08000e10   Section        0  stm32f4xx_gpio.o(i.GPIO_ResetBits)
    i.GPIO_SetBits                           0x08000e14   Section        0  stm32f4xx_gpio.o(i.GPIO_SetBits)
    i.GPIO_StructInit                        0x08000e18   Section        0  stm32f4xx_gpio.o(i.GPIO_StructInit)
    i.GPIO_ToggleBits                        0x08000e2a   Section        0  stm32f4xx_gpio.o(i.GPIO_ToggleBits)
    i.GSM_COM_Init                           0x08000e34   Section        0  gsm.o(i.GSM_COM_Init)
    i.GSM_Event                              0x08000efc   Section        0  gsm.o(i.GSM_Event)
    i.GSM_SendData_s                         0x0800105c   Section        0  gsm.o(i.GSM_SendData_s)
    i.HardFault_Handler                      0x08001090   Section        0  stm32f4xx_it.o(i.HardFault_Handler)
    i.MemManage_Handler                      0x08001092   Section        0  stm32f4xx_it.o(i.MemManage_Handler)
    i.NMI_Handler                            0x08001094   Section        0  stm32f4xx_it.o(i.NMI_Handler)
    i.NVIC_ClearPendingIRQ                   0x08001096   Section        0  irq.o(i.NVIC_ClearPendingIRQ)
    NVIC_ClearPendingIRQ                     0x08001097   Thumb Code    22  irq.o(i.NVIC_ClearPendingIRQ)
    i.NVIC_Init                              0x080010ac   Section        0  misc.o(i.NVIC_Init)
    i.NVIC_PriorityGroupConfig               0x08001110   Section        0  misc.o(i.NVIC_PriorityGroupConfig)
    i.PWR_BackupAccessCmd                    0x08001124   Section        0  stm32f4xx_pwr.o(i.PWR_BackupAccessCmd)
    i.PendSV_Handler                         0x08001130   Section        0  stm32f4xx_it.o(i.PendSV_Handler)
    i.RCC_AHB1PeriphClockCmd                 0x08001134   Section        0  stm32f4xx_rcc.o(i.RCC_AHB1PeriphClockCmd)
    i.RCC_APB1PeriphClockCmd                 0x0800114c   Section        0  stm32f4xx_rcc.o(i.RCC_APB1PeriphClockCmd)
    i.RCC_APB1PeriphResetCmd                 0x08001164   Section        0  stm32f4xx_rcc.o(i.RCC_APB1PeriphResetCmd)
    i.RCC_APB2PeriphClockCmd                 0x0800117c   Section        0  stm32f4xx_rcc.o(i.RCC_APB2PeriphClockCmd)
    i.RCC_APB2PeriphResetCmd                 0x08001194   Section        0  stm32f4xx_rcc.o(i.RCC_APB2PeriphResetCmd)
    i.RCC_GetClocksFreq                      0x080011ac   Section        0  stm32f4xx_rcc.o(i.RCC_GetClocksFreq)
    i.RCC_GetFlagStatus                      0x0800122c   Section        0  stm32f4xx_rcc.o(i.RCC_GetFlagStatus)
    i.RCC_LSICmd                             0x08001260   Section        0  stm32f4xx_rcc.o(i.RCC_LSICmd)
    i.RCC_RTCCLKCmd                          0x0800126c   Section        0  stm32f4xx_rcc.o(i.RCC_RTCCLKCmd)
    i.RCC_RTCCLKConfig                       0x08001278   Section        0  stm32f4xx_rcc.o(i.RCC_RTCCLKConfig)
    i.RTC_Bcd2ToByte                         0x080012a8   Section        0  stm32f4xx_rtc.o(i.RTC_Bcd2ToByte)
    RTC_Bcd2ToByte                           0x080012a9   Thumb Code    18  stm32f4xx_rtc.o(i.RTC_Bcd2ToByte)
    i.RTC_ByteToBcd2                         0x080012ba   Section        0  stm32f4xx_rtc.o(i.RTC_ByteToBcd2)
    RTC_ByteToBcd2                           0x080012bb   Thumb Code    24  stm32f4xx_rtc.o(i.RTC_ByteToBcd2)
    i.RTC_Config                             0x080012d4   Section        0  rtc.o(i.RTC_Config)
    i.RTC_EnterInitMode                      0x08001360   Section        0  stm32f4xx_rtc.o(i.RTC_EnterInitMode)
    i.RTC_ExitInitMode                       0x0800139c   Section        0  stm32f4xx_rtc.o(i.RTC_ExitInitMode)
    i.RTC_GetDate                            0x080013ac   Section        0  stm32f4xx_rtc.o(i.RTC_GetDate)
    i.RTC_GetTime                            0x080013f4   Section        0  stm32f4xx_rtc.o(i.RTC_GetTime)
    i.RTC_SetDate                            0x08001440   Section        0  stm32f4xx_rtc.o(i.RTC_SetDate)
    i.RTC_SetTime                            0x080014dc   Section        0  stm32f4xx_rtc.o(i.RTC_SetTime)
    i.RTC_WaitForSynchro                     0x0800157c   Section        0  stm32f4xx_rtc.o(i.RTC_WaitForSynchro)
    i.RTC_WriteBackupRegister                0x080015c8   Section        0  stm32f4xx_rtc.o(i.RTC_WriteBackupRegister)
    i.SDEnWideBus                            0x080015dc   Section        0  stm324xg_eval_sdio_sd.o(i.SDEnWideBus)
    SDEnWideBus                              0x080015dd   Thumb Code   182  stm324xg_eval_sdio_sd.o(i.SDEnWideBus)
    i.SDIO_ClearFlag                         0x0800169c   Section        0  stm32f4xx_sdio.o(i.SDIO_ClearFlag)
    i.SDIO_ClearITPendingBit                 0x080016a8   Section        0  stm32f4xx_sdio.o(i.SDIO_ClearITPendingBit)
    i.SDIO_ClockCmd                          0x080016b4   Section        0  stm32f4xx_sdio.o(i.SDIO_ClockCmd)
    i.SDIO_DataConfig                        0x080016c0   Section        0  stm32f4xx_sdio.o(i.SDIO_DataConfig)
    i.SDIO_DeInit                            0x080016f0   Section        0  stm32f4xx_sdio.o(i.SDIO_DeInit)
    i.SDIO_GetCommandResponse                0x08001708   Section        0  stm32f4xx_sdio.o(i.SDIO_GetCommandResponse)
    i.SDIO_GetFlagStatus                     0x08001714   Section        0  stm32f4xx_sdio.o(i.SDIO_GetFlagStatus)
    i.SDIO_GetITStatus                       0x08001728   Section        0  stm32f4xx_sdio.o(i.SDIO_GetITStatus)
    i.SDIO_GetPowerState                     0x0800173c   Section        0  stm32f4xx_sdio.o(i.SDIO_GetPowerState)
    i.SDIO_GetResponse                       0x0800174c   Section        0  stm32f4xx_sdio.o(i.SDIO_GetResponse)
    i.SDIO_IRQHandler                        0x0800175c   Section        0  stm32f4xx_it.o(i.SDIO_IRQHandler)
    i.SDIO_ITConfig                          0x08001760   Section        0  stm32f4xx_sdio.o(i.SDIO_ITConfig)
    i.SDIO_Init                              0x08001778   Section        0  stm32f4xx_sdio.o(i.SDIO_Init)
    i.SDIO_ReadData                          0x080017a4   Section        0  stm32f4xx_sdio.o(i.SDIO_ReadData)
    i.SDIO_SendCommand                       0x080017b0   Section        0  stm32f4xx_sdio.o(i.SDIO_SendCommand)
    i.SDIO_SetPowerState                     0x080017d8   Section        0  stm32f4xx_sdio.o(i.SDIO_SetPowerState)
    i.SD_Detect                              0x080017e4   Section        0  stm324xg_eval_sdio_sd.o(i.SD_Detect)
    i.SD_EnableWideBusOperation              0x08001808   Section        0  stm324xg_eval_sdio_sd.o(i.SD_EnableWideBusOperation)
    i.SD_GetCardInfo                         0x0800187c   Section        0  stm324xg_eval_sdio_sd.o(i.SD_GetCardInfo)
    i.SD_GetState                            0x08001aec   Section        0  stm324xg_eval_sdio_sd.o(i.SD_GetState)
    i.SD_GetStatus                           0x08001b0e   Section        0  stm324xg_eval_sdio_sd.o(i.SD_GetStatus)
    i.SD_Init                                0x08001b28   Section        0  stm324xg_eval_sdio_sd.o(i.SD_Init)
    i.SD_InitializeCards                     0x08001ba8   Section        0  stm324xg_eval_sdio_sd.o(i.SD_InitializeCards)
    i.SD_LowLevel_Init                       0x08001ca4   Section        0  stm324xg_eval.o(i.SD_LowLevel_Init)
    i.SD_PowerON                             0x08001d64   Section        0  stm324xg_eval_sdio_sd.o(i.SD_PowerON)
    i.SD_ProcessDMAIRQ                       0x08001f48   Section        0  stm324xg_eval_sdio_sd.o(i.SD_ProcessDMAIRQ)
    i.SD_ProcessIRQSrc                       0x08001f70   Section        0  stm324xg_eval_sdio_sd.o(i.SD_ProcessIRQSrc)
    i.SD_SelectDeselect                      0x08002000   Section        0  stm324xg_eval_sdio_sd.o(i.SD_SelectDeselect)
    i.SD_SendStatus                          0x0800202c   Section        0  stm324xg_eval_sdio_sd.o(i.SD_SendStatus)
    i.SD_StopTransfer                        0x08002074   Section        0  stm324xg_eval_sdio_sd.o(i.SD_StopTransfer)
    i.SD_WaitWriteOperation                  0x0800209c   Section        0  stm324xg_eval_sdio_sd.o(i.SD_WaitWriteOperation)
    i.SPI_Cmd                                0x08002104   Section        0  stm32f4xx_spi.o(i.SPI_Cmd)
    i.SPI_I2S_DeInit                         0x08002118   Section        0  stm32f4xx_spi.o(i.SPI_I2S_DeInit)
    i.SPI_Init                               0x0800219c   Section        0  stm32f4xx_spi.o(i.SPI_Init)
    i.SPI_NO_DELAY_TX                        0x080021d4   Section        0  ads1299.o(i.SPI_NO_DELAY_TX)
    i.SPI_TEST_INIT                          0x080021f8   Section        0  main.o(i.SPI_TEST_INIT)
    i.SPI_TX                                 0x080022c8   Section        0  ads1299.o(i.SPI_TX)
    i.SVC_Handler                            0x080022f4   Section        0  stm32f4xx_it.o(i.SVC_Handler)
    i.SetSysClock                            0x080022f8   Section        0  system_stm32f4xx.o(i.SetSysClock)
    SetSysClock                              0x080022f9   Thumb Code   158  system_stm32f4xx.o(i.SetSysClock)
    i.SysTick_Handler                        0x080023a8   Section        0  stm32f4xx_it.o(i.SysTick_Handler)
    i.SystemInit                             0x080023ac   Section        0  system_stm32f4xx.o(i.SystemInit)
    i.TIM3_IRQHandler                        0x08002408   Section        0  main.o(i.TIM3_IRQHandler)
    i.TIM5_IRQHandler                        0x08002458   Section        0  spi.o(i.TIM5_IRQHandler)
    i.TIM_ClearFlag                          0x08002480   Section        0  stm32f4xx_tim.o(i.TIM_ClearFlag)
    i.TIM_ClearITPendingBit                  0x08002486   Section        0  stm32f4xx_tim.o(i.TIM_ClearITPendingBit)
    i.TIM_Cmd                                0x0800248c   Section        0  stm32f4xx_tim.o(i.TIM_Cmd)
    i.TIM_GetITStatus                        0x080024a0   Section        0  stm32f4xx_tim.o(i.TIM_GetITStatus)
    i.TIM_ITConfig                           0x080024b8   Section        0  stm32f4xx_tim.o(i.TIM_ITConfig)
    i.TIM_TimeBaseInit                       0x080024c8   Section        0  stm32f4xx_tim.o(i.TIM_TimeBaseInit)
    i.Timer_Start                            0x08002544   Section        0  main.o(i.Timer_Start)
    i.USART1_IRQHandler                      0x080025c4   Section        0  main.o(i.USART1_IRQHandler)
    i.USART2_IRQHandler                      0x0800272c   Section        0  gsm.o(i.USART2_IRQHandler)
    i.USART_Cmd                              0x08002ab8   Section        0  stm32f4xx_usart.o(i.USART_Cmd)
    i.USART_GetFlagStatus                    0x08002acc   Section        0  stm32f4xx_usart.o(i.USART_GetFlagStatus)
    i.USART_GetITStatus                      0x08002ada   Section        0  stm32f4xx_usart.o(i.USART_GetITStatus)
    i.USART_ITConfig                         0x08002b18   Section        0  stm32f4xx_usart.o(i.USART_ITConfig)
    i.USART_Init                             0x08002b48   Section        0  stm32f4xx_usart.o(i.USART_Init)
    i.USART_ReceiveData                      0x08002bf4   Section        0  stm32f4xx_usart.o(i.USART_ReceiveData)
    i.USART_SendData                         0x08002bfc   Section        0  stm32f4xx_usart.o(i.USART_SendData)
    i.UsageFault_Handler                     0x08002c04   Section        0  stm32f4xx_it.o(i.UsageFault_Handler)
    i.__0sprintf$3                           0x08002c08   Section        0  printf3.o(i.__0sprintf$3)
    i.__DELAY                                0x08002c30   Section        0  delay.o(i.__DELAY)
    i.__aeabi_errno_addr                     0x08002c3c   Section        0  errno.o(i.__aeabi_errno_addr)
    i.__scatterload_copy                     0x08002c44   Section       14  handlers.o(i.__scatterload_copy)
    i.__scatterload_null                     0x08002c52   Section        2  handlers.o(i.__scatterload_null)
    i.__scatterload_zeroinit                 0x08002c54   Section       14  handlers.o(i.__scatterload_zeroinit)
    i._printf_core                           0x08002c64   Section        0  printf3.o(i._printf_core)
    _printf_core                             0x08002c65   Thumb Code   436  printf3.o(i._printf_core)
    i._sputc                                 0x08002e1c   Section        0  printf3.o(i._sputc)
    _sputc                                   0x08002e1d   Thumb Code    10  printf3.o(i._sputc)
    i.ads1299_init                           0x08002e28   Section        0  ads1299.o(i.ads1299_init)
    i.ads1299_pwr_up_seq                     0x08002edc   Section        0  ads1299.o(i.ads1299_pwr_up_seq)
    i.ads1299_read_data                      0x08002f14   Section        0  ads1299.o(i.ads1299_read_data)
    i.ads1299_read_reg                       0x08002fb4   Section        0  ads1299.o(i.ads1299_read_reg)
    i.ads1299_stop_dataread                  0x08002ff0   Section        0  ads1299.o(i.ads1299_stop_dataread)
    i.ads1299_write_reg                      0x0800301c   Section        0  ads1299.o(i.ads1299_write_reg)
    i.arm_biquad_cascade_df2T_init_f32       0x0800305c   Section        0  arm_biquad_cascade_df2t_init_f32.o(i.arm_biquad_cascade_df2T_init_f32)
    i.delay                                  0x08003072   Section        0  main.o(i.delay)
    i.initLeds                               0x08003080   Section        0  main.o(i.initLeds)
    i.init_EXTI                              0x080030a8   Section        0  peripheral_init.o(i.init_EXTI)
    i.init_SPI2                              0x08003114   Section        0  peripheral_init.o(i.init_SPI2)
    i.main                                   0x08003130   Section        0  main.o(i.main)
    i.start_conversion                       0x08003294   Section        0  ads1299.o(i.start_conversion)
    i.stop_conversion                        0x080032a4   Section        0  ads1299.o(i.stop_conversion)
    .constdata                               0x080032b4   Section      129  ctype_o.o(.constdata)
    .constdata                               0x08003338   Section        4  ctype_o.o(.constdata)
    table                                    0x08003338   Data           4  ctype_o.o(.constdata)
    .data                                    0x20000000   Section       20  main.o(.data)
    .data                                    0x20000014   Section        3  spi.o(.data)
    .data                                    0x20000017   Section       16  stm32f4xx_rcc.o(.data)
    APBAHBPrescTable                         0x20000017   Data          16  stm32f4xx_rcc.o(.data)
    .data                                    0x20000028   Section       24  stm324xg_eval_sdio_sd.o(.data)
    CardType                                 0x2000002c   Data           4  stm324xg_eval_sdio_sd.o(.data)
    RCA                                      0x20000030   Data           4  stm324xg_eval_sdio_sd.o(.data)
    .data                                    0x20000040   Section       16  gsm.o(.data)
    .data                                    0x20000050   Section        3  ads1299.o(.data)
    .data                                    0x20000054   Section      420  coeffs_iir.o(.data)
    .data                                    0x200001f8   Section      780  coeffs_iir.o(.data)
    .data                                    0x20000504   Section       16  irq.o(.data)
    sample_count                             0x20000510   Data           4  irq.o(.data)
    .data                                    0x20000514   Section       16  rtc.o(.data)
    .data                                    0x20000524   Section        4  strtok.o(.data)
    state                                    0x20000524   Data           4  strtok.o(.data)
    .data                                    0x20000528   Section        4  errno.o(.data)
    _errno                                   0x20000528   Data           4  errno.o(.data)
    .bss                                     0x2000052c   Section     5048  main.o(.bss)
    .bss                                     0x200018e8   Section      204  stm324xg_eval_sdio_sd.o(.bss)
    CSD_Tab                                  0x200018e8   Data          16  stm324xg_eval_sdio_sd.o(.bss)
    CID_Tab                                  0x200018f8   Data          16  stm324xg_eval_sdio_sd.o(.bss)
    SDSTATUS_Tab                             0x20001908   Data          16  stm324xg_eval_sdio_sd.o(.bss)
    .bss                                     0x200019b4   Section     1042  gsm.o(.bss)
    .bss                                     0x20001dc8   Section    12800  irq.o(.bss)
    .bss                                     0x20004fc8   Section       12  rtc.o(.bss)
    STACK                                    0x20004fd8   Section     1024  startup_stm32f401xe.o(STACK)

    Global Symbols

    Symbol Name                              Value     Ov Type        Size  Object(Section)

    BuildAttributes$$THM_ISAv4$E$P$D$K$B$S$7EM$VFPi3$EXTD16$VFPS$VFMA$PE$A:L22UL41UL21$X:L11$S22US41US21$IEEE1$IW$USESV6$~STKCKD$USESV7$~SHL$OTIME$ROPI$EBA8$MICROLIB$REQ8$PRES8$EABIv2 0x00000000   Number         0  anon$$obj.o ABSOLUTE
    __ARM_use_no_argv                        0x00000000   Number         0  main.o ABSOLUTE
    _printf_a                                0x00000000   Number         0  stubs.o ABSOLUTE
    _printf_c                                0x00000000   Number         0  stubs.o ABSOLUTE
    _printf_charcount                        0x00000000   Number         0  stubs.o ABSOLUTE
    _printf_d                                0x00000000   Number         0  stubs.o ABSOLUTE
    _printf_e                                0x00000000   Number         0  stubs.o ABSOLUTE
    _printf_f                                0x00000000   Number         0  stubs.o ABSOLUTE
    _printf_flags                            0x00000000   Number         0  stubs.o ABSOLUTE
    _printf_fp_dec                           0x00000000   Number         0  stubs.o ABSOLUTE
    _printf_fp_hex                           0x00000000   Number         0  stubs.o ABSOLUTE
    _printf_g                                0x00000000   Number         0  stubs.o ABSOLUTE
    _printf_i                                0x00000000   Number         0  stubs.o ABSOLUTE
    _printf_int_dec                          0x00000000   Number         0  stubs.o ABSOLUTE
    _printf_l                                0x00000000   Number         0  stubs.o ABSOLUTE
    _printf_lc                               0x00000000   Number         0  stubs.o ABSOLUTE
    _printf_ll                               0x00000000   Number         0  stubs.o ABSOLUTE
    _printf_lld                              0x00000000   Number         0  stubs.o ABSOLUTE
    _printf_lli                              0x00000000   Number         0  stubs.o ABSOLUTE
    _printf_llo                              0x00000000   Number         0  stubs.o ABSOLUTE
    _printf_llu                              0x00000000   Number         0  stubs.o ABSOLUTE
    _printf_llx                              0x00000000   Number         0  stubs.o ABSOLUTE
    _printf_longlong_dec                     0x00000000   Number         0  stubs.o ABSOLUTE
    _printf_longlong_hex                     0x00000000   Number         0  stubs.o ABSOLUTE
    _printf_longlong_oct                     0x00000000   Number         0  stubs.o ABSOLUTE
    _printf_ls                               0x00000000   Number         0  stubs.o ABSOLUTE
    _printf_mbtowc                           0x00000000   Number         0  stubs.o ABSOLUTE
    _printf_n                                0x00000000   Number         0  stubs.o ABSOLUTE
    _printf_o                                0x00000000   Number         0  stubs.o ABSOLUTE
    _printf_p                                0x00000000   Number         0  stubs.o ABSOLUTE
    _printf_percent                          0x00000000   Number         0  stubs.o ABSOLUTE
    _printf_pre_padding                      0x00000000   Number         0  stubs.o ABSOLUTE
    _printf_return_value                     0x00000000   Number         0  stubs.o ABSOLUTE
    _printf_s                                0x00000000   Number         0  stubs.o ABSOLUTE
    _printf_sizespec                         0x00000000   Number         0  stubs.o ABSOLUTE
    _printf_str                              0x00000000   Number         0  stubs.o ABSOLUTE
    _printf_truncate_signed                  0x00000000   Number         0  stubs.o ABSOLUTE
    _printf_truncate_unsigned                0x00000000   Number         0  stubs.o ABSOLUTE
    _printf_u                                0x00000000   Number         0  stubs.o ABSOLUTE
    _printf_wc                               0x00000000   Number         0  stubs.o ABSOLUTE
    _printf_wctomb                           0x00000000   Number         0  stubs.o ABSOLUTE
    _printf_widthprec                        0x00000000   Number         0  stubs.o ABSOLUTE
    _printf_x                                0x00000000   Number         0  stubs.o ABSOLUTE
    __cpp_initialize__aeabi_                  - Undefined Weak Reference
    __cxa_finalize                            - Undefined Weak Reference
    _clock_init                               - Undefined Weak Reference
    _microlib_exit                            - Undefined Weak Reference
    __Vectors_Size                           0x00000194   Number         0  startup_stm32f401xe.o ABSOLUTE
    __Vectors                                0x08000000   Data           4  startup_stm32f401xe.o(RESET)
    __Vectors_End                            0x08000194   Data           0  startup_stm32f401xe.o(RESET)
    __main                                   0x08000195   Thumb Code     0  entry.o(.ARM.Collect$$$$00000000)
    _main_stk                                0x08000195   Thumb Code     0  entry2.o(.ARM.Collect$$$$00000001)
    _main_scatterload                        0x08000199   Thumb Code     0  entry5.o(.ARM.Collect$$$$00000004)
    __main_after_scatterload                 0x0800019d   Thumb Code     0  entry5.o(.ARM.Collect$$$$00000004)
    _main_clock                              0x0800019d   Thumb Code     0  entry7b.o(.ARM.Collect$$$$00000008)
    _main_cpp_init                           0x0800019d   Thumb Code     0  entry8b.o(.ARM.Collect$$$$0000000A)
    _main_init                               0x0800019d   Thumb Code     0  entry9a.o(.ARM.Collect$$$$0000000B)
    __rt_final_cpp                           0x080001a5   Thumb Code     0  entry10a.o(.ARM.Collect$$$$0000000D)
    __rt_final_exit                          0x080001a5   Thumb Code     0  entry11a.o(.ARM.Collect$$$$0000000F)
    Reset_Handler                            0x080001a9   Thumb Code     8  startup_stm32f401xe.o(.text)
    ADC_IRQHandler                           0x080001c3   Thumb Code     0  startup_stm32f401xe.o(.text)
    DMA1_Stream0_IRQHandler                  0x080001c3   Thumb Code     0  startup_stm32f401xe.o(.text)
    DMA1_Stream1_IRQHandler                  0x080001c3   Thumb Code     0  startup_stm32f401xe.o(.text)
    DMA1_Stream2_IRQHandler                  0x080001c3   Thumb Code     0  startup_stm32f401xe.o(.text)
    DMA1_Stream3_IRQHandler                  0x080001c3   Thumb Code     0  startup_stm32f401xe.o(.text)
    DMA1_Stream4_IRQHandler                  0x080001c3   Thumb Code     0  startup_stm32f401xe.o(.text)
    DMA1_Stream5_IRQHandler                  0x080001c3   Thumb Code     0  startup_stm32f401xe.o(.text)
    DMA1_Stream6_IRQHandler                  0x080001c3   Thumb Code     0  startup_stm32f401xe.o(.text)
    DMA1_Stream7_IRQHandler                  0x080001c3   Thumb Code     0  startup_stm32f401xe.o(.text)
    DMA2_Stream0_IRQHandler                  0x080001c3   Thumb Code     0  startup_stm32f401xe.o(.text)
    DMA2_Stream1_IRQHandler                  0x080001c3   Thumb Code     0  startup_stm32f401xe.o(.text)
    DMA2_Stream2_IRQHandler                  0x080001c3   Thumb Code     0  startup_stm32f401xe.o(.text)
    DMA2_Stream4_IRQHandler                  0x080001c3   Thumb Code     0  startup_stm32f401xe.o(.text)
    DMA2_Stream5_IRQHandler                  0x080001c3   Thumb Code     0  startup_stm32f401xe.o(.text)
    DMA2_Stream6_IRQHandler                  0x080001c3   Thumb Code     0  startup_stm32f401xe.o(.text)
    DMA2_Stream7_IRQHandler                  0x080001c3   Thumb Code     0  startup_stm32f401xe.o(.text)
    EXTI15_10_IRQHandler                     0x080001c3   Thumb Code     0  startup_stm32f401xe.o(.text)
    EXTI1_IRQHandler                         0x080001c3   Thumb Code     0  startup_stm32f401xe.o(.text)
    EXTI3_IRQHandler                         0x080001c3   Thumb Code     0  startup_stm32f401xe.o(.text)
    EXTI4_IRQHandler                         0x080001c3   Thumb Code     0  startup_stm32f401xe.o(.text)
    FLASH_IRQHandler                         0x080001c3   Thumb Code     0  startup_stm32f401xe.o(.text)
    FPU_IRQHandler                           0x080001c3   Thumb Code     0  startup_stm32f401xe.o(.text)
    I2C1_ER_IRQHandler                       0x080001c3   Thumb Code     0  startup_stm32f401xe.o(.text)
    I2C1_EV_IRQHandler                       0x080001c3   Thumb Code     0  startup_stm32f401xe.o(.text)
    I2C2_ER_IRQHandler                       0x080001c3   Thumb Code     0  startup_stm32f401xe.o(.text)
    I2C2_EV_IRQHandler                       0x080001c3   Thumb Code     0  startup_stm32f401xe.o(.text)
    I2C3_ER_IRQHandler                       0x080001c3   Thumb Code     0  startup_stm32f401xe.o(.text)
    I2C3_EV_IRQHandler                       0x080001c3   Thumb Code     0  startup_stm32f401xe.o(.text)
    OTG_FS_IRQHandler                        0x080001c3   Thumb Code     0  startup_stm32f401xe.o(.text)
    OTG_FS_WKUP_IRQHandler                   0x080001c3   Thumb Code     0  startup_stm32f401xe.o(.text)
    PVD_IRQHandler                           0x080001c3   Thumb Code     0  startup_stm32f401xe.o(.text)
    RCC_IRQHandler                           0x080001c3   Thumb Code     0  startup_stm32f401xe.o(.text)
    RTC_Alarm_IRQHandler                     0x080001c3   Thumb Code     0  startup_stm32f401xe.o(.text)
    RTC_WKUP_IRQHandler                      0x080001c3   Thumb Code     0  startup_stm32f401xe.o(.text)
    SPI1_IRQHandler                          0x080001c3   Thumb Code     0  startup_stm32f401xe.o(.text)
    SPI2_IRQHandler                          0x080001c3   Thumb Code     0  startup_stm32f401xe.o(.text)
    SPI3_IRQHandler                          0x080001c3   Thumb Code     0  startup_stm32f401xe.o(.text)
    SPI4_IRQHandler                          0x080001c3   Thumb Code     0  startup_stm32f401xe.o(.text)
    TAMP_STAMP_IRQHandler                    0x080001c3   Thumb Code     0  startup_stm32f401xe.o(.text)
    TIM1_BRK_TIM9_IRQHandler                 0x080001c3   Thumb Code     0  startup_stm32f401xe.o(.text)
    TIM1_CC_IRQHandler                       0x080001c3   Thumb Code     0  startup_stm32f401xe.o(.text)
    TIM1_TRG_COM_TIM11_IRQHandler            0x080001c3   Thumb Code     0  startup_stm32f401xe.o(.text)
    TIM1_UP_TIM10_IRQHandler                 0x080001c3   Thumb Code     0  startup_stm32f401xe.o(.text)
    TIM2_IRQHandler                          0x080001c3   Thumb Code     0  startup_stm32f401xe.o(.text)
    TIM4_IRQHandler                          0x080001c3   Thumb Code     0  startup_stm32f401xe.o(.text)
    USART6_IRQHandler                        0x080001c3   Thumb Code     0  startup_stm32f401xe.o(.text)
    WWDG_IRQHandler                          0x080001c3   Thumb Code     0  startup_stm32f401xe.o(.text)
    __aeabi_memset                           0x080001cd   Thumb Code    14  memseta.o(.text)
    __aeabi_memset4                          0x080001cd   Thumb Code     0  memseta.o(.text)
    __aeabi_memset8                          0x080001cd   Thumb Code     0  memseta.o(.text)
    __aeabi_memclr                           0x080001db   Thumb Code     4  memseta.o(.text)
    __aeabi_memclr4                          0x080001db   Thumb Code     0  memseta.o(.text)
    __aeabi_memclr8                          0x080001db   Thumb Code     0  memseta.o(.text)
    _memset$wrapper                          0x080001df   Thumb Code    18  memseta.o(.text)
    strstr                                   0x080001f1   Thumb Code    36  strstr.o(.text)
    strncpy                                  0x08000215   Thumb Code    24  strncpy.o(.text)
    strlen                                   0x0800022d   Thumb Code    14  strlen.o(.text)
    strcpy                                   0x0800023b   Thumb Code    18  strcpy.o(.text)
    strtok                                   0x0800024d   Thumb Code    62  strtok.o(.text)
    atoi                                     0x08000291   Thumb Code    26  atoi.o(.text)
    __aeabi_dmul                             0x080002ab   Thumb Code   228  dmul.o(.text)
    __aeabi_f2d                              0x0800038f   Thumb Code    38  f2d.o(.text)
    __aeabi_d2f                              0x080003b5   Thumb Code    56  d2f.o(.text)
    __aeabi_uidiv                            0x080003ed   Thumb Code     0  uidiv.o(.text)
    __aeabi_uidivmod                         0x080003ed   Thumb Code    44  uidiv.o(.text)
    strtol                                   0x08000419   Thumb Code   112  strtol.o(.text)
    __I$use$fp                               0x08000489   Thumb Code     0  iusefp.o(.text)
    _float_round                             0x08000489   Thumb Code    18  fepilogue.o(.text)
    _float_epilogue                          0x0800049b   Thumb Code    92  fepilogue.o(.text)
    _double_round                            0x080004f7   Thumb Code    30  depilogue.o(.text)
    _double_epilogue                         0x08000515   Thumb Code   156  depilogue.o(.text)
    __scatterload                            0x080005b1   Thumb Code    28  init.o(.text)
    __scatterload_rt2                        0x080005b1   Thumb Code     0  init.o(.text)
    __aeabi_llsl                             0x080005d5   Thumb Code    30  llshl.o(.text)
    _ll_shift_l                              0x080005d5   Thumb Code     0  llshl.o(.text)
    __aeabi_llsr                             0x080005f3   Thumb Code    32  llushr.o(.text)
    _ll_ushift_r                             0x080005f3   Thumb Code     0  llushr.o(.text)
    __rt_ctype_table                         0x08000615   Thumb Code     4  ctype_o.o(.text)
    _strtoul                                 0x0800061d   Thumb Code   158  _strtoul.o(.text)
    _chval                                   0x080006bb   Thumb Code    28  _chval.o(.text)
    __decompress                             0x080006d7   Thumb Code     0  __dclz77c.o(.text)
    __decompress2                            0x080006d7   Thumb Code    94  __dclz77c.o(.text)
    ADS1299_Config                           0x08000735   Thumb Code   102  main.o(i.ADS1299_Config)
    BusFault_Handler                         0x080007a9   Thumb Code     2  stm32f4xx_it.o(i.BusFault_Handler)
    DMA2_Stream3_IRQHandler                  0x08000939   Thumb Code     4  stm32f4xx_it.o(i.DMA2_Stream3_IRQHandler)
    DMA_ClearFlag                            0x0800093d   Thumb Code    32  stm32f4xx_dma.o(i.DMA_ClearFlag)
    DebugMon_Handler                         0x08000969   Thumb Code     2  stm32f4xx_it.o(i.DebugMon_Handler)
    Debug_COM_Init                           0x0800096d   Thumb Code   164  main.o(i.Debug_COM_Init)
    Debug_SendData_s                         0x08000a19   Thumb Code    48  main.o(i.Debug_SendData_s)
    EXTI0_IRQHandler                         0x08000a4d   Thumb Code    88  irq.o(i.EXTI0_IRQHandler)
    EXTI2_IRQHandler                         0x08000ab1   Thumb Code    62  main.o(i.EXTI2_IRQHandler)
    EXTI9_5_IRQHandler                       0x08000afd   Thumb Code   194  irq.o(i.EXTI9_5_IRQHandler)
    EXTI_ClearITPendingBit                   0x08000bed   Thumb Code     6  stm32f4xx_exti.o(i.EXTI_ClearITPendingBit)
    EXTI_GetITStatus                         0x08000bf9   Thumb Code    16  stm32f4xx_exti.o(i.EXTI_GetITStatus)
    GPIO_Init                                0x08000d41   Thumb Code   162  stm32f4xx_gpio.o(i.GPIO_Init)
    GPIO_PinAFConfig                         0x08000de3   Thumb Code    32  stm32f4xx_gpio.o(i.GPIO_PinAFConfig)
    GPIO_ReadInputDataBit                    0x08000e03   Thumb Code    14  stm32f4xx_gpio.o(i.GPIO_ReadInputDataBit)
    GPIO_ResetBits                           0x08000e11   Thumb Code     4  stm32f4xx_gpio.o(i.GPIO_ResetBits)
    GPIO_SetBits                             0x08000e15   Thumb Code     4  stm32f4xx_gpio.o(i.GPIO_SetBits)
    GPIO_StructInit                          0x08000e19   Thumb Code    18  stm32f4xx_gpio.o(i.GPIO_StructInit)
    GPIO_ToggleBits                          0x08000e2b   Thumb Code     8  stm32f4xx_gpio.o(i.GPIO_ToggleBits)
    GSM_COM_Init                             0x08000e35   Thumb Code   192  gsm.o(i.GSM_COM_Init)
    GSM_Event                                0x08000efd   Thumb Code   132  gsm.o(i.GSM_Event)
    GSM_SendData_s                           0x0800105d   Thumb Code    48  gsm.o(i.GSM_SendData_s)
    HardFault_Handler                        0x08001091   Thumb Code     2  stm32f4xx_it.o(i.HardFault_Handler)
    MemManage_Handler                        0x08001093   Thumb Code     2  stm32f4xx_it.o(i.MemManage_Handler)
    NMI_Handler                              0x08001095   Thumb Code     2  stm32f4xx_it.o(i.NMI_Handler)
    NVIC_Init                                0x080010ad   Thumb Code    96  misc.o(i.NVIC_Init)
    NVIC_PriorityGroupConfig                 0x08001111   Thumb Code    10  misc.o(i.NVIC_PriorityGroupConfig)
    PWR_BackupAccessCmd                      0x08001125   Thumb Code     6  stm32f4xx_pwr.o(i.PWR_BackupAccessCmd)
    PendSV_Handler                           0x08001131   Thumb Code     2  stm32f4xx_it.o(i.PendSV_Handler)
    RCC_AHB1PeriphClockCmd                   0x08001135   Thumb Code    18  stm32f4xx_rcc.o(i.RCC_AHB1PeriphClockCmd)
    RCC_APB1PeriphClockCmd                   0x0800114d   Thumb Code    18  stm32f4xx_rcc.o(i.RCC_APB1PeriphClockCmd)
    RCC_APB1PeriphResetCmd                   0x08001165   Thumb Code    18  stm32f4xx_rcc.o(i.RCC_APB1PeriphResetCmd)
    RCC_APB2PeriphClockCmd                   0x0800117d   Thumb Code    18  stm32f4xx_rcc.o(i.RCC_APB2PeriphClockCmd)
    RCC_APB2PeriphResetCmd                   0x08001195   Thumb Code    18  stm32f4xx_rcc.o(i.RCC_APB2PeriphResetCmd)
    RCC_GetClocksFreq                        0x080011ad   Thumb Code   114  stm32f4xx_rcc.o(i.RCC_GetClocksFreq)
    RCC_GetFlagStatus                        0x0800122d   Thumb Code    46  stm32f4xx_rcc.o(i.RCC_GetFlagStatus)
    RCC_LSICmd                               0x08001261   Thumb Code     6  stm32f4xx_rcc.o(i.RCC_LSICmd)
    RCC_RTCCLKCmd                            0x0800126d   Thumb Code     6  stm32f4xx_rcc.o(i.RCC_RTCCLKCmd)
    RCC_RTCCLKConfig                         0x08001279   Thumb Code    40  stm32f4xx_rcc.o(i.RCC_RTCCLKConfig)
    RTC_Config                               0x080012d5   Thumb Code   130  rtc.o(i.RTC_Config)
    RTC_EnterInitMode                        0x08001361   Thumb Code    56  stm32f4xx_rtc.o(i.RTC_EnterInitMode)
    RTC_ExitInitMode                         0x0800139d   Thumb Code    12  stm32f4xx_rtc.o(i.RTC_ExitInitMode)
    RTC_GetDate                              0x080013ad   Thumb Code    64  stm32f4xx_rtc.o(i.RTC_GetDate)
    RTC_GetTime                              0x080013f5   Thumb Code    68  stm32f4xx_rtc.o(i.RTC_GetTime)
    RTC_SetDate                              0x08001441   Thumb Code   146  stm32f4xx_rtc.o(i.RTC_SetDate)
    RTC_SetTime                              0x080014dd   Thumb Code   152  stm32f4xx_rtc.o(i.RTC_SetTime)
    RTC_WaitForSynchro                       0x0800157d   Thumb Code    70  stm32f4xx_rtc.o(i.RTC_WaitForSynchro)
    RTC_WriteBackupRegister                  0x080015c9   Thumb Code    14  stm32f4xx_rtc.o(i.RTC_WriteBackupRegister)
    SDIO_ClearFlag                           0x0800169d   Thumb Code     6  stm32f4xx_sdio.o(i.SDIO_ClearFlag)
    SDIO_ClearITPendingBit                   0x080016a9   Thumb Code     6  stm32f4xx_sdio.o(i.SDIO_ClearITPendingBit)
    SDIO_ClockCmd                            0x080016b5   Thumb Code     8  stm32f4xx_sdio.o(i.SDIO_ClockCmd)
    SDIO_DataConfig                          0x080016c1   Thumb Code    42  stm32f4xx_sdio.o(i.SDIO_DataConfig)
    SDIO_DeInit                              0x080016f1   Thumb Code    24  stm32f4xx_sdio.o(i.SDIO_DeInit)
    SDIO_GetCommandResponse                  0x08001709   Thumb Code     8  stm32f4xx_sdio.o(i.SDIO_GetCommandResponse)
    SDIO_GetFlagStatus                       0x08001715   Thumb Code    16  stm32f4xx_sdio.o(i.SDIO_GetFlagStatus)
    SDIO_GetITStatus                         0x08001729   Thumb Code    16  stm32f4xx_sdio.o(i.SDIO_GetITStatus)
    SDIO_GetPowerState                       0x0800173d   Thumb Code    10  stm32f4xx_sdio.o(i.SDIO_GetPowerState)
    SDIO_GetResponse                         0x0800174d   Thumb Code    12  stm32f4xx_sdio.o(i.SDIO_GetResponse)
    SDIO_IRQHandler                          0x0800175d   Thumb Code     4  stm32f4xx_it.o(i.SDIO_IRQHandler)
    SDIO_ITConfig                            0x08001761   Thumb Code    18  stm32f4xx_sdio.o(i.SDIO_ITConfig)
    SDIO_Init                                0x08001779   Thumb Code    40  stm32f4xx_sdio.o(i.SDIO_Init)
    SDIO_ReadData                            0x080017a5   Thumb Code     6  stm32f4xx_sdio.o(i.SDIO_ReadData)
    SDIO_SendCommand                         0x080017b1   Thumb Code    36  stm32f4xx_sdio.o(i.SDIO_SendCommand)
    SDIO_SetPowerState                       0x080017d9   Thumb Code     6  stm32f4xx_sdio.o(i.SDIO_SetPowerState)
    SD_Detect                                0x080017e5   Thumb Code    30  stm324xg_eval_sdio_sd.o(i.SD_Detect)
    SD_EnableWideBusOperation                0x08001809   Thumb Code   106  stm324xg_eval_sdio_sd.o(i.SD_EnableWideBusOperation)
    SD_GetCardInfo                           0x0800187d   Thumb Code   614  stm324xg_eval_sdio_sd.o(i.SD_GetCardInfo)
    SD_GetState                              0x08001aed   Thumb Code    34  stm324xg_eval_sdio_sd.o(i.SD_GetState)
    SD_GetStatus                             0x08001b0f   Thumb Code    26  stm324xg_eval_sdio_sd.o(i.SD_GetStatus)
    SD_Init                                  0x08001b29   Thumb Code   124  stm324xg_eval_sdio_sd.o(i.SD_Init)
    SD_InitializeCards                       0x08001ba9   Thumb Code   244  stm324xg_eval_sdio_sd.o(i.SD_InitializeCards)
    SD_LowLevel_Init                         0x08001ca5   Thumb Code   180  stm324xg_eval.o(i.SD_LowLevel_Init)
    SD_PowerON                               0x08001d65   Thumb Code   468  stm324xg_eval_sdio_sd.o(i.SD_PowerON)
    SD_ProcessDMAIRQ                         0x08001f49   Thumb Code    30  stm324xg_eval_sdio_sd.o(i.SD_ProcessDMAIRQ)
    SD_ProcessIRQSrc                         0x08001f71   Thumb Code   140  stm324xg_eval_sdio_sd.o(i.SD_ProcessIRQSrc)
    SD_SelectDeselect                        0x08002001   Thumb Code    40  stm324xg_eval_sdio_sd.o(i.SD_SelectDeselect)
    SD_SendStatus                            0x0800202d   Thumb Code    64  stm324xg_eval_sdio_sd.o(i.SD_SendStatus)
    SD_StopTransfer                          0x08002075   Thumb Code    36  stm324xg_eval_sdio_sd.o(i.SD_StopTransfer)
    SD_WaitWriteOperation                    0x0800209d   Thumb Code    94  stm324xg_eval_sdio_sd.o(i.SD_WaitWriteOperation)
    SPI_Cmd                                  0x08002105   Thumb Code    20  stm32f4xx_spi.o(i.SPI_Cmd)
    SPI_I2S_DeInit                           0x08002119   Thumb Code   108  stm32f4xx_spi.o(i.SPI_I2S_DeInit)
    SPI_Init                                 0x0800219d   Thumb Code    56  stm32f4xx_spi.o(i.SPI_Init)
    SPI_NO_DELAY_TX                          0x080021d5   Thumb Code    30  ads1299.o(i.SPI_NO_DELAY_TX)
    SPI_TEST_INIT                            0x080021f9   Thumb Code   198  main.o(i.SPI_TEST_INIT)
    SPI_TX                                   0x080022c9   Thumb Code    38  ads1299.o(i.SPI_TX)
    SVC_Handler                              0x080022f5   Thumb Code     2  stm32f4xx_it.o(i.SVC_Handler)
    SysTick_Handler                          0x080023a9   Thumb Code     2  stm32f4xx_it.o(i.SysTick_Handler)
    SystemInit                               0x080023ad   Thumb Code    74  system_stm32f4xx.o(i.SystemInit)
    TIM3_IRQHandler                          0x08002409   Thumb Code    68  main.o(i.TIM3_IRQHandler)
    TIM5_IRQHandler                          0x08002459   Thumb Code    32  spi.o(i.TIM5_IRQHandler)
    TIM_ClearFlag                            0x08002481   Thumb Code     6  stm32f4xx_tim.o(i.TIM_ClearFlag)
    TIM_ClearITPendingBit                    0x08002487   Thumb Code     6  stm32f4xx_tim.o(i.TIM_ClearITPendingBit)
    TIM_Cmd                                  0x0800248d   Thumb Code    20  stm32f4xx_tim.o(i.TIM_Cmd)
    TIM_GetITStatus                          0x080024a1   Thumb Code    24  stm32f4xx_tim.o(i.TIM_GetITStatus)
    TIM_ITConfig                             0x080024b9   Thumb Code    16  stm32f4xx_tim.o(i.TIM_ITConfig)
    TIM_TimeBaseInit                         0x080024c9   Thumb Code    96  stm32f4xx_tim.o(i.TIM_TimeBaseInit)
    Timer_Start                              0x08002545   Thumb Code   118  main.o(i.Timer_Start)
    USART1_IRQHandler                        0x080025c5   Thumb Code   248  main.o(i.USART1_IRQHandler)
    USART2_IRQHandler                        0x0800272d   Thumb Code   702  gsm.o(i.USART2_IRQHandler)
    USART_Cmd                                0x08002ab9   Thumb Code    20  stm32f4xx_usart.o(i.USART_Cmd)
    USART_GetFlagStatus                      0x08002acd   Thumb Code    14  stm32f4xx_usart.o(i.USART_GetFlagStatus)
    USART_GetITStatus                        0x08002adb   Thumb Code    62  stm32f4xx_usart.o(i.USART_GetITStatus)
    USART_ITConfig                           0x08002b19   Thumb Code    48  stm32f4xx_usart.o(i.USART_ITConfig)
    USART_Init                               0x08002b49   Thumb Code   164  stm32f4xx_usart.o(i.USART_Init)
    USART_ReceiveData                        0x08002bf5   Thumb Code     8  stm32f4xx_usart.o(i.USART_ReceiveData)
    USART_SendData                           0x08002bfd   Thumb Code     8  stm32f4xx_usart.o(i.USART_SendData)
    UsageFault_Handler                       0x08002c05   Thumb Code     2  stm32f4xx_it.o(i.UsageFault_Handler)
    __0sprintf$3                             0x08002c09   Thumb Code    34  printf3.o(i.__0sprintf$3)
    __1sprintf$3                             0x08002c09   Thumb Code     0  printf3.o(i.__0sprintf$3)
    __2sprintf                               0x08002c09   Thumb Code     0  printf3.o(i.__0sprintf$3)
    __DELAY                                  0x08002c31   Thumb Code    12  delay.o(i.__DELAY)
    __aeabi_errno_addr                       0x08002c3d   Thumb Code     4  errno.o(i.__aeabi_errno_addr)
    __rt_errno_addr                          0x08002c3d   Thumb Code     0  errno.o(i.__aeabi_errno_addr)
    __scatterload_copy                       0x08002c45   Thumb Code    14  handlers.o(i.__scatterload_copy)
    __scatterload_null                       0x08002c53   Thumb Code     2  handlers.o(i.__scatterload_null)
    __scatterload_zeroinit                   0x08002c55   Thumb Code    14  handlers.o(i.__scatterload_zeroinit)
    ads1299_init                             0x08002e29   Thumb Code   166  ads1299.o(i.ads1299_init)
    ads1299_pwr_up_seq                       0x08002edd   Thumb Code    48  ads1299.o(i.ads1299_pwr_up_seq)
    ads1299_read_data                        0x08002f15   Thumb Code   156  ads1299.o(i.ads1299_read_data)
    ads1299_read_reg                         0x08002fb5   Thumb Code    56  ads1299.o(i.ads1299_read_reg)
    ads1299_stop_dataread                    0x08002ff1   Thumb Code    40  ads1299.o(i.ads1299_stop_dataread)
    ads1299_write_reg                        0x0800301d   Thumb Code    58  ads1299.o(i.ads1299_write_reg)
    arm_biquad_cascade_df2T_init_f32         0x0800305d   Thumb Code    22  arm_biquad_cascade_df2t_init_f32.o(i.arm_biquad_cascade_df2T_init_f32)
    delay                                    0x08003073   Thumb Code    12  main.o(i.delay)
    initLeds                                 0x08003081   Thumb Code    36  main.o(i.initLeds)
    init_EXTI                                0x080030a9   Thumb Code    82  peripheral_init.o(i.init_EXTI)
    init_SPI2                                0x08003115   Thumb Code    20  peripheral_init.o(i.init_SPI2)
    main                                     0x08003131   Thumb Code   172  main.o(i.main)
    start_conversion                         0x08003295   Thumb Code    12  ads1299.o(i.start_conversion)
    stop_conversion                          0x080032a5   Thumb Code    12  ads1299.o(i.stop_conversion)
    __ctype_table                            0x080032b4   Data         129  ctype_o.o(.constdata)
    Region$$Table$$Base                      0x0800333c   Number         0  anon$$obj.o(Region$$Table)
    Region$$Table$$Limit                     0x0800335c   Number         0  anon$$obj.o(Region$$Table)
    Status                                   0x20000000   Data           1  main.o(.data)
    Timeout                                  0x20000001   Data           1  main.o(.data)
    ld                                       0x20000002   Data           1  main.o(.data)
    Debug_rxBufferSize                       0x20000004   Data           2  main.o(.data)
    Debug_rxBufferLen                        0x20000006   Data           2  main.o(.data)
    Debug_rxBufferIndex                      0x20000008   Data           4  main.o(.data)
    RTC_TIME                                 0x2000000c   Data           4  main.o(.data)
    RTC_DATE                                 0x20000010   Data           4  main.o(.data)
    status1                                  0x20000014   Data           1  spi.o(.data)
    status2                                  0x20000015   Data           1  spi.o(.data)
    Flash_Timeout                            0x20000016   Data           1  spi.o(.data)
    TransferError                            0x20000028   Data           1  stm324xg_eval_sdio_sd.o(.data)
    StopCondition                            0x20000034   Data           4  stm324xg_eval_sdio_sd.o(.data)
    TransferEnd                              0x20000038   Data           4  stm324xg_eval_sdio_sd.o(.data)
    DMAEndOfTransfer                         0x2000003c   Data           4  stm324xg_eval_sdio_sd.o(.data)
    gsmCmd                                   0x20000040   Data           1  gsm.o(.data)
    gsmNtwk                                  0x20000041   Data           1  gsm.o(.data)
    gsm_ready                                0x20000042   Data           1  gsm.o(.data)
    get_imei                                 0x20000043   Data           1  gsm.o(.data)
    cmd_type                                 0x20000044   Data           1  gsm.o(.data)
    GSM_rxBufferSize                         0x20000046   Data           2  gsm.o(.data)
    GSM_rxBufferLen                          0x20000048   Data           2  gsm.o(.data)
    GSM_rxBufferIndex                        0x2000004c   Data           4  gsm.o(.data)
    ads_config_reg_p                         0x20000050   Data           1  ads1299.o(.data)
    ads_config_reg_c                         0x20000051   Data           1  ads1299.o(.data)
    res                                      0x20000052   Data           1  ads1299.o(.data)
    biquad_BP_Coeffs                         0x20000054   Data         420  coeffs_iir.o(.data)
    biquad_HP_Coeffs                         0x200001f8   Data         780  coeffs_iir.o(.data)
    data_ready                               0x20000504   Data           1  irq.o(.data)
    counterData                              0x20000508   Data           4  irq.o(.data)
    BIOEXG_SETTINGS                          0x2000050c   Data           4  irq.o(.data)
    uwAsynchPrediv                           0x20000514   Data           4  rtc.o(.data)
    uwSynchPrediv                            0x20000518   Data           4  rtc.o(.data)
    RTC_TimeStructure                        0x2000051c   Data           4  rtc.o(.data)
    RTC_DateStructure                        0x20000520   Data           4  rtc.o(.data)
    biquad_HP_State                          0x2000052c   Data        2496  main.o(.bss)
    biquad_HP_Struct                         0x20000eec   Data          96  main.o(.bss)
    biquad_BP_State                          0x20000f4c   Data        1344  main.o(.bss)
    biquad_BP_Struct                         0x2000148c   Data          96  main.o(.bss)
    clocks                                   0x200014ec   Data          16  main.o(.bss)
    Debug_rxBuffer                           0x200014fc   Data        1000  main.o(.bss)
    SDCardInfo                               0x20001918   Data          88  stm324xg_eval_sdio_sd.o(.bss)
    SDIO_InitStructure                       0x20001970   Data          24  stm324xg_eval_sdio_sd.o(.bss)
    SDIO_CmdInitStructure                    0x20001988   Data          20  stm324xg_eval_sdio_sd.o(.bss)
    SDIO_DataInitStructure                   0x2000199c   Data          24  stm324xg_eval_sdio_sd.o(.bss)
    GSM_rxBuffer                             0x200019b4   Data        1000  gsm.o(.bss)
    GSM                                      0x20001d9c   Data          42  gsm.o(.bss)
    data_Signal_Float                        0x20001dc8   Data        6400  irq.o(.bss)
    data_Signal_Integer                      0x200036c8   Data        6400  irq.o(.bss)
    RTC_InitStructure                        0x20004fc8   Data          12  rtc.o(.bss)
    __initial_sp                             0x200053d8   Data           0  startup_stm32f401xe.o(STACK)



==============================================================================

Memory Map of the image

  Image Entry point : 0x08000195

  Load Region LR_IROM1 (Base: 0x08000000, Size: 0x00003888, Max: 0x00080000, ABSOLUTE, COMPRESSED[0x000037f4])

    Execution Region ER_IROM1 (Base: 0x08000000, Size: 0x0000335c, Max: 0x00080000, ABSOLUTE)

    Base Addr    Size         Type   Attr      Idx    E Section Name        Object

    0x08000000   0x00000194   Data   RO         5213    RESET               startup_stm32f401xe.o
    0x08000194   0x00000000   Code   RO         5251  * .ARM.Collect$$$$00000000  mc_w.l(entry.o)
    0x08000194   0x00000004   Code   RO         5539    .ARM.Collect$$$$00000001  mc_w.l(entry2.o)
    0x08000198   0x00000004   Code   RO         5542    .ARM.Collect$$$$00000004  mc_w.l(entry5.o)
    0x0800019c   0x00000000   Code   RO         5544    .ARM.Collect$$$$00000008  mc_w.l(entry7b.o)
    0x0800019c   0x00000000   Code   RO         5546    .ARM.Collect$$$$0000000A  mc_w.l(entry8b.o)
    0x0800019c   0x00000008   Code   RO         5547    .ARM.Collect$$$$0000000B  mc_w.l(entry9a.o)
    0x080001a4   0x00000000   Code   RO         5549    .ARM.Collect$$$$0000000D  mc_w.l(entry10a.o)
    0x080001a4   0x00000000   Code   RO         5551    .ARM.Collect$$$$0000000F  mc_w.l(entry11a.o)
    0x080001a4   0x00000004   Code   RO         5540    .ARM.Collect$$$$00002712  mc_w.l(entry2.o)
    0x080001a8   0x00000024   Code   RO         5214    .text               startup_stm32f401xe.o
    0x080001cc   0x00000024   Code   RO         5254    .text               mc_w.l(memseta.o)
    0x080001f0   0x00000024   Code   RO         5256    .text               mc_w.l(strstr.o)
    0x08000214   0x00000018   Code   RO         5258    .text               mc_w.l(strncpy.o)
    0x0800022c   0x0000000e   Code   RO         5260    .text               mc_w.l(strlen.o)
    0x0800023a   0x00000012   Code   RO         5262    .text               mc_w.l(strcpy.o)
    0x0800024c   0x00000044   Code   RO         5264    .text               mc_w.l(strtok.o)
    0x08000290   0x0000001a   Code   RO         5531    .text               mc_w.l(atoi.o)
    0x080002aa   0x000000e4   Code   RO         5533    .text               mf_w.l(dmul.o)
    0x0800038e   0x00000026   Code   RO         5535    .text               mf_w.l(f2d.o)
    0x080003b4   0x00000038   Code   RO         5537    .text               mf_w.l(d2f.o)
    0x080003ec   0x0000002c   Code   RO         5556    .text               mc_w.l(uidiv.o)
    0x08000418   0x00000070   Code   RO         5567    .text               mc_w.l(strtol.o)
    0x08000488   0x00000000   Code   RO         5569    .text               mc_w.l(iusefp.o)
    0x08000488   0x0000006e   Code   RO         5570    .text               mf_w.l(fepilogue.o)
    0x080004f6   0x000000ba   Code   RO         5572    .text               mf_w.l(depilogue.o)
    0x080005b0   0x00000024   Code   RO         5582    .text               mc_w.l(init.o)
    0x080005d4   0x0000001e   Code   RO         5585    .text               mc_w.l(llshl.o)
    0x080005f2   0x00000020   Code   RO         5587    .text               mc_w.l(llushr.o)
    0x08000612   0x00000002   PAD
    0x08000614   0x00000008   Code   RO         5591    .text               mc_w.l(ctype_o.o)
    0x0800061c   0x0000009e   Code   RO         5619    .text               mc_w.l(_strtoul.o)
    0x080006ba   0x0000001c   Code   RO         5622    .text               mc_w.l(_chval.o)
    0x080006d6   0x0000005e   Code   RO         5632    .text               mc_w.l(__dclz77c.o)
    0x08000734   0x00000074   Code   RO          140    i.ADS1299_Config    main.o
    0x080007a8   0x00000002   Code   RO         4335    i.BusFault_Handler  stm32f4xx_it.o
    0x080007aa   0x00000002   PAD
    0x080007ac   0x000000e8   Code   RO         4414    i.CmdResp1Error     stm324xg_eval_sdio_sd.o
    0x08000894   0x00000034   Code   RO         4415    i.CmdResp2Error     stm324xg_eval_sdio_sd.o
    0x080008c8   0x00000070   Code   RO         4416    i.CmdResp6Error     stm324xg_eval_sdio_sd.o
    0x08000938   0x00000004   Code   RO         4336    i.DMA2_Stream3_IRQHandler  stm32f4xx_it.o
    0x0800093c   0x0000002c   Code   RO         1401    i.DMA_ClearFlag     stm32f4xx_dma.o
    0x08000968   0x00000002   Code   RO         4337    i.DebugMon_Handler  stm32f4xx_it.o
    0x0800096a   0x00000002   PAD
    0x0800096c   0x000000ac   Code   RO          141    i.Debug_COM_Init    main.o
    0x08000a18   0x00000034   Code   RO          143    i.Debug_SendData_s  main.o
    0x08000a4c   0x00000064   Code   RO         4987    i.EXTI0_IRQHandler  irq.o
    0x08000ab0   0x0000004c   Code   RO          144    i.EXTI2_IRQHandler  main.o
    0x08000afc   0x000000f0   Code   RO         4988    i.EXTI9_5_IRQHandler  irq.o
    0x08000bec   0x0000000c   Code   RO         1526    i.EXTI_ClearITPendingBit  stm32f4xx_exti.o
    0x08000bf8   0x00000014   Code   RO         1530    i.EXTI_GetITStatus  stm32f4xx_exti.o
    0x08000c0c   0x00000134   Code   RO         4417    i.FindSCR           stm324xg_eval_sdio_sd.o
    0x08000d40   0x000000a2   Code   RO         1834    i.GPIO_Init         stm32f4xx_gpio.o
    0x08000de2   0x00000020   Code   RO         1835    i.GPIO_PinAFConfig  stm32f4xx_gpio.o
    0x08000e02   0x0000000e   Code   RO         1838    i.GPIO_ReadInputDataBit  stm32f4xx_gpio.o
    0x08000e10   0x00000004   Code   RO         1841    i.GPIO_ResetBits    stm32f4xx_gpio.o
    0x08000e14   0x00000004   Code   RO         1842    i.GPIO_SetBits      stm32f4xx_gpio.o
    0x08000e18   0x00000012   Code   RO         1843    i.GPIO_StructInit   stm32f4xx_gpio.o
    0x08000e2a   0x00000008   Code   RO         1844    i.GPIO_ToggleBits   stm32f4xx_gpio.o
    0x08000e32   0x00000002   PAD
    0x08000e34   0x000000c8   Code   RO         4725    i.GSM_COM_Init      gsm.o
    0x08000efc   0x00000160   Code   RO         4727    i.GSM_Event         gsm.o
    0x0800105c   0x00000034   Code   RO         4735    i.GSM_SendData_s    gsm.o
    0x08001090   0x00000002   Code   RO         4338    i.HardFault_Handler  stm32f4xx_it.o
    0x08001092   0x00000002   Code   RO         4339    i.MemManage_Handler  stm32f4xx_it.o
    0x08001094   0x00000002   Code   RO         4340    i.NMI_Handler       stm32f4xx_it.o
    0x08001096   0x00000016   Code   RO         4989    i.NVIC_ClearPendingIRQ  irq.o
    0x080010ac   0x00000064   Code   RO          289    i.NVIC_Init         misc.o
    0x08001110   0x00000014   Code   RO          290    i.NVIC_PriorityGroupConfig  misc.o
    0x08001124   0x0000000c   Code   RO         2364    i.PWR_BackupAccessCmd  stm32f4xx_pwr.o
    0x08001130   0x00000002   Code   RO         4341    i.PendSV_Handler    stm32f4xx_it.o
    0x08001132   0x00000002   PAD
    0x08001134   0x00000018   Code   RO         2482    i.RCC_AHB1PeriphClockCmd  stm32f4xx_rcc.o
    0x0800114c   0x00000018   Code   RO         2488    i.RCC_APB1PeriphClockCmd  stm32f4xx_rcc.o
    0x08001164   0x00000018   Code   RO         2490    i.RCC_APB1PeriphResetCmd  stm32f4xx_rcc.o
    0x0800117c   0x00000018   Code   RO         2491    i.RCC_APB2PeriphClockCmd  stm32f4xx_rcc.o
    0x08001194   0x00000018   Code   RO         2493    i.RCC_APB2PeriphResetCmd  stm32f4xx_rcc.o
    0x080011ac   0x00000080   Code   RO         2500    i.RCC_GetClocksFreq  stm32f4xx_rcc.o
    0x0800122c   0x00000034   Code   RO         2501    i.RCC_GetFlagStatus  stm32f4xx_rcc.o
    0x08001260   0x0000000c   Code   RO         2511    i.RCC_LSICmd        stm32f4xx_rcc.o
    0x0800126c   0x0000000c   Code   RO         2523    i.RCC_RTCCLKCmd     stm32f4xx_rcc.o
    0x08001278   0x00000030   Code   RO         2524    i.RCC_RTCCLKConfig  stm32f4xx_rcc.o
    0x080012a8   0x00000012   Code   RO         2798    i.RTC_Bcd2ToByte    stm32f4xx_rtc.o
    0x080012ba   0x00000018   Code   RO         2800    i.RTC_ByteToBcd2    stm32f4xx_rtc.o
    0x080012d2   0x00000002   PAD
    0x080012d4   0x0000008c   Code   RO         5185    i.RTC_Config        rtc.o
    0x08001360   0x0000003c   Code   RO         2810    i.RTC_EnterInitMode  stm32f4xx_rtc.o
    0x0800139c   0x00000010   Code   RO         2811    i.RTC_ExitInitMode  stm32f4xx_rtc.o
    0x080013ac   0x00000048   Code   RO         2814    i.RTC_GetDate       stm32f4xx_rtc.o
    0x080013f4   0x0000004c   Code   RO         2819    i.RTC_GetTime       stm32f4xx_rtc.o
    0x08001440   0x0000009c   Code   RO         2830    i.RTC_SetDate       stm32f4xx_rtc.o
    0x080014dc   0x000000a0   Code   RO         2831    i.RTC_SetTime       stm32f4xx_rtc.o
    0x0800157c   0x0000004c   Code   RO         2847    i.RTC_WaitForSynchro  stm32f4xx_rtc.o
    0x080015c8   0x00000014   Code   RO         2850    i.RTC_WriteBackupRegister  stm32f4xx_rtc.o
    0x080015dc   0x000000c0   Code   RO         4419    i.SDEnWideBus       stm324xg_eval_sdio_sd.o
    0x0800169c   0x0000000c   Code   RO         3146    i.SDIO_ClearFlag    stm32f4xx_sdio.o
    0x080016a8   0x0000000c   Code   RO         3147    i.SDIO_ClearITPendingBit  stm32f4xx_sdio.o
    0x080016b4   0x0000000c   Code   RO         3148    i.SDIO_ClockCmd     stm32f4xx_sdio.o
    0x080016c0   0x00000030   Code   RO         3152    i.SDIO_DataConfig   stm32f4xx_sdio.o
    0x080016f0   0x00000018   Code   RO         3154    i.SDIO_DeInit       stm32f4xx_sdio.o
    0x08001708   0x0000000c   Code   RO         3155    i.SDIO_GetCommandResponse  stm32f4xx_sdio.o
    0x08001714   0x00000014   Code   RO         3158    i.SDIO_GetFlagStatus  stm32f4xx_sdio.o
    0x08001728   0x00000014   Code   RO         3159    i.SDIO_GetITStatus  stm32f4xx_sdio.o
    0x0800173c   0x00000010   Code   RO         3160    i.SDIO_GetPowerState  stm32f4xx_sdio.o
    0x0800174c   0x00000010   Code   RO         3161    i.SDIO_GetResponse  stm32f4xx_sdio.o
    0x0800175c   0x00000004   Code   RO         4342    i.SDIO_IRQHandler   stm32f4xx_it.o
    0x08001760   0x00000018   Code   RO         3162    i.SDIO_ITConfig     stm32f4xx_sdio.o
    0x08001778   0x0000002c   Code   RO         3163    i.SDIO_Init         stm32f4xx_sdio.o
    0x080017a4   0x0000000c   Code   RO         3164    i.SDIO_ReadData     stm32f4xx_sdio.o
    0x080017b0   0x00000028   Code   RO         3166    i.SDIO_SendCommand  stm32f4xx_sdio.o
    0x080017d8   0x0000000c   Code   RO         3168    i.SDIO_SetPowerState  stm32f4xx_sdio.o
    0x080017e4   0x00000024   Code   RO         4421    i.SD_Detect         stm324xg_eval_sdio_sd.o
    0x08001808   0x00000074   Code   RO         4422    i.SD_EnableWideBusOperation  stm324xg_eval_sdio_sd.o
    0x0800187c   0x00000270   Code   RO         4424    i.SD_GetCardInfo    stm324xg_eval_sdio_sd.o
    0x08001aec   0x00000022   Code   RO         4426    i.SD_GetState       stm324xg_eval_sdio_sd.o
    0x08001b0e   0x0000001a   Code   RO         4427    i.SD_GetStatus      stm324xg_eval_sdio_sd.o
    0x08001b28   0x00000080   Code   RO         4430    i.SD_Init           stm324xg_eval_sdio_sd.o
    0x08001ba8   0x000000fc   Code   RO         4431    i.SD_InitializeCards  stm324xg_eval_sdio_sd.o
    0x08001ca4   0x000000c0   Code   RO         4628    i.SD_LowLevel_Init  stm324xg_eval.o
    0x08001d64   0x000001e4   Code   RO         4433    i.SD_PowerON        stm324xg_eval_sdio_sd.o
    0x08001f48   0x00000028   Code   RO         4434    i.SD_ProcessDMAIRQ  stm324xg_eval_sdio_sd.o
    0x08001f70   0x00000090   Code   RO         4435    i.SD_ProcessIRQSrc  stm324xg_eval_sdio_sd.o
    0x08002000   0x0000002c   Code   RO         4438    i.SD_SelectDeselect  stm324xg_eval_sdio_sd.o
    0x0800202c   0x00000048   Code   RO         4440    i.SD_SendStatus     stm324xg_eval_sdio_sd.o
    0x08002074   0x00000028   Code   RO         4441    i.SD_StopTransfer   stm324xg_eval_sdio_sd.o
    0x0800209c   0x00000068   Code   RO         4443    i.SD_WaitWriteOperation  stm324xg_eval_sdio_sd.o
    0x08002104   0x00000014   Code   RO         3341    i.SPI_Cmd           stm32f4xx_spi.o
    0x08002118   0x00000084   Code   RO         3348    i.SPI_I2S_DeInit    stm32f4xx_spi.o
    0x0800219c   0x00000038   Code   RO         3354    i.SPI_Init          stm32f4xx_spi.o
    0x080021d4   0x00000024   Code   RO         4856    i.SPI_NO_DELAY_TX   ads1299.o
    0x080021f8   0x000000d0   Code   RO          147    i.SPI_TEST_INIT     main.o
    0x080022c8   0x0000002c   Code   RO         4857    i.SPI_TX            ads1299.o
    0x080022f4   0x00000002   Code   RO         4343    i.SVC_Handler       stm32f4xx_it.o
    0x080022f6   0x00000002   PAD
    0x080022f8   0x000000b0   Code   RO         5219    i.SetSysClock       system_stm32f4xx.o
    0x080023a8   0x00000002   Code   RO         4344    i.SysTick_Handler   stm32f4xx_it.o
    0x080023aa   0x00000002   PAD
    0x080023ac   0x0000005c   Code   RO         5221    i.SystemInit        system_stm32f4xx.o
    0x08002408   0x00000050   Code   RO          149    i.TIM3_IRQHandler   main.o
    0x08002458   0x00000028   Code   RO          333    i.TIM5_IRQHandler   spi.o
    0x08002480   0x00000006   Code   RO         3555    i.TIM_ClearFlag     stm32f4xx_tim.o
    0x08002486   0x00000006   Code   RO         3556    i.TIM_ClearITPendingBit  stm32f4xx_tim.o
    0x0800248c   0x00000014   Code   RO         3561    i.TIM_Cmd           stm32f4xx_tim.o
    0x080024a0   0x00000018   Code   RO         3582    i.TIM_GetITStatus   stm32f4xx_tim.o
    0x080024b8   0x00000010   Code   RO         3586    i.TIM_ITConfig      stm32f4xx_tim.o
    0x080024c8   0x0000007c   Code   RO         3633    i.TIM_TimeBaseInit  stm32f4xx_tim.o
    0x08002544   0x00000080   Code   RO          151    i.Timer_Start       main.o
    0x080025c4   0x00000168   Code   RO          153    i.USART1_IRQHandler  main.o
    0x0800272c   0x0000038c   Code   RO         4742    i.USART2_IRQHandler  gsm.o
    0x08002ab8   0x00000014   Code   RO         4094    i.USART_Cmd         stm32f4xx_usart.o
    0x08002acc   0x0000000e   Code   RO         4097    i.USART_GetFlagStatus  stm32f4xx_usart.o
    0x08002ada   0x0000003e   Code   RO         4098    i.USART_GetITStatus  stm32f4xx_usart.o
    0x08002b18   0x00000030   Code   RO         4100    i.USART_ITConfig    stm32f4xx_usart.o
    0x08002b48   0x000000ac   Code   RO         4101    i.USART_Init        stm32f4xx_usart.o
    0x08002bf4   0x00000008   Code   RO         4108    i.USART_ReceiveData  stm32f4xx_usart.o
    0x08002bfc   0x00000008   Code   RO         4111    i.USART_SendData    stm32f4xx_usart.o
    0x08002c04   0x00000002   Code   RO         4345    i.UsageFault_Handler  stm32f4xx_it.o
    0x08002c06   0x00000002   PAD
    0x08002c08   0x00000028   Code   RO         5361    i.__0sprintf$3      mc_w.l(printf3.o)
    0x08002c30   0x0000000c   Code   RO            2    i.__DELAY           delay.o
    0x08002c3c   0x00000008   Code   RO         5560    i.__aeabi_errno_addr  mc_w.l(errno.o)
    0x08002c44   0x0000000e   Code   RO         5626    i.__scatterload_copy  mc_w.l(handlers.o)
    0x08002c52   0x00000002   Code   RO         5627    i.__scatterload_null  mc_w.l(handlers.o)
    0x08002c54   0x0000000e   Code   RO         5628    i.__scatterload_zeroinit  mc_w.l(handlers.o)
    0x08002c62   0x00000002   PAD
    0x08002c64   0x000001b8   Code   RO         5366    i._printf_core      mc_w.l(printf3.o)
    0x08002e1c   0x0000000a   Code   RO         5368    i._sputc            mc_w.l(printf3.o)
    0x08002e26   0x00000002   PAD
    0x08002e28   0x000000b4   Code   RO         4858    i.ads1299_init      ads1299.o
    0x08002edc   0x00000038   Code   RO         4859    i.ads1299_pwr_up_seq  ads1299.o
    0x08002f14   0x000000a0   Code   RO         4860    i.ads1299_read_data  ads1299.o
    0x08002fb4   0x0000003c   Code   RO         4861    i.ads1299_read_reg  ads1299.o
    0x08002ff0   0x0000002c   Code   RO         4862    i.ads1299_stop_dataread  ads1299.o
    0x0800301c   0x00000040   Code   RO         4863    i.ads1299_write_reg  ads1299.o
    0x0800305c   0x00000016   Code   RO         5153    i.arm_biquad_cascade_df2T_init_f32  arm_biquad_cascade_df2t_init_f32.o
    0x08003072   0x0000000c   Code   RO          154    i.delay             main.o
    0x0800307e   0x00000002   PAD
    0x08003080   0x00000028   Code   RO          156    i.initLeds          main.o
    0x080030a8   0x0000006c   Code   RO         4929    i.init_EXTI         peripheral_init.o
    0x08003114   0x0000001c   Code   RO         4932    i.init_SPI2         peripheral_init.o
    0x08003130   0x00000164   Code   RO          157    i.main              main.o
    0x08003294   0x00000010   Code   RO         4864    i.start_conversion  ads1299.o
    0x080032a4   0x00000010   Code   RO         4865    i.stop_conversion   ads1299.o
    0x080032b4   0x00000081   Data   RO         5592    .constdata          mc_w.l(ctype_o.o)
    0x08003335   0x00000003   PAD
    0x08003338   0x00000004   Data   RO         5593    .constdata          mc_w.l(ctype_o.o)
    0x0800333c   0x00000020   Data   RO         5624    Region$$Table       anon$$obj.o


    Execution Region RW_IRAM1 (Base: 0x20000000, Size: 0x000053d8, Max: 0x00018000, ABSOLUTE, COMPRESSED[0x00000498])

    Base Addr    Size         Type   Attr      Idx    E Section Name        Object

    0x20000000   0x00000014   Data   RW          166    .data               main.o
    0x20000014   0x00000003   Data   RW          352    .data               spi.o
    0x20000017   0x00000010   Data   RW         2530    .data               stm32f4xx_rcc.o
    0x20000027   0x00000001   PAD
    0x20000028   0x00000018   Data   RW         4448    .data               stm324xg_eval_sdio_sd.o
    0x20000040   0x00000010   Data   RW         4744    .data               gsm.o
    0x20000050   0x00000003   Data   RW         4866    .data               ads1299.o
    0x20000053   0x00000001   PAD
    0x20000054   0x000001a4   Data   RW         4969    .data               coeffs_iir.o
    0x200001f8   0x0000030c   Data   RW         4970    .data               coeffs_iir.o
    0x20000504   0x00000010   Data   RW         4996    .data               irq.o
    0x20000514   0x00000010   Data   RW         5187    .data               rtc.o
    0x20000524   0x00000004   Data   RW         5265    .data               mc_w.l(strtok.o)
    0x20000528   0x00000004   Data   RW         5563    .data               mc_w.l(errno.o)
    0x2000052c   0x000013b8   Zero   RW          158    .bss                main.o
    0x200018e4   0x00000004   PAD
    0x200018e8   0x000000cc   Zero   RW         4447    .bss                stm324xg_eval_sdio_sd.o
    0x200019b4   0x00000412   Zero   RW         4743    .bss                gsm.o
    0x20001dc6   0x00000002   PAD
    0x20001dc8   0x00003200   Zero   RW         4995    .bss                irq.o
    0x20004fc8   0x0000000c   Zero   RW         5186    .bss                rtc.o
    0x20004fd4   0x00000004   PAD
    0x20004fd8   0x00000400   Zero   RW         5211    STACK               startup_stm32f401xe.o


==============================================================================

Image component sizes


      Code (inc. data)   RO Data    RW Data    ZI Data      Debug   Object Name

       676         60          0          3          0       6047   ads1299.o
        22          0          0          0          0       1147   arm_biquad_cascade_df2t_init_f32.o
         0          0          0       1200          0        684   coeffs_iir.o
        12          0          0          0          0     324774   delay.o
      1512        450          0         16       1042       4117   gsm.o
       362         58          0         16      12800      21088   irq.o
      1600        372          0         20       5048      27650   main.o
       120         14          0          0          0       1423   misc.o
       136         34          0          0          0      19247   peripheral_init.o
       140         10          0         16         12       1137   rtc.o
        40          8          0          3          0       1181   spi.o
        36          8        404          0       1024        848   startup_stm32f401xe.o
       192         12          0          0          0        615   stm324xg_eval.o
      3040        136          0         24        204      23746   stm324xg_eval_sdio_sd.o
        44         12          0          0          0       1756   stm32f4xx_dma.o
        32         10          0          0          0       1116   stm32f4xx_exti.o
       242          0          0          0          0       4443   stm32f4xx_gpio.o
        26          0          0          0          0       4998   stm32f4xx_it.o
        12          6          0          0          0        506   stm32f4xx_pwr.o
       372         70          0         16          0       7973   stm32f4xx_rcc.o
       678         54          0          0          0       7330   stm32f4xx_rtc.o
       324         70          0          0          0       9748   stm32f4xx_sdio.o
       208         24          0          0          0       2354   stm32f4xx_spi.o
       196         28          0          0          0       5089   stm32f4xx_tim.o
       332          8          0          0          0       5305   stm32f4xx_usart.o
       268         36          0          0          0       1613   system_stm32f4xx.o

    ----------------------------------------------------------------------
     10640       1480        436       1316      20140     485935   Object Totals
         0          0         32          0          0          0   (incl. Generated)
        18          0          0          2         10          0   (incl. Padding)

    ----------------------------------------------------------------------

      Code (inc. data)   RO Data    RW Data    ZI Data      Debug   Library Member Name

        94          0          0          0          0          0   __dclz77c.o
        28          0          0          0          0         68   _chval.o
       158          0          0          0          0         92   _strtoul.o
        26          0          0          0          0         80   atoi.o
         8          4        133          0          0         68   ctype_o.o
         0          0          0          0          0          0   entry.o
         0          0          0          0          0          0   entry10a.o
         0          0          0          0          0          0   entry11a.o
         8          4          0          0          0          0   entry2.o
         4          0          0          0          0          0   entry5.o
         0          0          0          0          0          0   entry7b.o
         0          0          0          0          0          0   entry8b.o
         8          4          0          0          0          0   entry9a.o
         8          4          0          4          0         68   errno.o
        30          0          0          0          0          0   handlers.o
        36          8          0          0          0         68   init.o
         0          0          0          0          0          0   iusefp.o
        30          0          0          0          0         68   llshl.o
        32          0          0          0          0         68   llushr.o
        36          0          0          0          0        108   memseta.o
       490         10          0          0          0        252   printf3.o
        18          0          0          0          0         68   strcpy.o
        14          0          0          0          0         68   strlen.o
        24          0          0          0          0         76   strncpy.o
        36          0          0          0          0         80   strstr.o
        68          6          0          4          0         80   strtok.o
       112          0          0          0          0         88   strtol.o
        44          0          0          0          0         80   uidiv.o
        56          0          0          0          0         88   d2f.o
       186          0          0          0          0        176   depilogue.o
       228          0          0          0          0         96   dmul.o
        38          0          0          0          0         68   f2d.o
       110          0          0          0          0        168   fepilogue.o

    ----------------------------------------------------------------------
      1936         40        136          8          0       2076   Library Totals
         6          0          3          0          0          0   (incl. Padding)

    ----------------------------------------------------------------------

      Code (inc. data)   RO Data    RW Data    ZI Data      Debug   Library Name

      1312         40        133          8          0       1480   mc_w.l
       618          0          0          0          0        596   mf_w.l

    ----------------------------------------------------------------------
      1936         40        136          8          0       2076   Library Totals

    ----------------------------------------------------------------------

==============================================================================


      Code (inc. data)   RO Data    RW Data    ZI Data      Debug   

     12576       1520        572       1324      20140     474955   Grand Totals
     12576       1520        572       1176      20140     474955   ELF Image Totals (compressed)
     12576       1520        572       1176          0          0   ROM Totals

==============================================================================

    Total RO  Size (Code + RO Data)                13148 (  12.84kB)
    Total RW  Size (RW Data + ZI Data)             21464 (  20.96kB)
    Total ROM Size (Code + RO Data + RW Data)      14324 (  13.99kB)

==============================================================================

