Component: ARM Compiler 5.06 update 4 (build 422) Tool: armlink [4d35d2]

==============================================================================

Section Cross References

    main.o(i.EXTI2_IRQHandler) refers to stm32f4xx_exti.o(i.EXTI_GetITStatus) for EXTI_GetITStatus
    main.o(i.EXTI2_IRQHandler) refers to stm32f4xx_exti.o(i.EXTI_ClearITPendingBit) for EXTI_ClearITPendingBit
    main.o(i.EXTI2_IRQHandler) refers to stm32f4xx_gpio.o(i.GPIO_ReadInputDataBit) for GPIO_ReadInputDataBit
    main.o(i.EXTI2_IRQHandler) refers to stm32f4xx_gpio.o(i.GPIO_SetBits) for GPIO_SetBits
    main.o(i.EXTI2_IRQHandler) refers to main.o(i.delay) for delay
    main.o(i.GPIO_Config) refers to main.o(i.initLeds) for initLeds
    main.o(i.GPIO_Config) refers to main.o(i.initBtn) for initBtn
    main.o(i.GPIO_Config) refers to stm32f4xx_rcc.o(i.RCC_AHB1PeriphClockCmd) for RCC_AHB1PeriphClockCmd
    main.o(i.GPIO_Config) refers to stm32f4xx_gpio.o(i.GPIO_Init) for GPIO_Init
    main.o(i.TIM3_IRQHandler) refers to stm32f4xx_tim.o(i.TIM_GetITStatus) for TIM_GetITStatus
    main.o(i.TIM3_IRQHandler) refers to stm32f4xx_tim.o(i.TIM_ClearITPendingBit) for TIM_ClearITPendingBit
    main.o(i.TIM3_IRQHandler) refers to stm32f4xx_tim.o(i.TIM_Cmd) for TIM_Cmd
    main.o(i.TIM3_IRQHandler) refers to stm32f4xx_gpio.o(i.GPIO_ToggleBits) for GPIO_ToggleBits
    main.o(i.TIM3_IRQHandler) refers to main.o(i.Timer_Start) for Timer_Start
    main.o(i.TIM3_IRQHandler) refers to main.o(.data) for Timeout
    main.o(i.Timer_Config) refers to stm32f4xx_rcc.o(i.RCC_APB1PeriphClockCmd) for RCC_APB1PeriphClockCmd
    main.o(i.Timer_Config) refers to stm32f4xx_tim.o(i.TIM_TimeBaseInit) for TIM_TimeBaseInit
    main.o(i.Timer_Config) refers to misc.o(i.NVIC_Init) for NVIC_Init
    main.o(i.Timer_Config) refers to stm32f4xx_tim.o(i.TIM_ClearFlag) for TIM_ClearFlag
    main.o(i.Timer_Config) refers to stm32f4xx_tim.o(i.TIM_ITConfig) for TIM_ITConfig
    main.o(i.Timer_Start) refers to stm32f4xx_tim.o(i.TIM_Cmd) for TIM_Cmd
    main.o(i.Timer_Start) refers to stm32f4xx_rcc.o(i.RCC_APB1PeriphClockCmd) for RCC_APB1PeriphClockCmd
    main.o(i.Timer_Start) refers to stm32f4xx_tim.o(i.TIM_TimeBaseInit) for TIM_TimeBaseInit
    main.o(i.Timer_Start) refers to misc.o(i.NVIC_Init) for NVIC_Init
    main.o(i.Timer_Start) refers to stm32f4xx_tim.o(i.TIM_ClearFlag) for TIM_ClearFlag
    main.o(i.Timer_Start) refers to stm32f4xx_tim.o(i.TIM_ITConfig) for TIM_ITConfig
    main.o(i.Timer_Start) refers to main.o(.data) for Timeout
    main.o(i.Timer_Stop) refers to stm32f4xx_tim.o(i.TIM_Cmd) for TIM_Cmd
    main.o(i.initBtn) refers to stm32f4xx_rcc.o(i.RCC_AHB1PeriphClockCmd) for RCC_AHB1PeriphClockCmd
    main.o(i.initBtn) refers to stm32f4xx_rcc.o(i.RCC_APB2PeriphClockCmd) for RCC_APB2PeriphClockCmd
    main.o(i.initBtn) refers to stm32f4xx_syscfg.o(i.SYSCFG_EXTILineConfig) for SYSCFG_EXTILineConfig
    main.o(i.initBtn) refers to stm32f4xx_gpio.o(i.GPIO_Init) for GPIO_Init
    main.o(i.initBtn) refers to stm32f4xx_exti.o(i.EXTI_Init) for EXTI_Init
    main.o(i.initBtn) refers to misc.o(i.NVIC_Init) for NVIC_Init
    main.o(i.initLeds) refers to stm32f4xx_rcc.o(i.RCC_AHB1PeriphClockCmd) for RCC_AHB1PeriphClockCmd
    main.o(i.initLeds) refers to stm32f4xx_gpio.o(i.GPIO_StructInit) for GPIO_StructInit
    main.o(i.initLeds) refers to stm32f4xx_gpio.o(i.GPIO_Init) for GPIO_Init
    main.o(i.initLeds) refers to stm32f4xx_gpio.o(i.GPIO_SetBits) for GPIO_SetBits
    main.o(i.main) refers to main.o(i.GPIO_Config) for GPIO_Config
    main.o(i.main) refers to gsm.o(i.GSM_COM_Init) for GSM_COM_Init
    main.o(i.main) refers to main.o(i.Timer_Config) for Timer_Config
    main.o(i.main) refers to stm32f4xx_gpio.o(i.GPIO_SetBits) for GPIO_SetBits
    main.o(i.main) refers to gsm.o(i.GSM_Set_baud) for GSM_Set_baud
    main.o(i.main) refers to main.o(i.delay) for delay
    main.o(i.main) refers to gsm.o(i.GSM_Reset) for GSM_Reset
    main.o(i.main) refers to gsm.o(i.GSM_REG_STATUS) for GSM_REG_STATUS
    main.o(i.main) refers to gsm.o(i.GSM_Get_RSSI) for GSM_Get_RSSI
    main.o(i.main) refers to gsm.o(i.GSM_Get_IMEI) for GSM_Get_IMEI
    main.o(i.main) refers to gsm.o(i.GSM_Set_APN) for GSM_Set_APN
    main.o(i.main) refers to gsm.o(i.GSM_Activate_PDP_Context) for GSM_Activate_PDP_Context
    main.o(i.main) refers to gsm.o(i.GSM_Connect_Server) for GSM_Connect_Server
    main.o(i.main) refers to gsm.o(i.GSM_Send_Connect_PKT) for GSM_Send_Connect_PKT
    main.o(i.main) refers to gsm.o(i.GSM_Send_Publish_PKT) for GSM_Send_Publish_PKT
    main.o(i.main) refers to gsm.o(i.GSM_Send_Subscribe_PKT) for GSM_Send_Subscribe_PKT
    main.o(i.main) refers to gsm.o(.data) for gsm_ready
    main.o(i.main) refers to main.o(.data) for Count
    stm32f4xx_adc.o(i.ADC_DeInit) refers to stm32f4xx_rcc.o(i.RCC_APB2PeriphResetCmd) for RCC_APB2PeriphResetCmd
    stm32f4xx_can.o(i.CAN_DeInit) refers to stm32f4xx_rcc.o(i.RCC_APB1PeriphResetCmd) for RCC_APB1PeriphResetCmd
[...]
    Removing stm32f4xx_rcc.o(i.RCC_I2SCLKConfig), (12 bytes).
    Removing stm32f4xx_rcc.o(i.RCC_ITConfig), (32 bytes).
    Removing stm32f4xx_rcc.o(i.RCC_LSEConfig), (44 bytes).
    Removing stm32f4xx_rcc.o(i.RCC_LSICmd), (12 bytes).
    Removing stm32f4xx_rcc.o(i.RCC_MCO1Config), (28 bytes).
    Removing stm32f4xx_rcc.o(i.RCC_MCO2Config), (28 bytes).
    Removing stm32f4xx_rcc.o(i.RCC_PCLK1Config), (24 bytes).
    Removing stm32f4xx_rcc.o(i.RCC_PCLK2Config), (24 bytes).
    Removing stm32f4xx_rcc.o(i.RCC_PLLCmd), (12 bytes).
    Removing stm32f4xx_rcc.o(i.RCC_PLLConfig), (36 bytes).
    Removing stm32f4xx_rcc.o(i.RCC_PLLI2SCmd), (12 bytes).
    Removing stm32f4xx_rcc.o(i.RCC_PLLI2SConfig), (16 bytes).
    Removing stm32f4xx_rcc.o(i.RCC_RTCCLKCmd), (12 bytes).
    Removing stm32f4xx_rcc.o(i.RCC_RTCCLKConfig), (60 bytes).
    Removing stm32f4xx_rcc.o(i.RCC_SYSCLKConfig), (24 bytes).
    Removing stm32f4xx_rcc.o(i.RCC_WaitForHSEStartUp), (56 bytes).
    Removing stm32f4xx_rng.o(.emb_text), (8 bytes).
    Removing stm32f4xx_rng.o(i.RNG_ClearFlag), (16 bytes).
    Removing stm32f4xx_rng.o(i.RNG_ClearITPendingBit), (16 bytes).
    Removing stm32f4xx_rng.o(i.RNG_Cmd), (36 bytes).
    Removing stm32f4xx_rng.o(i.RNG_DeInit), (20 bytes).
    Removing stm32f4xx_rng.o(i.RNG_GetFlagStatus), (24 bytes).
    Removing stm32f4xx_rng.o(i.RNG_GetITStatus), (24 bytes).
    Removing stm32f4xx_rng.o(i.RNG_GetRandomNumber), (12 bytes).
    Removing stm32f4xx_rng.o(i.RNG_ITConfig), (36 bytes).
    Removing stm32f4xx_rtc.o(.emb_text), (8 bytes).
    Removing stm32f4xx_rtc.o(i.RTC_AlarmCmd), (116 bytes).
    Removing stm32f4xx_rtc.o(i.RTC_AlarmStructInit), (22 bytes).
    Removing stm32f4xx_rtc.o(i.RTC_AlarmSubSecondConfig), (52 bytes).
    Removing stm32f4xx_rtc.o(i.RTC_Bcd2ToByte), (22 bytes).
    Removing stm32f4xx_rtc.o(i.RTC_BypassShadowCmd), (60 bytes).
    Removing stm32f4xx_rtc.o(i.RTC_ByteToBcd2), (28 bytes).
    Removing stm32f4xx_rtc.o(i.RTC_CalibOutputCmd), (60 bytes).
    Removing stm32f4xx_rtc.o(i.RTC_CalibOutputConfig), (48 bytes).
    Removing stm32f4xx_rtc.o(i.RTC_ClearFlag), (28 bytes).
    Removing stm32f4xx_rtc.o(i.RTC_ClearITPendingBit), (32 bytes).
    Removing stm32f4xx_rtc.o(i.RTC_CoarseCalibCmd), (80 bytes).
    Removing stm32f4xx_rtc.o(i.RTC_CoarseCalibConfig), (56 bytes).
    Removing stm32f4xx_rtc.o(i.RTC_DateStructInit), (14 bytes).
    Removing stm32f4xx_rtc.o(i.RTC_DayLightSavingConfig), (56 bytes).
    Removing stm32f4xx_rtc.o(i.RTC_DeInit), (192 bytes).
    Removing stm32f4xx_rtc.o(i.RTC_EnterInitMode), (80 bytes).
    Removing stm32f4xx_rtc.o(i.RTC_ExitInitMode), (20 bytes).
    Removing stm32f4xx_rtc.o(i.RTC_GetAlarm), (116 bytes).
    Removing stm32f4xx_rtc.o(i.RTC_GetAlarmSubSecond), (36 bytes).
    Removing stm32f4xx_rtc.o(i.RTC_GetDate), (76 bytes).
    Removing stm32f4xx_rtc.o(i.RTC_GetFlagStatus), (40 bytes).
    Removing stm32f4xx_rtc.o(i.RTC_GetITStatus), (64 bytes).
    Removing stm32f4xx_rtc.o(i.RTC_GetStoreOperation), (16 bytes).
    Removing stm32f4xx_rtc.o(i.RTC_GetSubSecond), (20 bytes).
    Removing stm32f4xx_rtc.o(i.RTC_GetTime), (80 bytes).
    Removing stm32f4xx_rtc.o(i.RTC_GetTimeStamp), (156 bytes).
    Removing stm32f4xx_rtc.o(i.RTC_GetTimeStampSubSecond), (12 bytes).
    Removing stm32f4xx_rtc.o(i.RTC_GetWakeUpCounter), (12 bytes).
    Removing stm32f4xx_rtc.o(i.RTC_ITConfig), (100 bytes).
    Removing stm32f4xx_rtc.o(i.RTC_Init), (100 bytes).
    Removing stm32f4xx_rtc.o(i.RTC_OutputConfig), (56 bytes).
    Removing stm32f4xx_rtc.o(i.RTC_OutputTypeConfig), (28 bytes).
    Removing stm32f4xx_rtc.o(i.RTC_ReadBackupRegister), (32 bytes).
    Removing stm32f4xx_rtc.o(i.RTC_RefClockCmd), (80 bytes).
    Removing stm32f4xx_rtc.o(i.RTC_SetAlarm), (220 bytes).
    Removing stm32f4xx_rtc.o(i.RTC_SetDate), (180 bytes).
    Removing stm32f4xx_rtc.o(i.RTC_SetTime), (184 bytes).
    Removing stm32f4xx_rtc.o(i.RTC_SetWakeUpCounter), (28 bytes).
    Removing stm32f4xx_rtc.o(i.RTC_SmoothCalibConfig), (96 bytes).
    Removing stm32f4xx_rtc.o(i.RTC_StructInit), (14 bytes).
    Removing stm32f4xx_rtc.o(i.RTC_SynchroShiftConfig), (124 bytes).
    Removing stm32f4xx_rtc.o(i.RTC_TamperCmd), (32 bytes).
    Removing stm32f4xx_rtc.o(i.RTC_TamperFilterConfig), (28 bytes).
    Removing stm32f4xx_rtc.o(i.RTC_TamperPinSelection), (28 bytes).
    Removing stm32f4xx_rtc.o(i.RTC_TamperPinsPrechargeDuration), (28 bytes).
    Removing stm32f4xx_rtc.o(i.RTC_TamperPullUpCmd), (36 bytes).
    Removing stm32f4xx_rtc.o(i.RTC_TamperSamplingFreqConfig), (28 bytes).
    Removing stm32f4xx_rtc.o(i.RTC_TamperTriggerConfig), (36 bytes).
    Removing stm32f4xx_rtc.o(i.RTC_TimeStampCmd), (56 bytes).
    Removing stm32f4xx_rtc.o(i.RTC_TimeStampOnTamperDetectionCmd), (36 bytes).
    Removing stm32f4xx_rtc.o(i.RTC_TimeStampPinSelection), (28 bytes).
    Removing stm32f4xx_rtc.o(i.RTC_TimeStructInit), (12 bytes).
    Removing stm32f4xx_rtc.o(i.RTC_WaitForSynchro), (96 bytes).
    Removing stm32f4xx_rtc.o(i.RTC_WakeUpClockConfig), (48 bytes).
    Removing stm32f4xx_rtc.o(i.RTC_WakeUpCmd), (120 bytes).
    Removing stm32f4xx_rtc.o(i.RTC_WriteBackupRegister), (28 bytes).
    Removing stm32f4xx_rtc.o(i.RTC_WriteProtectionCmd), (28 bytes).
    Removing stm32f4xx_sdio.o(.emb_text), (8 bytes).
    Removing stm32f4xx_sdio.o(i.SDIO_CEATAITCmd), (16 bytes).
    Removing stm32f4xx_sdio.o(i.SDIO_ClearFlag), (12 bytes).
    Removing stm32f4xx_sdio.o(i.SDIO_ClearITPendingBit), (12 bytes).
    Removing stm32f4xx_sdio.o(i.SDIO_ClockCmd), (12 bytes).
    Removing stm32f4xx_sdio.o(i.SDIO_CmdStructInit), (14 bytes).
    Removing stm32f4xx_sdio.o(i.SDIO_CommandCompletionCmd), (12 bytes).
    Removing stm32f4xx_sdio.o(i.SDIO_DMACmd), (12 bytes).
    Removing stm32f4xx_sdio.o(i.SDIO_DataConfig), (52 bytes).
    Removing stm32f4xx_sdio.o(i.SDIO_DataStructInit), (20 bytes).
    Removing stm32f4xx_sdio.o(i.SDIO_DeInit), (22 bytes).
    Removing stm32f4xx_sdio.o(i.SDIO_GetCommandResponse), (12 bytes).
    Removing stm32f4xx_sdio.o(i.SDIO_GetDataCounter), (12 bytes).
    Removing stm32f4xx_sdio.o(i.SDIO_GetFIFOCount), (12 bytes).
    Removing stm32f4xx_sdio.o(i.SDIO_GetFlagStatus), (24 bytes).
    Removing stm32f4xx_sdio.o(i.SDIO_GetITStatus), (24 bytes).
    Removing stm32f4xx_sdio.o(i.SDIO_GetPowerState), (16 bytes).
    Removing stm32f4xx_sdio.o(i.SDIO_GetResponse), (24 bytes).
    Removing stm32f4xx_sdio.o(i.SDIO_ITConfig), (32 bytes).
    Removing stm32f4xx_sdio.o(i.SDIO_Init), (48 bytes).
    Removing stm32f4xx_sdio.o(i.SDIO_ReadData), (12 bytes).
    Removing stm32f4xx_sdio.o(i.SDIO_SendCEATACmd), (12 bytes).
    Removing stm32f4xx_sdio.o(i.SDIO_SendCommand), (44 bytes).
    Removing stm32f4xx_sdio.o(i.SDIO_SendSDIOSuspendCmd), (12 bytes).
    Removing stm32f4xx_sdio.o(i.SDIO_SetPowerState), (12 bytes).
    Removing stm32f4xx_sdio.o(i.SDIO_SetSDIOOperation), (12 bytes).
    Removing stm32f4xx_sdio.o(i.SDIO_SetSDIOReadWaitMode), (12 bytes).
    Removing stm32f4xx_sdio.o(i.SDIO_StartSDIOReadWait), (12 bytes).
    Removing stm32f4xx_sdio.o(i.SDIO_StopSDIOReadWait), (12 bytes).
    Removing stm32f4xx_sdio.o(i.SDIO_StructInit), (16 bytes).
    Removing stm32f4xx_sdio.o(i.SDIO_WriteData), (12 bytes).
    Removing stm32f4xx_spi.o(.emb_text), (8 bytes).
    Removing stm32f4xx_spi.o(i.I2S_Cmd), (24 bytes).
    Removing stm32f4xx_spi.o(i.I2S_FullDuplexConfig), (80 bytes).
    Removing stm32f4xx_spi.o(i.I2S_Init), (360 bytes).
    Removing stm32f4xx_spi.o(i.I2S_StructInit), (20 bytes).
    Removing stm32f4xx_spi.o(i.SPI_BiDirectionalLineConfig), (28 bytes).
    Removing stm32f4xx_spi.o(i.SPI_CalculateCRC), (24 bytes).
    Removing stm32f4xx_spi.o(i.SPI_Cmd), (24 bytes).
    Removing stm32f4xx_spi.o(i.SPI_DataSizeConfig), (18 bytes).
    Removing stm32f4xx_spi.o(i.SPI_GetCRC), (16 bytes).
    Removing stm32f4xx_spi.o(i.SPI_GetCRCPolynomial), (6 bytes).
    Removing stm32f4xx_spi.o(i.SPI_I2S_ClearFlag), (6 bytes).
    Removing stm32f4xx_spi.o(i.SPI_I2S_ClearITPendingBit), (20 bytes).
    Removing stm32f4xx_spi.o(i.SPI_I2S_DMACmd), (18 bytes).
    Removing stm32f4xx_spi.o(i.SPI_I2S_DeInit), (88 bytes).
    Removing stm32f4xx_spi.o(i.SPI_I2S_GetFlagStatus), (18 bytes).
    Removing stm32f4xx_spi.o(i.SPI_I2S_GetITStatus), (52 bytes).
    Removing stm32f4xx_spi.o(i.SPI_I2S_ITConfig), (32 bytes).
    Removing stm32f4xx_spi.o(i.SPI_I2S_ReceiveData), (6 bytes).
    Removing stm32f4xx_spi.o(i.SPI_I2S_SendData), (4 bytes).
    Removing stm32f4xx_spi.o(i.SPI_Init), (60 bytes).
    Removing stm32f4xx_spi.o(i.SPI_NSSInternalSoftwareConfig), (30 bytes).
    Removing stm32f4xx_spi.o(i.SPI_SSOutputCmd), (24 bytes).
    Removing stm32f4xx_spi.o(i.SPI_StructInit), (24 bytes).
    Removing stm32f4xx_spi.o(i.SPI_TIModeCmd), (24 bytes).
    Removing stm32f4xx_spi.o(i.SPI_TransmitCRC), (10 bytes).
    Removing stm32f4xx_syscfg.o(.emb_text), (8 bytes).
    Removing stm32f4xx_syscfg.o(i.SYSCFG_CompensationCellCmd), (12 bytes).
    Removing stm32f4xx_syscfg.o(i.SYSCFG_DeInit), (22 bytes).
    Removing stm32f4xx_syscfg.o(i.SYSCFG_ETH_MediaInterfaceConfig), (12 bytes).
    Removing stm32f4xx_syscfg.o(i.SYSCFG_GetCompensationCellStatus), (24 bytes).
    Removing stm32f4xx_syscfg.o(i.SYSCFG_MemoryRemapConfig), (12 bytes).
    Removing stm32f4xx_tim.o(.emb_text), (8 bytes).
    Removing stm32f4xx_tim.o(i.TI1_Config), (58 bytes).
    Removing stm32f4xx_tim.o(i.TI2_Config), (80 bytes).
    Removing stm32f4xx_tim.o(i.TI3_Config), (72 bytes).
    Removing stm32f4xx_tim.o(i.TI4_Config), (80 bytes).
    Removing stm32f4xx_tim.o(i.TIM_ARRPreloadConfig), (24 bytes).
    Removing stm32f4xx_tim.o(i.TIM_BDTRConfig), (32 bytes).
    Removing stm32f4xx_tim.o(i.TIM_BDTRStructInit), (18 bytes).
    Removing stm32f4xx_tim.o(i.TIM_CCPreloadControl), (24 bytes).
    Removing stm32f4xx_tim.o(i.TIM_CCxCmd), (30 bytes).
    Removing stm32f4xx_tim.o(i.TIM_CCxNCmd), (30 bytes).
    Removing stm32f4xx_tim.o(i.TIM_ClearOC1Ref), (18 bytes).
    Removing stm32f4xx_tim.o(i.TIM_ClearOC2Ref), (24 bytes).
    Removing stm32f4xx_tim.o(i.TIM_ClearOC3Ref), (18 bytes).
    Removing stm32f4xx_tim.o(i.TIM_ClearOC4Ref), (24 bytes).
    Removing stm32f4xx_tim.o(i.TIM_CounterModeConfig), (18 bytes).
    Removing stm32f4xx_tim.o(i.TIM_CtrlPWMOutputs), (30 bytes).
    Removing stm32f4xx_tim.o(i.TIM_DMACmd), (18 bytes).
    Removing stm32f4xx_tim.o(i.TIM_DMAConfig), (10 bytes).
    Removing stm32f4xx_tim.o(i.TIM_DeInit), (400 bytes).
    Removing stm32f4xx_tim.o(i.TIM_ETRClockMode1Config), (54 bytes).
    Removing stm32f4xx_tim.o(i.TIM_ETRClockMode2Config), (32 bytes).
    Removing stm32f4xx_tim.o(i.TIM_ETRConfig), (28 bytes).
    Removing stm32f4xx_tim.o(i.TIM_EncoderInterfaceConfig), (66 bytes).
    Removing stm32f4xx_tim.o(i.TIM_ForcedOC1Config), (18 bytes).
    Removing stm32f4xx_tim.o(i.TIM_ForcedOC2Config), (26 bytes).
    Removing stm32f4xx_tim.o(i.TIM_ForcedOC3Config), (18 bytes).
    Removing stm32f4xx_tim.o(i.TIM_ForcedOC4Config), (26 bytes).
    Removing stm32f4xx_tim.o(i.TIM_GenerateEvent), (4 bytes).
    Removing stm32f4xx_tim.o(i.TIM_GetCapture1), (6 bytes).
    Removing stm32f4xx_tim.o(i.TIM_GetCapture2), (6 bytes).
    Removing stm32f4xx_tim.o(i.TIM_GetCapture3), (6 bytes).
    Removing stm32f4xx_tim.o(i.TIM_GetCapture4), (6 bytes).
    Removing stm32f4xx_tim.o(i.TIM_GetCounter), (6 bytes).
    Removing stm32f4xx_tim.o(i.TIM_GetFlagStatus), (18 bytes).
    Removing stm32f4xx_tim.o(i.TIM_GetPrescaler), (6 bytes).
    Removing stm32f4xx_tim.o(i.TIM_ICInit), (110 bytes).
    Removing stm32f4xx_tim.o(i.TIM_ICStructInit), (18 bytes).
    Removing stm32f4xx_tim.o(i.TIM_ITRxExternalClockConfig), (24 bytes).
    Removing stm32f4xx_tim.o(i.TIM_InternalClockConfig), (12 bytes).
    Removing stm32f4xx_tim.o(i.TIM_OC1FastConfig), (18 bytes).
    Removing stm32f4xx_tim.o(i.TIM_OC1Init), (124 bytes).
    Removing stm32f4xx_tim.o(i.TIM_OC1NPolarityConfig), (18 bytes).
    Removing stm32f4xx_tim.o(i.TIM_OC1PolarityConfig), (18 bytes).
    Removing stm32f4xx_tim.o(i.TIM_OC1PreloadConfig), (18 bytes).
    Removing stm32f4xx_tim.o(i.TIM_OC2FastConfig), (26 bytes).
    Removing stm32f4xx_tim.o(i.TIM_OC2Init), (164 bytes).
    Removing stm32f4xx_tim.o(i.TIM_OC2NPolarityConfig), (26 bytes).
    Removing stm32f4xx_tim.o(i.TIM_OC2PolarityConfig), (26 bytes).
    Removing stm32f4xx_tim.o(i.TIM_OC2PreloadConfig), (26 bytes).
    Removing stm32f4xx_tim.o(i.TIM_OC3FastConfig), (18 bytes).
    Removing stm32f4xx_tim.o(i.TIM_OC3Init), (160 bytes).
    Removing stm32f4xx_tim.o(i.TIM_OC3NPolarityConfig), (26 bytes).
    Removing stm32f4xx_tim.o(i.TIM_OC3PolarityConfig), (26 bytes).
    Removing stm32f4xx_tim.o(i.TIM_OC3PreloadConfig), (18 bytes).
    Removing stm32f4xx_tim.o(i.TIM_OC4FastConfig), (26 bytes).
    Removing stm32f4xx_tim.o(i.TIM_OC4Init), (120 bytes).
    Removing stm32f4xx_tim.o(i.TIM_OC4PolarityConfig), (26 bytes).
    Removing stm32f4xx_tim.o(i.TIM_OC4PreloadConfig), (26 bytes).
    Removing stm32f4xx_tim.o(i.TIM_OCStructInit), (20 bytes).
    Removing stm32f4xx_tim.o(i.TIM_PWMIConfig), (124 bytes).
    Removing stm32f4xx_tim.o(i.TIM_PrescalerConfig), (6 bytes).
    Removing stm32f4xx_tim.o(i.TIM_RemapConfig), (6 bytes).
    Removing stm32f4xx_tim.o(i.TIM_SelectCCDMA), (24 bytes).
    Removing stm32f4xx_tim.o(i.TIM_SelectCOM), (24 bytes).
    Removing stm32f4xx_tim.o(i.TIM_SelectHallSensor), (24 bytes).
    Removing stm32f4xx_tim.o(i.TIM_SelectInputTrigger), (18 bytes).
    Removing stm32f4xx_tim.o(i.TIM_SelectMasterSlaveMode), (18 bytes).
    Removing stm32f4xx_tim.o(i.TIM_SelectOCxM), (86 bytes).
    Removing stm32f4xx_tim.o(i.TIM_SelectOnePulseMode), (18 bytes).
    Removing stm32f4xx_tim.o(i.TIM_SelectOutputTrigger), (18 bytes).
    Removing stm32f4xx_tim.o(i.TIM_SelectSlaveMode), (18 bytes).
    Removing stm32f4xx_tim.o(i.TIM_SetAutoreload), (4 bytes).
    Removing stm32f4xx_tim.o(i.TIM_SetClockDivision), (18 bytes).
    Removing stm32f4xx_tim.o(i.TIM_SetCompare1), (4 bytes).
    Removing stm32f4xx_tim.o(i.TIM_SetCompare2), (4 bytes).
    Removing stm32f4xx_tim.o(i.TIM_SetCompare3), (4 bytes).
    Removing stm32f4xx_tim.o(i.TIM_SetCompare4), (4 bytes).
    Removing stm32f4xx_tim.o(i.TIM_SetCounter), (4 bytes).
    Removing stm32f4xx_tim.o(i.TIM_SetIC1Prescaler), (18 bytes).
    Removing stm32f4xx_tim.o(i.TIM_SetIC2Prescaler), (26 bytes).
    Removing stm32f4xx_tim.o(i.TIM_SetIC3Prescaler), (18 bytes).
    Removing stm32f4xx_tim.o(i.TIM_SetIC4Prescaler), (26 bytes).
    Removing stm32f4xx_tim.o(i.TIM_TIxExternalClockConfig), (62 bytes).
    Removing stm32f4xx_tim.o(i.TIM_TimeBaseStructInit), (18 bytes).
    Removing stm32f4xx_tim.o(i.TIM_UpdateDisableConfig), (24 bytes).
    Removing stm32f4xx_tim.o(i.TIM_UpdateRequestConfig), (24 bytes).
    Removing stm32f4xx_usart.o(.emb_text), (8 bytes).
    Removing stm32f4xx_usart.o(i.USART_ClearFlag), (6 bytes).
    Removing stm32f4xx_usart.o(i.USART_ClearITPendingBit), (20 bytes).
    Removing stm32f4xx_usart.o(i.USART_ClockInit), (32 bytes).
    Removing stm32f4xx_usart.o(i.USART_ClockStructInit), (12 bytes).
    Removing stm32f4xx_usart.o(i.USART_DMACmd), (18 bytes).
    Removing stm32f4xx_usart.o(i.USART_DeInit), (180 bytes).
    Removing stm32f4xx_usart.o(i.USART_GetITStatus), (76 bytes).
    Removing stm32f4xx_usart.o(i.USART_HalfDuplexCmd), (24 bytes).
    Removing stm32f4xx_usart.o(i.USART_IrDACmd), (24 bytes).
    Removing stm32f4xx_usart.o(i.USART_IrDAConfig), (18 bytes).
    Removing stm32f4xx_usart.o(i.USART_LINBreakDetectLengthConfig), (18 bytes).
    Removing stm32f4xx_usart.o(i.USART_LINCmd), (24 bytes).
    Removing stm32f4xx_usart.o(i.USART_OneBitMethodCmd), (24 bytes).
    Removing stm32f4xx_usart.o(i.USART_OverSampling8Cmd), (22 bytes).
    Removing stm32f4xx_usart.o(i.USART_ReceiveData), (10 bytes).
    Removing stm32f4xx_usart.o(i.USART_ReceiverWakeUpCmd), (24 bytes).
    Removing stm32f4xx_usart.o(i.USART_SendBreak), (10 bytes).
    Removing stm32f4xx_usart.o(i.USART_SetAddress), (18 bytes).
    Removing stm32f4xx_usart.o(i.USART_SetGuardTime), (16 bytes).
    Removing stm32f4xx_usart.o(i.USART_SetPrescaler), (16 bytes).
    Removing stm32f4xx_usart.o(i.USART_SmartCardCmd), (24 bytes).
    Removing stm32f4xx_usart.o(i.USART_SmartCardNACKCmd), (24 bytes).
    Removing stm32f4xx_usart.o(i.USART_StructInit), (24 bytes).
    Removing stm32f4xx_usart.o(i.USART_WakeUpConfig), (18 bytes).
    Removing stm32f4xx_wwdg.o(.emb_text), (8 bytes).
    Removing stm32f4xx_wwdg.o(i.WWDG_ClearFlag), (12 bytes).
    Removing stm32f4xx_wwdg.o(i.WWDG_DeInit), (22 bytes).
    Removing stm32f4xx_wwdg.o(i.WWDG_Enable), (16 bytes).
    Removing stm32f4xx_wwdg.o(i.WWDG_EnableIT), (12 bytes).
    Removing stm32f4xx_wwdg.o(i.WWDG_GetFlagStatus), (20 bytes).
    Removing stm32f4xx_wwdg.o(i.WWDG_SetCounter), (16 bytes).
    Removing stm32f4xx_wwdg.o(i.WWDG_SetPrescaler), (24 bytes).
    Removing stm32f4xx_wwdg.o(i.WWDG_SetWindowValue), (40 bytes).
    Removing delay.o(.emb_text), (8 bytes).
    Removing delay.o(i.__DELAY), (14 bytes).
    Removing gsm.o(.emb_text), (8 bytes).
    Removing gsm.o(i.GSM_Get_baud), (80 bytes).
    Removing gsm.o(i.GSM_Read_SMS), (88 bytes).
    Removing gsm.o(i.MQTT_Config), (128 bytes).
    Removing gsm.o(i.UART4_IRQHandler), (1028 bytes).
    Removing spi_sd.o(.emb_text), (8 bytes).
    Removing spi_sd.o(i.SD_DeInit), (8 bytes).
    Removing spi_sd.o(i.SD_GetCIDRegister), (264 bytes).
    Removing spi_sd.o(i.SD_GetCSDRegister), (520 bytes).
    Removing spi_sd.o(i.SD_GetCardInfo), (62 bytes).
    Removing spi_sd.o(i.SD_GetDataResponse), (76 bytes).
    Removing spi_sd.o(i.SD_GetResponse), (34 bytes).
    Removing spi_sd.o(i.SD_GetStatus), (60 bytes).
    Removing spi_sd.o(i.SD_GoIdleState), (100 bytes).
    Removing spi_sd.o(i.SD_Init), (44 bytes).
    Removing spi_sd.o(i.SD_LowLevel_DeInit), (96 bytes).
    Removing spi_sd.o(i.SD_LowLevel_Init), (216 bytes).
    Removing spi_sd.o(i.SD_ReadBlock), (104 bytes).
    Removing spi_sd.o(i.SD_ReadByte), (10 bytes).
    Removing spi_sd.o(i.SD_ReadMultiBlocks), (140 bytes).
    Removing spi_sd.o(i.SD_SendCmd), (70 bytes).
    Removing spi_sd.o(i.SD_WriteBlock), (116 bytes).
    Removing spi_sd.o(i.SD_WriteByte), (12 bytes).
    Removing spi_sd.o(i.SD_WriteMultiBlocks), (152 bytes).
    Removing spi_sd.o(i.STM_SPI_WriteRead), (60 bytes).
    Removing ads1299.o(.emb_text), (8 bytes).
    Removing ads1299.o(i.SPI_NO_DELAY_TX), (60 bytes).
    Removing ads1299.o(i.SPI_TX), (68 bytes).
    Removing ads1299.o(i.ads1299_init), (140 bytes).
    Removing ads1299.o(i.ads1299_pwr_up_seq), (60 bytes).
    Removing ads1299.o(i.ads1299_read_data), (204 bytes).
    Removing ads1299.o(i.ads1299_read_reg), (68 bytes).
    Removing ads1299.o(i.ads1299_stop_dataread), (48 bytes).
    Removing ads1299.o(i.ads1299_write_reg), (68 bytes).
    Removing system_stm32f4xx.o(.emb_text), (8 bytes).
    Removing system_stm32f4xx.o(i.SystemCoreClockUpdate), (192 bytes).
    Removing system_stm32f4xx.o(.constdata), (24 bytes).
    Removing system_stm32f4xx.o(.data), (4 bytes).

641 unused section(s) (total 30816 bytes) removed from the image.

==============================================================================

Image Symbol Table

    Local Symbols

    Symbol Name                              Value     Ov Type        Size  Object(Section)

    ../clib/angel/boardlib.s                 0x00000000   Number         0  boardshut.o ABSOLUTE
    ../clib/angel/boardlib.s                 0x00000000   Number         0  boardinit1.o ABSOLUTE
    ../clib/angel/boardlib.s                 0x00000000   Number         0  boardinit2.o ABSOLUTE
    ../clib/angel/boardlib.s                 0x00000000   Number         0  boardinit3.o ABSOLUTE
    ../clib/angel/handlers.s                 0x00000000   Number         0  __scatter_copy.o ABSOLUTE
    ../clib/angel/handlers.s                 0x00000000   Number         0  __scatter_zi.o ABSOLUTE
    ../clib/angel/kernel.s                   0x00000000   Number         0  rtexit.o ABSOLUTE
    ../clib/angel/kernel.s                   0x00000000   Number         0  __rtentry.o ABSOLUTE
    ../clib/angel/kernel.s                   0x00000000   Number         0  rtexit2.o ABSOLUTE
    ../clib/angel/kernel.s                   0x00000000   Number         0  __rtentry4.o ABSOLUTE
    ../clib/angel/kernel.s                   0x00000000   Number         0  __rtentry2.o ABSOLUTE
    ../clib/angel/rt.s                       0x00000000   Number         0  rt_raise.o ABSOLUTE
    ../clib/angel/scatter.s                  0x00000000   Number         0  __scatter.o ABSOLUTE
    ../clib/angel/startup.s                  0x00000000   Number         0  __main.o ABSOLUTE
    ../clib/angel/sys.s                      0x00000000   Number         0  use_no_semi.o ABSOLUTE
    ../clib/angel/sys.s                      0x00000000   Number         0  libspace.o ABSOLUTE
    ../clib/angel/sys.s                      0x00000000   Number         0  sys_stackheap_outer.o ABSOLUTE
    ../clib/angel/sys.s                      0x00000000   Number         0  indicate_semi.o ABSOLUTE
    ../clib/angel/sysapp.c                   0x00000000   Number         0  sys_exit.o ABSOLUTE
    ../clib/angel/sysapp.c                   0x00000000   Number         0  sys_command.o ABSOLUTE
    ../clib/angel/sysapp.c                   0x00000000   Number         0  sys_wrch.o ABSOLUTE
    ../clib/armsys.c                         0x00000000   Number         0  argv_veneer.o ABSOLUTE
    ../clib/armsys.c                         0x00000000   Number         0  argv_veneer.o ABSOLUTE
    ../clib/armsys.c                         0x00000000   Number         0  _get_argv_nomalloc.o ABSOLUTE
    ../clib/armsys.c                         0x00000000   Number         0  no_argv.o ABSOLUTE
    ../clib/heapalloc.c                      0x00000000   Number         0  hrguard.o ABSOLUTE
    ../clib/heapaux.c                        0x00000000   Number         0  heapauxi.o ABSOLUTE
    ../clib/libinit.s                        0x00000000   Number         0  libshutdown.o ABSOLUTE
    ../clib/libinit.s                        0x00000000   Number         0  libshutdown2.o ABSOLUTE
    ../clib/libinit.s                        0x00000000   Number         0  libinit.o ABSOLUTE
    ../clib/libinit.s                        0x00000000   Number         0  libinit2.o ABSOLUTE
    ../clib/memcpset.s                       0x00000000   Number         0  rt_memclr_w.o ABSOLUTE
    ../clib/memcpset.s                       0x00000000   Number         0  rt_memclr.o ABSOLUTE
    ../clib/memcpset.s                       0x00000000   Number         0  strncpy.o ABSOLUTE
    ../clib/printf.c                         0x00000000   Number         0  __printf_flags_wp.o ABSOLUTE
    ../clib/printf.c                         0x00000000   Number         0  _printf_str.o ABSOLUTE
    ../clib/printf.c                         0x00000000   Number         0  __printf.o ABSOLUTE
    ../clib/printf.c                         0x00000000   Number         0  __printf_wp.o ABSOLUTE
    ../clib/printf.c                         0x00000000   Number         0  __printf_flags_ss.o ABSOLUTE
    ../clib/printf.c                         0x00000000   Number         0  __printf_ss.o ABSOLUTE
    ../clib/printf.c                         0x00000000   Number         0  _printf_intcommon.o ABSOLUTE
    ../clib/printf.c                         0x00000000   Number         0  _sputc.o ABSOLUTE
    ../clib/printf.c                         0x00000000   Number         0  _printf_char.o ABSOLUTE
    ../clib/printf.c                         0x00000000   Number         0  __printf_nopercent.o ABSOLUTE
    ../clib/printf.c                         0x00000000   Number         0  __2sprintf.o ABSOLUTE
    ../clib/printf.c                         0x00000000   Number         0  noretval__2sprintf.o ABSOLUTE
    ../clib/printf.c                         0x00000000   Number         0  __printf_flags.o ABSOLUTE
    ../clib/printf.c                         0x00000000   Number         0  __printf_flags_ss_wp.o ABSOLUTE
    ../clib/printf.c                         0x00000000   Number         0  _printf_char_common.o ABSOLUTE
    ../clib/printf.c                         0x00000000   Number         0  __printf_ss_wp.o ABSOLUTE
    ../clib/printf.c                         0x00000000   Number         0  _printf_dec.o ABSOLUTE
    ../clib/printf_percent.s                 0x00000000   Number         0  _printf_s.o ABSOLUTE
    ../clib/printf_percent.s                 0x00000000   Number         0  _printf_d.o ABSOLUTE
    ../clib/printf_percent.s                 0x00000000   Number         0  _printf_percent_end.o ABSOLUTE
    ../clib/printf_percent.s                 0x00000000   Number         0  _printf_c.o ABSOLUTE
    ../clib/printf_percent.s                 0x00000000   Number         0  _printf_percent.o ABSOLUTE
    ../clib/signal.c                         0x00000000   Number         0  defsig_cppl_inner.o ABSOLUTE
    ../clib/signal.c                         0x00000000   Number         0  defsig_pvfn_inner.o ABSOLUTE
    ../clib/signal.c                         0x00000000   Number         0  defsig_stak_inner.o ABSOLUTE
    ../clib/signal.c                         0x00000000   Number         0  defsig_rtred_inner.o ABSOLUTE
    ../clib/signal.c                         0x00000000   Number         0  defsig_fpe_inner.o ABSOLUTE
    ../clib/signal.c                         0x00000000   Number         0  defsig_abrt_inner.o ABSOLUTE
    ../clib/signal.c                         0x00000000   Number         0  defsig_general.o ABSOLUTE
    ../clib/signal.c                         0x00000000   Number         0  __raise.o ABSOLUTE
    ../clib/signal.c                         0x00000000   Number         0  defsig_rtmem_inner.o ABSOLUTE
    ../clib/signal.c                         0x00000000   Number         0  defsig_exit.o ABSOLUTE
    ../clib/signal.c                         0x00000000   Number         0  defsig_rtmem_formal.o ABSOLUTE
    ../clib/signal.c                         0x00000000   Number         0  defsig_rtmem_outer.o ABSOLUTE
    ../clib/signal.c                         0x00000000   Number         0  defsig_other.o ABSOLUTE
    ../clib/signal.c                         0x00000000   Number         0  defsig_segv_inner.o ABSOLUTE
    ../clib/signal.s                         0x00000000   Number         0  defsig.o ABSOLUTE
    ../clib/stdlib.c                         0x00000000   Number         0  exit.o ABSOLUTE
    ../clib/string.c                         0x00000000   Number         0  strstr.o ABSOLUTE
    ../clib/string.c                         0x00000000   Number         0  strcpy.o ABSOLUTE
    ../clib/string.c                         0x00000000   Number         0  strlen.o ABSOLUTE
    ../fplib/fpinit.s                        0x00000000   Number         0  fpinit.o ABSOLUTE
    Files\\src\\ADS1299.c                    0x00000000   Number         0  ads1299.o ABSOLUTE
    Files\\src\\Delay.c                      0x00000000   Number         0  delay.o ABSOLUTE
    Files\\src\\GSM.c                        0x00000000   Number         0  gsm.o ABSOLUTE
    Files\\src\\SPI_SD.c                     0x00000000   Number         0  spi_sd.o ABSOLUTE
    Files\\src\\main.c                       0x00000000   Number         0  main.o ABSOLUTE
    Files\\src\\misc.c                       0x00000000   Number         0  misc.o ABSOLUTE
    Files\\src\\stm32f4xx_adc.c              0x00000000   Number         0  stm32f4xx_adc.o ABSOLUTE
    Files\\src\\stm32f4xx_can.c              0x00000000   Number         0  stm32f4xx_can.o ABSOLUTE
    Files\\src\\stm32f4xx_crc.c              0x00000000   Number         0  stm32f4xx_crc.o ABSOLUTE
    Files\\src\\stm32f4xx_cryp.c             0x00000000   Number         0  stm32f4xx_cryp.o ABSOLUTE
    Files\\src\\stm32f4xx_cryp_aes.c         0x00000000   Number         0  stm32f4xx_cryp_aes.o ABSOLUTE
    Files\\src\\stm32f4xx_cryp_des.c         0x00000000   Number         0  stm32f4xx_cryp_des.o ABSOLUTE
    Files\\src\\stm32f4xx_cryp_tdes.c        0x00000000   Number         0  stm32f4xx_cryp_tdes.o ABSOLUTE
    Files\\src\\stm32f4xx_dac.c              0x00000000   Number         0  stm32f4xx_dac.o ABSOLUTE
    Files\\src\\stm32f4xx_dbgmcu.c           0x00000000   Number         0  stm32f4xx_dbgmcu.o ABSOLUTE
    Files\\src\\stm32f4xx_dcmi.c             0x00000000   Number         0  stm32f4xx_dcmi.o ABSOLUTE
    Files\\src\\stm32f4xx_dma.c              0x00000000   Number         0  stm32f4xx_dma.o ABSOLUTE
    Files\\src\\stm32f4xx_exti.c             0x00000000   Number         0  stm32f4xx_exti.o ABSOLUTE
    Files\\src\\stm32f4xx_flash.c            0x00000000   Number         0  stm32f4xx_flash.o ABSOLUTE
    Files\\src\\stm32f4xx_fsmc.c             0x00000000   Number         0  stm32f4xx_fsmc.o ABSOLUTE
    Files\\src\\stm32f4xx_gpio.c             0x00000000   Number         0  stm32f4xx_gpio.o ABSOLUTE
    Files\\src\\stm32f4xx_hash.c             0x00000000   Number         0  stm32f4xx_hash.o ABSOLUTE
    Files\\src\\stm32f4xx_hash_md5.c         0x00000000   Number         0  stm32f4xx_hash_md5.o ABSOLUTE
    Files\\src\\stm32f4xx_hash_sha1.c        0x00000000   Number         0  stm32f4xx_hash_sha1.o ABSOLUTE
    Files\\src\\stm32f4xx_i2c.c              0x00000000   Number         0  stm32f4xx_i2c.o ABSOLUTE
    Files\\src\\stm32f4xx_iwdg.c             0x00000000   Number         0  stm32f4xx_iwdg.o ABSOLUTE
    Files\\src\\stm32f4xx_pwr.c              0x00000000   Number         0  stm32f4xx_pwr.o ABSOLUTE
    Files\\src\\stm32f4xx_rcc.c              0x00000000   Number         0  stm32f4xx_rcc.o ABSOLUTE
    Files\\src\\stm32f4xx_rng.c              0x00000000   Number         0  stm32f4xx_rng.o ABSOLUTE
    Files\\src\\stm32f4xx_rtc.c              0x00000000   Number         0  stm32f4xx_rtc.o ABSOLUTE
    Files\\src\\stm32f4xx_sdio.c             0x00000000   Number         0  stm32f4xx_sdio.o ABSOLUTE
    Files\\src\\stm32f4xx_spi.c              0x00000000   Number         0  stm32f4xx_spi.o ABSOLUTE
    Files\\src\\stm32f4xx_syscfg.c           0x00000000   Number         0  stm32f4xx_syscfg.o ABSOLUTE
    Files\\src\\stm32f4xx_tim.c              0x00000000   Number         0  stm32f4xx_tim.o ABSOLUTE
    Files\\src\\stm32f4xx_usart.c            0x00000000   Number         0  stm32f4xx_usart.o ABSOLUTE
    Files\\src\\stm32f4xx_wwdg.c             0x00000000   Number         0  stm32f4xx_wwdg.o ABSOLUTE
    Files\src\ADS1299.c                      0x00000000   Number         0  ads1299.o ABSOLUTE
    Files\src\Delay.c                        0x00000000   Number         0  delay.o ABSOLUTE
    Files\src\GSM.c                          0x00000000   Number         0  gsm.o ABSOLUTE
    Files\src\SPI_SD.c                       0x00000000   Number         0  spi_sd.o ABSOLUTE
    Files\src\main.c                         0x00000000   Number         0  main.o ABSOLUTE
    Files\src\misc.c                         0x00000000   Number         0  misc.o ABSOLUTE
    Files\src\stm32f4xx_adc.c                0x00000000   Number         0  stm32f4xx_adc.o ABSOLUTE
    Files\src\stm32f4xx_can.c                0x00000000   Number         0  stm32f4xx_can.o ABSOLUTE
    Files\src\stm32f4xx_crc.c                0x00000000   Number         0  stm32f4xx_crc.o ABSOLUTE
    Files\src\stm32f4xx_cryp.c               0x00000000   Number         0  stm32f4xx_cryp.o ABSOLUTE
    Files\src\stm32f4xx_cryp_aes.c           0x00000000   Number         0  stm32f4xx_cryp_aes.o ABSOLUTE
    Files\src\stm32f4xx_cryp_des.c           0x00000000   Number         0  stm32f4xx_cryp_des.o ABSOLUTE
    Files\src\stm32f4xx_cryp_tdes.c          0x00000000   Number         0  stm32f4xx_cryp_tdes.o ABSOLUTE
    Files\src\stm32f4xx_dac.c                0x00000000   Number         0  stm32f4xx_dac.o ABSOLUTE
    Files\src\stm32f4xx_dbgmcu.c             0x00000000   Number         0  stm32f4xx_dbgmcu.o ABSOLUTE
    Files\src\stm32f4xx_dcmi.c               0x00000000   Number         0  stm32f4xx_dcmi.o ABSOLUTE
    Files\src\stm32f4xx_dma.c                0x00000000   Number         0  stm32f4xx_dma.o ABSOLUTE
    Files\src\stm32f4xx_exti.c               0x00000000   Number         0  stm32f4xx_exti.o ABSOLUTE
    Files\src\stm32f4xx_flash.c              0x00000000   Number         0  stm32f4xx_flash.o ABSOLUTE
    Files\src\stm32f4xx_fsmc.c               0x00000000   Number         0  stm32f4xx_fsmc.o ABSOLUTE
    Files\src\stm32f4xx_gpio.c               0x00000000   Number         0  stm32f4xx_gpio.o ABSOLUTE
    Files\src\stm32f4xx_hash.c               0x00000000   Number         0  stm32f4xx_hash.o ABSOLUTE
    Files\src\stm32f4xx_hash_md5.c           0x00000000   Number         0  stm32f4xx_hash_md5.o ABSOLUTE
    Files\src\stm32f4xx_hash_sha1.c          0x00000000   Number         0  stm32f4xx_hash_sha1.o ABSOLUTE
    Files\src\stm32f4xx_i2c.c                0x00000000   Number         0  stm32f4xx_i2c.o ABSOLUTE
    Files\src\stm32f4xx_iwdg.c               0x00000000   Number         0  stm32f4xx_iwdg.o ABSOLUTE
    Files\src\stm32f4xx_pwr.c                0x00000000   Number         0  stm32f4xx_pwr.o ABSOLUTE
    Files\src\stm32f4xx_rcc.c                0x00000000   Number         0  stm32f4xx_rcc.o ABSOLUTE
    Files\src\stm32f4xx_rng.c                0x00000000   Number         0  stm32f4xx_rng.o ABSOLUTE
    Files\src\stm32f4xx_rtc.c                0x00000000   Number         0  stm32f4xx_rtc.o ABSOLUTE
    Files\src\stm32f4xx_sdio.c               0x00000000   Number         0  stm32f4xx_sdio.o ABSOLUTE
    Files\src\stm32f4xx_spi.c                0x00000000   Number         0  stm32f4xx_spi.o ABSOLUTE
    Files\src\stm32f4xx_syscfg.c             0x00000000   Number         0  stm32f4xx_syscfg.o ABSOLUTE
    Files\src\stm32f4xx_tim.c                0x00000000   Number         0  stm32f4xx_tim.o ABSOLUTE
    Files\src\stm32f4xx_usart.c              0x00000000   Number         0  stm32f4xx_usart.o ABSOLUTE
    Files\src\stm32f4xx_wwdg.c               0x00000000   Number         0  stm32f4xx_wwdg.o ABSOLUTE
    RTE\Device\STM32F401RETx\startup_stm32f401xe.s 0x00000000   Number         0  startup_stm32f401xe.o ABSOLUTE
    RTE\Device\STM32F401RETx\system_stm32f4xx.c 0x00000000   Number         0  system_stm32f4xx.o ABSOLUTE
    RTE\\Device\\STM32F401RETx\\system_stm32f4xx.c 0x00000000   Number         0  system_stm32f4xx.o ABSOLUTE
    dc.s                                     0x00000000   Number         0  dc.o ABSOLUTE
    RESET                                    0x08000000   Section      404  startup_stm32f401xe.o(RESET)
    !!!main                                  0x08000194   Section        8  __main.o(!!!main)
    !!!scatter                               0x0800019c   Section       52  __scatter.o(!!!scatter)
    !!handler_copy                           0x080001d0   Section       26  __scatter_copy.o(!!handler_copy)
    !!handler_zi                             0x080001ec   Section       28  __scatter_zi.o(!!handler_zi)
    .ARM.Collect$$_printf_percent$$00000000  0x08000208   Section        0  _printf_percent.o(.ARM.Collect$$_printf_percent$$00000000)
    .ARM.Collect$$_printf_percent$$00000009  0x08000208   Section        6  _printf_d.o(.ARM.Collect$$_printf_percent$$00000009)
    .ARM.Collect$$_printf_percent$$00000013  0x0800020e   Section        6  _printf_c.o(.ARM.Collect$$_printf_percent$$00000013)
    .ARM.Collect$$_printf_percent$$00000014  0x08000214   Section        6  _printf_s.o(.ARM.Collect$$_printf_percent$$00000014)
    .ARM.Collect$$_printf_percent$$00000017  0x0800021a   Section        4  _printf_percent_end.o(.ARM.Collect$$_printf_percent$$00000017)
    .ARM.Collect$$libinit$$00000000          0x0800021e   Section        2  libinit.o(.ARM.Collect$$libinit$$00000000)
    .ARM.Collect$$libinit$$00000001          0x08000220   Section        4  libinit2.o(.ARM.Collect$$libinit$$00000001)
    .ARM.Collect$$libinit$$00000004          0x08000224   Section        0  libinit2.o(.ARM.Collect$$libinit$$00000004)
    .ARM.Collect$$libinit$$0000000A          0x08000224   Section        0  libinit2.o(.ARM.Collect$$libinit$$0000000A)
    .ARM.Collect$$libinit$$0000000C          0x08000224   Section        0  libinit2.o(.ARM.Collect$$libinit$$0000000C)
    .ARM.Collect$$libinit$$0000000E          0x08000224   Section        0  libinit2.o(.ARM.Collect$$libinit$$0000000E)
    .ARM.Collect$$libinit$$00000011          0x08000224   Section        0  libinit2.o(.ARM.Collect$$libinit$$00000011)
    .ARM.Collect$$libinit$$00000013          0x08000224   Section        0  libinit2.o(.ARM.Collect$$libinit$$00000013)
    .ARM.Collect$$libinit$$00000015          0x08000224   Section        0  libinit2.o(.ARM.Collect$$libinit$$00000015)
    .ARM.Collect$$libinit$$00000017          0x08000224   Section        0  libinit2.o(.ARM.Collect$$libinit$$00000017)
    .ARM.Collect$$libinit$$00000019          0x08000224   Section        0  libinit2.o(.ARM.Collect$$libinit$$00000019)
    .ARM.Collect$$libinit$$0000001B          0x08000224   Section        0  libinit2.o(.ARM.Collect$$libinit$$0000001B)
    .ARM.Collect$$libinit$$0000001D          0x08000224   Section        0  libinit2.o(.ARM.Collect$$libinit$$0000001D)
    .ARM.Collect$$libinit$$0000001F          0x08000224   Section        0  libinit2.o(.ARM.Collect$$libinit$$0000001F)
    .ARM.Collect$$libinit$$00000021          0x08000224   Section        0  libinit2.o(.ARM.Collect$$libinit$$00000021)
    .ARM.Collect$$libinit$$00000023          0x08000224   Section        0  libinit2.o(.ARM.Collect$$libinit$$00000023)
    .ARM.Collect$$libinit$$00000025          0x08000224   Section        0  libinit2.o(.ARM.Collect$$libinit$$00000025)
    .ARM.Collect$$libinit$$0000002C          0x08000224   Section        0  libinit2.o(.ARM.Collect$$libinit$$0000002C)
    .ARM.Collect$$libinit$$0000002E          0x08000224   Section        0  libinit2.o(.ARM.Collect$$libinit$$0000002E)
    .ARM.Collect$$libinit$$00000030          0x08000224   Section        0  libinit2.o(.ARM.Collect$$libinit$$00000030)
    .ARM.Collect$$libinit$$00000032          0x08000224   Section        0  libinit2.o(.ARM.Collect$$libinit$$00000032)
    .ARM.Collect$$libinit$$00000033          0x08000224   Section        2  libinit2.o(.ARM.Collect$$libinit$$00000033)
    .ARM.Collect$$libshutdown$$00000000      0x08000226   Section        2  libshutdown.o(.ARM.Collect$$libshutdown$$00000000)
    .ARM.Collect$$libshutdown$$00000002      0x08000228   Section        0  libshutdown2.o(.ARM.Collect$$libshutdown$$00000002)
    .ARM.Collect$$libshutdown$$00000004      0x08000228   Section        0  libshutdown2.o(.ARM.Collect$$libshutdown$$00000004)
    .ARM.Collect$$libshutdown$$00000007      0x08000228   Section        0  libshutdown2.o(.ARM.Collect$$libshutdown$$00000007)
    .ARM.Collect$$libshutdown$$0000000A      0x08000228   Section        0  libshutdown2.o(.ARM.Collect$$libshutdown$$0000000A)
    .ARM.Collect$$libshutdown$$0000000C      0x08000228   Section        0  libshutdown2.o(.ARM.Collect$$libshutdown$$0000000C)
    .ARM.Collect$$libshutdown$$0000000F      0x08000228   Section        0  libshutdown2.o(.ARM.Collect$$libshutdown$$0000000F)
    .ARM.Collect$$libshutdown$$00000010      0x08000228   Section        2  libshutdown2.o(.ARM.Collect$$libshutdown$$00000010)
    .ARM.Collect$$rtentry$$00000000          0x0800022a   Section        0  __rtentry.o(.ARM.Collect$$rtentry$$00000000)
    .ARM.Collect$$rtentry$$00000002          0x0800022a   Section        0  __rtentry2.o(.ARM.Collect$$rtentry$$00000002)
    .ARM.Collect$$rtentry$$00000004          0x0800022a   Section        6  __rtentry4.o(.ARM.Collect$$rtentry$$00000004)
    .ARM.Collect$$rtentry$$00000009          0x08000230   Section        0  __rtentry2.o(.ARM.Collect$$rtentry$$00000009)
    .ARM.Collect$$rtentry$$0000000A          0x08000230   Section        4  __rtentry2.o(.ARM.Collect$$rtentry$$0000000A)
    .ARM.Collect$$rtentry$$0000000C          0x08000234   Section        0  __rtentry2.o(.ARM.Collect$$rtentry$$0000000C)
    .ARM.Collect$$rtentry$$0000000D          0x08000234   Section        8  __rtentry2.o(.ARM.Collect$$rtentry$$0000000D)
    .ARM.Collect$$rtexit$$00000000           0x0800023c   Section        2  rtexit.o(.ARM.Collect$$rtexit$$00000000)
    .ARM.Collect$$rtexit$$00000002           0x0800023e   Section        0  rtexit2.o(.ARM.Collect$$rtexit$$00000002)
    .ARM.Collect$$rtexit$$00000003           0x0800023e   Section        4  rtexit2.o(.ARM.Collect$$rtexit$$00000003)
    .ARM.Collect$$rtexit$$00000004           0x08000242   Section        6  rtexit2.o(.ARM.Collect$$rtexit$$00000004)
    .text                                    0x08000248   Section       64  startup_stm32f401xe.o(.text)
    $v0                                      0x08000248   Number         0  startup_stm32f401xe.o(.text)
    .text                                    0x08000288   Section        0  noretval__2sprintf.o(.text)
    .text                                    0x080002b0   Section        0  __printf.o(.text)
    .text                                    0x08000318   Section        0  _printf_str.o(.text)
    .text                                    0x0800036c   Section        0  _printf_dec.o(.text)
    .text                                    0x080003e4   Section        0  heapauxi.o(.text)
    .text                                    0x080003ea   Section        0  _printf_intcommon.o(.text)
    .text                                    0x0800049c   Section        0  _printf_char_common.o(.text)
    _printf_input_char                       0x0800049d   Thumb Code    10  _printf_char_common.o(.text)
    .text                                    0x080004cc   Section        0  _sputc.o(.text)
    .text                                    0x080004d6   Section        0  _printf_char.o(.text)
    .text                                    0x08000502   Section       74  sys_stackheap_outer.o(.text)
    .text                                    0x0800054c   Section        0  exit.o(.text)
    .text                                    0x08000560   Section        8  libspace.o(.text)
    .text                                    0x08000568   Section        0  sys_exit.o(.text)
    .text                                    0x08000574   Section        2  use_no_semi.o(.text)
    .text                                    0x08000576   Section        0  indicate_semi.o(.text)
    i.EXTI2_IRQHandler                       0x08000578   Section        0  main.o(i.EXTI2_IRQHandler)
    i.EXTI_ClearITPendingBit                 0x080005d8   Section        0  stm32f4xx_exti.o(i.EXTI_ClearITPendingBit)
    i.EXTI_GetITStatus                       0x080005e4   Section        0  stm32f4xx_exti.o(i.EXTI_GetITStatus)
    i.EXTI_Init                              0x0800060c   Section        0  stm32f4xx_exti.o(i.EXTI_Init)
    i.GPIO_Config                            0x080006a0   Section        0  main.o(i.GPIO_Config)
    i.GPIO_Init                              0x080006e0   Section        0  stm32f4xx_gpio.o(i.GPIO_Init)
    i.GPIO_PinAFConfig                       0x08000770   Section        0  stm32f4xx_gpio.o(i.GPIO_PinAFConfig)
    i.GPIO_ReadInputDataBit                  0x080007b6   Section        0  stm32f4xx_gpio.o(i.GPIO_ReadInputDataBit)
    i.GPIO_ResetBits                         0x080007c8   Section        0  stm32f4xx_gpio.o(i.GPIO_ResetBits)
    i.GPIO_SetBits                           0x080007cc   Section        0  stm32f4xx_gpio.o(i.GPIO_SetBits)
    i.GPIO_StructInit                        0x080007d0   Section        0  stm32f4xx_gpio.o(i.GPIO_StructInit)
    i.GPIO_ToggleBits                        0x080007e2   Section        0  stm32f4xx_gpio.o(i.GPIO_ToggleBits)
    i.GSM_Activate_PDP_Context               0x080007ec   Section        0  gsm.o(i.GSM_Activate_PDP_Context)
    i.GSM_COM_Init                           0x08000834   Section        0  gsm.o(i.GSM_COM_Init)
    i.GSM_Connect_Server                     0x0800093c   Section        0  gsm.o(i.GSM_Connect_Server)
    i.GSM_GPS_Activate                       0x08000a08   Section        0  gsm.o(i.GSM_GPS_Activate)
    i.GSM_GPS_Deactivate                     0x08000a30   Section        0  gsm.o(i.GSM_GPS_Deactivate)
    i.GSM_Get_IMEI                           0x08000a58   Section        0  gsm.o(i.GSM_Get_IMEI)
    i.GSM_Get_RSSI                           0x08000a9c   Section        0  gsm.o(i.GSM_Get_RSSI)
    i.GSM_REG_STATUS                         0x08000ae0   Section        0  gsm.o(i.GSM_REG_STATUS)
    i.GSM_Reset                              0x08000b24   Section        0  gsm.o(i.GSM_Reset)
    i.GSM_SendData_s                         0x08000b50   Section        0  gsm.o(i.GSM_SendData_s)
    i.GSM_Send_Connect_PKT                   0x08000b88   Section        0  gsm.o(i.GSM_Send_Connect_PKT)
    i.GSM_Send_Publish_PKT                   0x08000c38   Section        0  gsm.o(i.GSM_Send_Publish_PKT)
    i.GSM_Send_Subscribe_PKT                 0x08000cf8   Section        0  gsm.o(i.GSM_Send_Subscribe_PKT)
    i.GSM_Set_APN                            0x08000d78   Section        0  gsm.o(i.GSM_Set_APN)
    i.GSM_Set_baud                           0x08000de4   Section        0  gsm.o(i.GSM_Set_baud)
    i.NVIC_Init                              0x08000e38   Section        0  misc.o(i.NVIC_Init)
    i.RCC_AHB1PeriphClockCmd                 0x08000eb0   Section        0  stm32f4xx_rcc.o(i.RCC_AHB1PeriphClockCmd)
    i.RCC_APB1PeriphClockCmd                 0x08000ed0   Section        0  stm32f4xx_rcc.o(i.RCC_APB1PeriphClockCmd)
    i.RCC_APB2PeriphClockCmd                 0x08000ef0   Section        0  stm32f4xx_rcc.o(i.RCC_APB2PeriphClockCmd)
    i.RCC_GetClocksFreq                      0x08000f10   Section        0  stm32f4xx_rcc.o(i.RCC_GetClocksFreq)
    i.SYSCFG_EXTILineConfig                  0x08000ff8   Section        0  stm32f4xx_syscfg.o(i.SYSCFG_EXTILineConfig)
    i.SystemInit                             0x08001038   Section        0  system_stm32f4xx.o(i.SystemInit)
    i.TIM3_IRQHandler                        0x08001054   Section        0  main.o(i.TIM3_IRQHandler)
    i.TIM_ClearFlag                          0x080010a0   Section        0  stm32f4xx_tim.o(i.TIM_ClearFlag)
    i.TIM_ClearITPendingBit                  0x080010a6   Section        0  stm32f4xx_tim.o(i.TIM_ClearITPendingBit)
    i.TIM_Cmd                                0x080010ac   Section        0  stm32f4xx_tim.o(i.TIM_Cmd)
    i.TIM_GetITStatus                        0x080010c4   Section        0  stm32f4xx_tim.o(i.TIM_GetITStatus)
    i.TIM_ITConfig                           0x080010e6   Section        0  stm32f4xx_tim.o(i.TIM_ITConfig)
    i.TIM_TimeBaseInit                       0x080010f8   Section        0  stm32f4xx_tim.o(i.TIM_TimeBaseInit)
    i.Timer_Config                           0x0800117c   Section        0  main.o(i.Timer_Config)
    i.Timer_Start                            0x080011e0   Section        0  main.o(i.Timer_Start)
    i.Timer_Stop                             0x08001260   Section        0  main.o(i.Timer_Stop)
    i.USART_Cmd                              0x08001270   Section        0  stm32f4xx_usart.o(i.USART_Cmd)
    i.USART_GetFlagStatus                    0x08001288   Section        0  stm32f4xx_usart.o(i.USART_GetFlagStatus)
    i.USART_ITConfig                         0x0800129a   Section        0  stm32f4xx_usart.o(i.USART_ITConfig)
    i.USART_Init                             0x080012dc   Section        0  stm32f4xx_usart.o(i.USART_Init)
    i.USART_SendData                         0x080013ac   Section        0  stm32f4xx_usart.o(i.USART_SendData)
    i.delay                                  0x080013b4   Section        0  main.o(i.delay)
    i.initBtn                                0x080013c8   Section        0  main.o(i.initBtn)
    i.initLeds                               0x08001448   Section        0  main.o(i.initLeds)
    i.main                                   0x0800147c   Section        0  main.o(i.main)
    x$fpl$fpinit                             0x08001578   Section       10  fpinit.o(x$fpl$fpinit)
    $v0                                      0x08001578   Number         0  fpinit.o(x$fpl$fpinit)
    .data                                    0x20000000   Section        4  main.o(.data)
    .data                                    0x20000004   Section       16  stm32f4xx_rcc.o(.data)
    APBAHBPrescTable                         0x20000004   Data          16  stm32f4xx_rcc.o(.data)
    .data                                    0x20000014   Section       12  gsm.o(.data)
    .bss                                     0x20000020   Section     1042  gsm.o(.bss)
    .bss                                     0x20000434   Section       96  libspace.o(.bss)
    HEAP                                     0x20000498   Section      512  startup_stm32f401xe.o(HEAP)
    Heap_Mem                                 0x20000498   Data         512  startup_stm32f401xe.o(HEAP)
    STACK                                    0x20000698   Section     1024  startup_stm32f401xe.o(STACK)
    Stack_Mem                                0x20000698   Data        1024  startup_stm32f401xe.o(STACK)
    __initial_sp                             0x20000a98   Data           0  startup_stm32f401xe.o(STACK)

    Global Symbols

    Symbol Name                              Value     Ov Type        Size  Object(Section)

    BuildAttributes$$THM_ISAv4$E$P$D$K$B$S$7EM$VFPi3$EXTD16$VFPS$VFMA$PE$A:L22UL41UL21$X:L11$S22US41US21$IEEE1$IW$USESV6$~STKCKD$USESV7$~SHL$OSPACE$ROPI$EBA8$UX$STANDARDLIB$REQ8$PRES8$EABIv2 0x00000000   Number         0  anon$$obj.o ABSOLUTE
    __ARM_use_no_argv                        0x00000000   Number         0  main.o ABSOLUTE
    __ARM_exceptions_init                     - Undefined Weak Reference
    __alloca_initialize                       - Undefined Weak Reference
    __arm_preinit_                            - Undefined Weak Reference
    __cpp_initialize__aeabi_                  - Undefined Weak Reference
    __cxa_finalize                            - Undefined Weak Reference
    __rt_locale                               - Undefined Weak Reference
    __sigvec_lookup                           - Undefined Weak Reference
    _atexit_init                              - Undefined Weak Reference
    _call_atexit_fns                          - Undefined Weak Reference
    _clock_init                               - Undefined Weak Reference
    _fp_trap_init                             - Undefined Weak Reference
    _fp_trap_shutdown                         - Undefined Weak Reference
    _get_lc_collate                           - Undefined Weak Reference
    _get_lc_ctype                             - Undefined Weak Reference
    _get_lc_monetary                          - Undefined Weak Reference
    _get_lc_numeric                           - Undefined Weak Reference
    _get_lc_time                              - Undefined Weak Reference
    _getenv_init                              - Undefined Weak Reference
    _handle_redirection                       - Undefined Weak Reference
    _init_alloc                               - Undefined Weak Reference
    _init_user_alloc                          - Undefined Weak Reference
    _initio                                   - Undefined Weak Reference
    _printf_mbtowc                            - Undefined Weak Reference
    _printf_post_padding                      - Undefined Weak Reference
    _printf_pre_padding                       - Undefined Weak Reference
    _printf_truncate_signed                   - Undefined Weak Reference
    _printf_truncate_unsigned                 - Undefined Weak Reference
    _rand_init                                - Undefined Weak Reference
    _signal_finish                            - Undefined Weak Reference
    _signal_init                              - Undefined Weak Reference
    _terminate_alloc                          - Undefined Weak Reference
    _terminate_user_alloc                     - Undefined Weak Reference
    _terminateio                              - Undefined Weak Reference
    __Vectors_Size                           0x00000194   Number         0  startup_stm32f401xe.o ABSOLUTE
    __Vectors                                0x08000000   Data           4  startup_stm32f401xe.o(RESET)
    __Vectors_End                            0x08000194   Data           0  startup_stm32f401xe.o(RESET)
    __main                                   0x08000195   Thumb Code     8  __main.o(!!!main)
    __scatterload                            0x0800019d   Thumb Code     0  __scatter.o(!!!scatter)
    __scatterload_rt2                        0x0800019d   Thumb Code    44  __scatter.o(!!!scatter)
    __scatterload_rt2_thumb_only             0x0800019d   Thumb Code     0  __scatter.o(!!!scatter)
    __scatterload_null                       0x080001ab   Thumb Code     0  __scatter.o(!!!scatter)
    __scatterload_copy                       0x080001d1   Thumb Code    26  __scatter_copy.o(!!handler_copy)
    __scatterload_zeroinit                   0x080001ed   Thumb Code    28  __scatter_zi.o(!!handler_zi)
    _printf_d                                0x08000209   Thumb Code     0  _printf_d.o(.ARM.Collect$$_printf_percent$$00000009)
    _printf_percent                          0x08000209   Thumb Code     0  _printf_percent.o(.ARM.Collect$$_printf_percent$$00000000)
    _printf_c                                0x0800020f   Thumb Code     0  _printf_c.o(.ARM.Collect$$_printf_percent$$00000013)
    _printf_s                                0x08000215   Thumb Code     0  _printf_s.o(.ARM.Collect$$_printf_percent$$00000014)
    _printf_percent_end                      0x0800021b   Thumb Code     0  _printf_percent_end.o(.ARM.Collect$$_printf_percent$$00000017)
    __rt_lib_init                            0x0800021f   Thumb Code     0  libinit.o(.ARM.Collect$$libinit$$00000000)
    __rt_lib_init_fp_1                       0x08000221   Thumb Code     0  libinit2.o(.ARM.Collect$$libinit$$00000001)
    __rt_lib_init_alloca_1                   0x08000225   Thumb Code     0  libinit2.o(.ARM.Collect$$libinit$$0000002E)
    __rt_lib_init_argv_1                     0x08000225   Thumb Code     0  libinit2.o(.ARM.Collect$$libinit$$0000002C)
    __rt_lib_init_atexit_1                   0x08000225   Thumb Code     0  libinit2.o(.ARM.Collect$$libinit$$0000001B)
    __rt_lib_init_clock_1                    0x08000225   Thumb Code     0  libinit2.o(.ARM.Collect$$libinit$$00000021)
    __rt_lib_init_cpp_1                      0x08000225   Thumb Code     0  libinit2.o(.ARM.Collect$$libinit$$00000032)
    __rt_lib_init_exceptions_1               0x08000225   Thumb Code     0  libinit2.o(.ARM.Collect$$libinit$$00000030)
    __rt_lib_init_fp_trap_1                  0x08000225   Thumb Code     0  libinit2.o(.ARM.Collect$$libinit$$0000001F)
    __rt_lib_init_getenv_1                   0x08000225   Thumb Code     0  libinit2.o(.ARM.Collect$$libinit$$00000023)
    __rt_lib_init_heap_1                     0x08000225   Thumb Code     0  libinit2.o(.ARM.Collect$$libinit$$0000000A)
    __rt_lib_init_lc_collate_1               0x08000225   Thumb Code     0  libinit2.o(.ARM.Collect$$libinit$$00000011)
    __rt_lib_init_lc_ctype_1                 0x08000225   Thumb Code     0  libinit2.o(.ARM.Collect$$libinit$$00000013)
    __rt_lib_init_lc_monetary_1              0x08000225   Thumb Code     0  libinit2.o(.ARM.Collect$$libinit$$00000015)
    __rt_lib_init_lc_numeric_1               0x08000225   Thumb Code     0  libinit2.o(.ARM.Collect$$libinit$$00000017)
    __rt_lib_init_lc_time_1                  0x08000225   Thumb Code     0  libinit2.o(.ARM.Collect$$libinit$$00000019)
    __rt_lib_init_preinit_1                  0x08000225   Thumb Code     0  libinit2.o(.ARM.Collect$$libinit$$00000004)
    __rt_lib_init_rand_1                     0x08000225   Thumb Code     0  libinit2.o(.ARM.Collect$$libinit$$0000000E)
    __rt_lib_init_return                     0x08000225   Thumb Code     0  libinit2.o(.ARM.Collect$$libinit$$00000033)
    __rt_lib_init_signal_1                   0x08000225   Thumb Code     0  libinit2.o(.ARM.Collect$$libinit$$0000001D)
    __rt_lib_init_stdio_1                    0x08000225   Thumb Code     0  libinit2.o(.ARM.Collect$$libinit$$00000025)
    __rt_lib_init_user_alloc_1               0x08000225   Thumb Code     0  libinit2.o(.ARM.Collect$$libinit$$0000000C)
    __rt_lib_shutdown                        0x08000227   Thumb Code     0  libshutdown.o(.ARM.Collect$$libshutdown$$00000000)
    __rt_lib_shutdown_cpp_1                  0x08000229   Thumb Code     0  libshutdown2.o(.ARM.Collect$$libshutdown$$00000002)
    __rt_lib_shutdown_fp_trap_1              0x08000229   Thumb Code     0  libshutdown2.o(.ARM.Collect$$libshutdown$$00000007)
    __rt_lib_shutdown_heap_1                 0x08000229   Thumb Code     0  libshutdown2.o(.ARM.Collect$$libshutdown$$0000000F)
    __rt_lib_shutdown_return                 0x08000229   Thumb Code     0  libshutdown2.o(.ARM.Collect$$libshutdown$$00000010)
    __rt_lib_shutdown_signal_1               0x08000229   Thumb Code     0  libshutdown2.o(.ARM.Collect$$libshutdown$$0000000A)
    __rt_lib_shutdown_stdio_1                0x08000229   Thumb Code     0  libshutdown2.o(.ARM.Collect$$libshutdown$$00000004)
    __rt_lib_shutdown_user_alloc_1           0x08000229   Thumb Code     0  libshutdown2.o(.ARM.Collect$$libshutdown$$0000000C)
    __rt_entry                               0x0800022b   Thumb Code     0  __rtentry.o(.ARM.Collect$$rtentry$$00000000)
    __rt_entry_presh_1                       0x0800022b   Thumb Code     0  __rtentry2.o(.ARM.Collect$$rtentry$$00000002)
    __rt_entry_sh                            0x0800022b   Thumb Code     0  __rtentry4.o(.ARM.Collect$$rtentry$$00000004)
    __rt_entry_li                            0x08000231   Thumb Code     0  __rtentry2.o(.ARM.Collect$$rtentry$$0000000A)
    __rt_entry_postsh_1                      0x08000231   Thumb Code     0  __rtentry2.o(.ARM.Collect$$rtentry$$00000009)
    __rt_entry_main                          0x08000235   Thumb Code     0  __rtentry2.o(.ARM.Collect$$rtentry$$0000000D)
    __rt_entry_postli_1                      0x08000235   Thumb Code     0  __rtentry2.o(.ARM.Collect$$rtentry$$0000000C)
    __rt_exit                                0x0800023d   Thumb Code     0  rtexit.o(.ARM.Collect$$rtexit$$00000000)
    __rt_exit_ls                             0x0800023f   Thumb Code     0  rtexit2.o(.ARM.Collect$$rtexit$$00000003)
    __rt_exit_prels_1                        0x0800023f   Thumb Code     0  rtexit2.o(.ARM.Collect$$rtexit$$00000002)
    __rt_exit_exit                           0x08000243   Thumb Code     0  rtexit2.o(.ARM.Collect$$rtexit$$00000004)
    Reset_Handler                            0x08000249   Thumb Code     8  startup_stm32f401xe.o(.text)
    NMI_Handler                              0x08000251   Thumb Code     2  startup_stm32f401xe.o(.text)
    HardFault_Handler                        0x08000253   Thumb Code     2  startup_stm32f401xe.o(.text)
    MemManage_Handler                        0x08000255   Thumb Code     2  startup_stm32f401xe.o(.text)
    BusFault_Handler                         0x08000257   Thumb Code     2  startup_stm32f401xe.o(.text)
    UsageFault_Handler                       0x08000259   Thumb Code     2  startup_stm32f401xe.o(.text)
    SVC_Handler                              0x0800025b   Thumb Code     2  startup_stm32f401xe.o(.text)
    DebugMon_Handler                         0x0800025d   Thumb Code     2  startup_stm32f401xe.o(.text)
    PendSV_Handler                           0x0800025f   Thumb Code     2  startup_stm32f401xe.o(.text)
    SysTick_Handler                          0x08000261   Thumb Code     2  startup_stm32f401xe.o(.text)
    ADC_IRQHandler                           0x08000263   Thumb Code     0  startup_stm32f401xe.o(.text)
    DMA1_Stream0_IRQHandler                  0x08000263   Thumb Code     0  startup_stm32f401xe.o(.text)
    DMA1_Stream1_IRQHandler                  0x08000263   Thumb Code     0  startup_stm32f401xe.o(.text)
    DMA1_Stream2_IRQHandler                  0x08000263   Thumb Code     0  startup_stm32f401xe.o(.text)
    DMA1_Stream3_IRQHandler                  0x08000263   Thumb Code     0  startup_stm32f401xe.o(.text)
    DMA1_Stream4_IRQHandler                  0x08000263   Thumb Code     0  startup_stm32f401xe.o(.text)
    DMA1_Stream5_IRQHandler                  0x08000263   Thumb Code     0  startup_stm32f401xe.o(.text)
    DMA1_Stream6_IRQHandler                  0x08000263   Thumb Code     0  startup_stm32f401xe.o(.text)
    DMA1_Stream7_IRQHandler                  0x08000263   Thumb Code     0  startup_stm32f401xe.o(.text)
    DMA2_Stream0_IRQHandler                  0x08000263   Thumb Code     0  startup_stm32f401xe.o(.text)
    DMA2_Stream1_IRQHandler                  0x08000263   Thumb Code     0  startup_stm32f401xe.o(.text)
    DMA2_Stream2_IRQHandler                  0x08000263   Thumb Code     0  startup_stm32f401xe.o(.text)
    DMA2_Stream3_IRQHandler                  0x08000263   Thumb Code     0  startup_stm32f401xe.o(.text)
    DMA2_Stream4_IRQHandler                  0x08000263   Thumb Code     0  startup_stm32f401xe.o(.text)
    DMA2_Stream5_IRQHandler                  0x08000263   Thumb Code     0  startup_stm32f401xe.o(.text)
    DMA2_Stream6_IRQHandler                  0x08000263   Thumb Code     0  startup_stm32f401xe.o(.text)
    DMA2_Stream7_IRQHandler                  0x08000263   Thumb Code     0  startup_stm32f401xe.o(.text)
    EXTI0_IRQHandler                         0x08000263   Thumb Code     0  startup_stm32f401xe.o(.text)
    EXTI15_10_IRQHandler                     0x08000263   Thumb Code     0  startup_stm32f401xe.o(.text)
    EXTI1_IRQHandler                         0x08000263   Thumb Code     0  startup_stm32f401xe.o(.text)
    EXTI3_IRQHandler                         0x08000263   Thumb Code     0  startup_stm32f401xe.o(.text)
    EXTI4_IRQHandler                         0x08000263   Thumb Code     0  startup_stm32f401xe.o(.text)
    EXTI9_5_IRQHandler                       0x08000263   Thumb Code     0  startup_stm32f401xe.o(.text)
    FLASH_IRQHandler                         0x08000263   Thumb Code     0  startup_stm32f401xe.o(.text)
    FPU_IRQHandler                           0x08000263   Thumb Code     0  startup_stm32f401xe.o(.text)
    I2C1_ER_IRQHandler                       0x08000263   Thumb Code     0  startup_stm32f401xe.o(.text)
    I2C1_EV_IRQHandler                       0x08000263   Thumb Code     0  startup_stm32f401xe.o(.text)
    I2C2_ER_IRQHandler                       0x08000263   Thumb Code     0  startup_stm32f401xe.o(.text)
    I2C2_EV_IRQHandler                       0x08000263   Thumb Code     0  startup_stm32f401xe.o(.text)
    I2C3_ER_IRQHandler                       0x08000263   Thumb Code     0  startup_stm32f401xe.o(.text)
    I2C3_EV_IRQHandler                       0x08000263   Thumb Code     0  startup_stm32f401xe.o(.text)
    OTG_FS_IRQHandler                        0x08000263   Thumb Code     0  startup_stm32f401xe.o(.text)
    OTG_FS_WKUP_IRQHandler                   0x08000263   Thumb Code     0  startup_stm32f401xe.o(.text)
    PVD_IRQHandler                           0x08000263   Thumb Code     0  startup_stm32f401xe.o(.text)
    RCC_IRQHandler                           0x08000263   Thumb Code     0  startup_stm32f401xe.o(.text)
    RTC_Alarm_IRQHandler                     0x08000263   Thumb Code     0  startup_stm32f401xe.o(.text)
    RTC_WKUP_IRQHandler                      0x08000263   Thumb Code     0  startup_stm32f401xe.o(.text)
    SDIO_IRQHandler                          0x08000263   Thumb Code     0  startup_stm32f401xe.o(.text)
    SPI1_IRQHandler                          0x08000263   Thumb Code     0  startup_stm32f401xe.o(.text)
    SPI2_IRQHandler                          0x08000263   Thumb Code     0  startup_stm32f401xe.o(.text)
    SPI3_IRQHandler                          0x08000263   Thumb Code     0  startup_stm32f401xe.o(.text)
    SPI4_IRQHandler                          0x08000263   Thumb Code     0  startup_stm32f401xe.o(.text)
    TAMP_STAMP_IRQHandler                    0x08000263   Thumb Code     0  startup_stm32f401xe.o(.text)
    TIM1_BRK_TIM9_IRQHandler                 0x08000263   Thumb Code     0  startup_stm32f401xe.o(.text)
    TIM1_CC_IRQHandler                       0x08000263   Thumb Code     0  startup_stm32f401xe.o(.text)
    TIM1_TRG_COM_TIM11_IRQHandler            0x08000263   Thumb Code     0  startup_stm32f401xe.o(.text)
    TIM1_UP_TIM10_IRQHandler                 0x08000263   Thumb Code     0  startup_stm32f401xe.o(.text)
    TIM2_IRQHandler                          0x08000263   Thumb Code     0  startup_stm32f401xe.o(.text)
    TIM4_IRQHandler                          0x08000263   Thumb Code     0  startup_stm32f401xe.o(.text)
    TIM5_IRQHandler                          0x08000263   Thumb Code     0  startup_stm32f401xe.o(.text)
    USART1_IRQHandler                        0x08000263   Thumb Code     0  startup_stm32f401xe.o(.text)
    USART2_IRQHandler                        0x08000263   Thumb Code     0  startup_stm32f401xe.o(.text)
    USART6_IRQHandler                        0x08000263   Thumb Code     0  startup_stm32f401xe.o(.text)
    WWDG_IRQHandler                          0x08000263   Thumb Code     0  startup_stm32f401xe.o(.text)
    __user_initial_stackheap                 0x08000265   Thumb Code     0  startup_stm32f401xe.o(.text)
    __2sprintf                               0x08000289   Thumb Code    34  noretval__2sprintf.o(.text)
    __printf                                 0x080002b1   Thumb Code   104  __printf.o(.text)
    _printf_str                              0x08000319   Thumb Code    82  _printf_str.o(.text)
    _printf_int_dec                          0x0800036d   Thumb Code   104  _printf_dec.o(.text)
    __use_two_region_memory                  0x080003e5   Thumb Code     2  heapauxi.o(.text)
    __rt_heap_escrow$2region                 0x080003e7   Thumb Code     2  heapauxi.o(.text)
    __rt_heap_expand$2region                 0x080003e9   Thumb Code     2  heapauxi.o(.text)
    _printf_int_common                       0x080003eb   Thumb Code   178  _printf_intcommon.o(.text)
    _printf_char_common                      0x080004a7   Thumb Code    32  _printf_char_common.o(.text)
    _sputc                                   0x080004cd   Thumb Code    10  _sputc.o(.text)
    _printf_cs_common                        0x080004d7   Thumb Code    20  _printf_char.o(.text)
    _printf_char                             0x080004eb   Thumb Code    16  _printf_char.o(.text)
    _printf_string                           0x080004fb   Thumb Code     8  _printf_char.o(.text)
    __user_setup_stackheap                   0x08000503   Thumb Code    74  sys_stackheap_outer.o(.text)
    exit                                     0x0800054d   Thumb Code    18  exit.o(.text)
    __user_libspace                          0x08000561   Thumb Code     8  libspace.o(.text)
    __user_perproc_libspace                  0x08000561   Thumb Code     0  libspace.o(.text)
    __user_perthread_libspace                0x08000561   Thumb Code     0  libspace.o(.text)
    _sys_exit                                0x08000569   Thumb Code     8  sys_exit.o(.text)
    __I$use$semihosting                      0x08000575   Thumb Code     0  use_no_semi.o(.text)
    __use_no_semihosting_swi                 0x08000575   Thumb Code     2  use_no_semi.o(.text)
    __semihosting_library_function           0x08000577   Thumb Code     0  indicate_semi.o(.text)
    EXTI2_IRQHandler                         0x08000579   Thumb Code    78  main.o(i.EXTI2_IRQHandler)
    EXTI_ClearITPendingBit                   0x080005d9   Thumb Code     6  stm32f4xx_exti.o(i.EXTI_ClearITPendingBit)
    EXTI_GetITStatus                         0x080005e5   Thumb Code    34  stm32f4xx_exti.o(i.EXTI_GetITStatus)
    EXTI_Init                                0x0800060d   Thumb Code   142  stm32f4xx_exti.o(i.EXTI_Init)
    GPIO_Config                              0x080006a1   Thumb Code    58  main.o(i.GPIO_Config)
    GPIO_Init                                0x080006e1   Thumb Code   144  stm32f4xx_gpio.o(i.GPIO_Init)
    GPIO_PinAFConfig                         0x08000771   Thumb Code    70  stm32f4xx_gpio.o(i.GPIO_PinAFConfig)
    GPIO_ReadInputDataBit                    0x080007b7   Thumb Code    18  stm32f4xx_gpio.o(i.GPIO_ReadInputDataBit)
    GPIO_ResetBits                           0x080007c9   Thumb Code     4  stm32f4xx_gpio.o(i.GPIO_ResetBits)
    GPIO_SetBits                             0x080007cd   Thumb Code     4  stm32f4xx_gpio.o(i.GPIO_SetBits)
    GPIO_StructInit                          0x080007d1   Thumb Code    18  stm32f4xx_gpio.o(i.GPIO_StructInit)
    GPIO_ToggleBits                          0x080007e3   Thumb Code     8  stm32f4xx_gpio.o(i.GPIO_ToggleBits)
    GSM_Activate_PDP_Context                 0x080007ed   Thumb Code    46  gsm.o(i.GSM_Activate_PDP_Context)
    GSM_COM_Init                             0x08000835   Thumb Code   250  gsm.o(i.GSM_COM_Init)
    GSM_Connect_Server                       0x0800093d   Thumb Code   134  gsm.o(i.GSM_Connect_Server)
    GSM_GPS_Activate                         0x08000a09   Thumb Code    34  gsm.o(i.GSM_GPS_Activate)
    GSM_GPS_Deactivate                       0x08000a31   Thumb Code    36  gsm.o(i.GSM_GPS_Deactivate)
    GSM_Get_IMEI                             0x08000a59   Thumb Code    46  gsm.o(i.GSM_Get_IMEI)
    GSM_Get_RSSI                             0x08000a9d   Thumb Code    46  gsm.o(i.GSM_Get_RSSI)
    GSM_REG_STATUS                           0x08000ae1   Thumb Code    46  gsm.o(i.GSM_REG_STATUS)
    GSM_Reset                                0x08000b25   Thumb Code    44  gsm.o(i.GSM_Reset)
    GSM_SendData_s                           0x08000b51   Thumb Code    52  gsm.o(i.GSM_SendData_s)
    GSM_Send_Connect_PKT                     0x08000b89   Thumb Code    96  gsm.o(i.GSM_Send_Connect_PKT)
    GSM_Send_Publish_PKT                     0x08000c39   Thumb Code   142  gsm.o(i.GSM_Send_Publish_PKT)
    GSM_Send_Subscribe_PKT                   0x08000cf9   Thumb Code    90  gsm.o(i.GSM_Send_Subscribe_PKT)
    GSM_Set_APN                              0x08000d79   Thumb Code    60  gsm.o(i.GSM_Set_APN)
    GSM_Set_baud                             0x08000de5   Thumb Code    62  gsm.o(i.GSM_Set_baud)
    NVIC_Init                                0x08000e39   Thumb Code   106  misc.o(i.NVIC_Init)
    RCC_AHB1PeriphClockCmd                   0x08000eb1   Thumb Code    26  stm32f4xx_rcc.o(i.RCC_AHB1PeriphClockCmd)
    RCC_APB1PeriphClockCmd                   0x08000ed1   Thumb Code    26  stm32f4xx_rcc.o(i.RCC_APB1PeriphClockCmd)
    RCC_APB2PeriphClockCmd                   0x08000ef1   Thumb Code    26  stm32f4xx_rcc.o(i.RCC_APB2PeriphClockCmd)
    RCC_GetClocksFreq                        0x08000f11   Thumb Code   214  stm32f4xx_rcc.o(i.RCC_GetClocksFreq)
    SYSCFG_EXTILineConfig                    0x08000ff9   Thumb Code    60  stm32f4xx_syscfg.o(i.SYSCFG_EXTILineConfig)
    SystemInit                               0x08001039   Thumb Code    24  system_stm32f4xx.o(i.SystemInit)
    TIM3_IRQHandler                          0x08001055   Thumb Code    60  main.o(i.TIM3_IRQHandler)
    TIM_ClearFlag                            0x080010a1   Thumb Code     6  stm32f4xx_tim.o(i.TIM_ClearFlag)
    TIM_ClearITPendingBit                    0x080010a7   Thumb Code     6  stm32f4xx_tim.o(i.TIM_ClearITPendingBit)
    TIM_Cmd                                  0x080010ad   Thumb Code    24  stm32f4xx_tim.o(i.TIM_Cmd)
    TIM_GetITStatus                          0x080010c5   Thumb Code    34  stm32f4xx_tim.o(i.TIM_GetITStatus)
    TIM_ITConfig                             0x080010e7   Thumb Code    18  stm32f4xx_tim.o(i.TIM_ITConfig)
    TIM_TimeBaseInit                         0x080010f9   Thumb Code   104  stm32f4xx_tim.o(i.TIM_TimeBaseInit)
    Timer_Config                             0x0800117d   Thumb Code    96  main.o(i.Timer_Config)
    Timer_Start                              0x080011e1   Thumb Code   118  main.o(i.Timer_Start)
    Timer_Stop                               0x08001261   Thumb Code    12  main.o(i.Timer_Stop)
    USART_Cmd                                0x08001271   Thumb Code    24  stm32f4xx_usart.o(i.USART_Cmd)
    USART_GetFlagStatus                      0x08001289   Thumb Code    18  stm32f4xx_usart.o(i.USART_GetFlagStatus)
    USART_ITConfig                           0x0800129b   Thumb Code    64  stm32f4xx_usart.o(i.USART_ITConfig)
    USART_Init                               0x080012dd   Thumb Code   198  stm32f4xx_usart.o(i.USART_Init)
    USART_SendData                           0x080013ad   Thumb Code     8  stm32f4xx_usart.o(i.USART_SendData)
    delay                                    0x080013b5   Thumb Code    20  main.o(i.delay)
    initBtn                                  0x080013c9   Thumb Code   122  main.o(i.initBtn)
    initLeds                                 0x08001449   Thumb Code    48  main.o(i.initLeds)
    main                                     0x0800147d   Thumb Code   204  main.o(i.main)
    _fp_init                                 0x08001579   Thumb Code    10  fpinit.o(x$fpl$fpinit)
    __fplib_config_fpu_vfp                   0x08001581   Thumb Code     0  fpinit.o(x$fpl$fpinit)
    __fplib_config_pureend_doubles           0x08001581   Thumb Code     0  fpinit.o(x$fpl$fpinit)
    Region$$Table$$Base                      0x08001584   Number         0  anon$$obj.o(Region$$Table)
    Region$$Table$$Limit                     0x080015a4   Number         0  anon$$obj.o(Region$$Table)
    Timeout                                  0x20000000   Data           1  main.o(.data)
    Active_Connection                        0x20000001   Data           1  main.o(.data)
    Count                                    0x20000002   Data           1  main.o(.data)
    ld                                       0x20000003   Data           1  main.o(.data)
    GSM_rxBufferIndex                        0x20000014   Data           4  gsm.o(.data)
    GSM_rxBufferSize                         0x20000018   Data           2  gsm.o(.data)
    GSM_rxBufferLen                          0x2000001a   Data           2  gsm.o(.data)
    gsmCmd                                   0x2000001c   Data           1  gsm.o(.data)
    gsmNtwk                                  0x2000001d   Data           1  gsm.o(.data)
    gsm_ready                                0x2000001e   Data           1  gsm.o(.data)
    get_imei                                 0x2000001f   Data           1  gsm.o(.data)
    GSM_rxBuffer                             0x20000020   Data        1000  gsm.o(.bss)
    GSM                                      0x20000408   Data          42  gsm.o(.bss)
    __libspace_start                         0x20000434   Data          96  libspace.o(.bss)
    __temporary_stack_top$libspace           0x20000494   Data           0  libspace.o(.bss)



==============================================================================

Memory Map of the image

  Image Entry point : 0x08000249

  Load Region LR_1 (Base: 0x08000000, Size: 0x000015c4, Max: 0xffffffff, ABSOLUTE)

    Execution Region ER_RO (Base: 0x08000000, Size: 0x000015a4, Max: 0xffffffff, ABSOLUTE)

    Base Addr    Size         Type   Attr      Idx    E Section Name        Object

    0x08000000   0x00000194   Data   RO         4449    RESET               startup_stm32f401xe.o
    0x08000194   0x00000008   Code   RO         4529  * !!!main             c_w.l(__main.o)
    0x0800019c   0x00000034   Code   RO         4701    !!!scatter          c_w.l(__scatter.o)
    0x080001d0   0x0000001a   Code   RO         4703    !!handler_copy      c_w.l(__scatter_copy.o)
    0x080001ea   0x00000002   PAD
    0x080001ec   0x0000001c   Code   RO         4705    !!handler_zi        c_w.l(__scatter_zi.o)
    0x08000208   0x00000000   Code   RO         4518    .ARM.Collect$$_printf_percent$$00000000  c_w.l(_printf_percent.o)
    0x08000208   0x00000006   Code   RO         4517    .ARM.Collect$$_printf_percent$$00000009  c_w.l(_printf_d.o)
    0x0800020e   0x00000006   Code   RO         4515    .ARM.Collect$$_printf_percent$$00000013  c_w.l(_printf_c.o)
    0x08000214   0x00000006   Code   RO         4516    .ARM.Collect$$_printf_percent$$00000014  c_w.l(_printf_s.o)
    0x0800021a   0x00000004   Code   RO         4540    .ARM.Collect$$_printf_percent$$00000017  c_w.l(_printf_percent_end.o)
    0x0800021e   0x00000002   Code   RO         4571    .ARM.Collect$$libinit$$00000000  c_w.l(libinit.o)
    0x08000220   0x00000004   Code   RO         4577    .ARM.Collect$$libinit$$00000001  c_w.l(libinit2.o)
    0x08000224   0x00000000   Code   RO         4580    .ARM.Collect$$libinit$$00000004  c_w.l(libinit2.o)
    0x08000224   0x00000000   Code   RO         4583    .ARM.Collect$$libinit$$0000000A  c_w.l(libinit2.o)
    0x08000224   0x00000000   Code   RO         4585    .ARM.Collect$$libinit$$0000000C  c_w.l(libinit2.o)
    0x08000224   0x00000000   Code   RO         4587    .ARM.Collect$$libinit$$0000000E  c_w.l(libinit2.o)
    0x08000224   0x00000000   Code   RO         4590    .ARM.Collect$$libinit$$00000011  c_w.l(libinit2.o)
    0x08000224   0x00000000   Code   RO         4592    .ARM.Collect$$libinit$$00000013  c_w.l(libinit2.o)
    0x08000224   0x00000000   Code   RO         4594    .ARM.Collect$$libinit$$00000015  c_w.l(libinit2.o)
    0x08000224   0x00000000   Code   RO         4596    .ARM.Collect$$libinit$$00000017  c_w.l(libinit2.o)
    0x08000224   0x00000000   Code   RO         4598    .ARM.Collect$$libinit$$00000019  c_w.l(libinit2.o)
    0x08000224   0x00000000   Code   RO         4600    .ARM.Collect$$libinit$$0000001B  c_w.l(libinit2.o)
    0x08000224   0x00000000   Code   RO         4602    .ARM.Collect$$libinit$$0000001D  c_w.l(libinit2.o)
    0x08000224   0x00000000   Code   RO         4604    .ARM.Collect$$libinit$$0000001F  c_w.l(libinit2.o)
    0x08000224   0x00000000   Code   RO         4606    .ARM.Collect$$libinit$$00000021  c_w.l(libinit2.o)
    0x08000224   0x00000000   Code   RO         4608    .ARM.Collect$$libinit$$00000023  c_w.l(libinit2.o)
    0x08000224   0x00000000   Code   RO         4610    .ARM.Collect$$libinit$$00000025  c_w.l(libinit2.o)
    0x08000224   0x00000000   Code   RO         4614    .ARM.Collect$$libinit$$0000002C  c_w.l(libinit2.o)
    0x08000224   0x00000000   Code   RO         4616    .ARM.Collect$$libinit$$0000002E  c_w.l(libinit2.o)
    0x08000224   0x00000000   Code   RO         4618    .ARM.Collect$$libinit$$00000030  c_w.l(libinit2.o)
    0x08000224   0x00000000   Code   RO         4620    .ARM.Collect$$libinit$$00000032  c_w.l(libinit2.o)
    0x08000224   0x00000002   Code   RO         4621    .ARM.Collect$$libinit$$00000033  c_w.l(libinit2.o)
    0x08000226   0x00000002   Code   RO         4641    .ARM.Collect$$libshutdown$$00000000  c_w.l(libshutdown.o)
    0x08000228   0x00000000   Code   RO         4654    .ARM.Collect$$libshutdown$$00000002  c_w.l(libshutdown2.o)
    0x08000228   0x00000000   Code   RO         4656    .ARM.Collect$$libshutdown$$00000004  c_w.l(libshutdown2.o)
    0x08000228   0x00000000   Code   RO         4659    .ARM.Collect$$libshutdown$$00000007  c_w.l(libshutdown2.o)
    0x08000228   0x00000000   Code   RO         4662    .ARM.Collect$$libshutdown$$0000000A  c_w.l(libshutdown2.o)
    0x08000228   0x00000000   Code   RO         4664    .ARM.Collect$$libshutdown$$0000000C  c_w.l(libshutdown2.o)
    0x08000228   0x00000000   Code   RO         4667    .ARM.Collect$$libshutdown$$0000000F  c_w.l(libshutdown2.o)
    0x08000228   0x00000002   Code   RO         4668    .ARM.Collect$$libshutdown$$00000010  c_w.l(libshutdown2.o)
    0x0800022a   0x00000000   Code   RO         4531    .ARM.Collect$$rtentry$$00000000  c_w.l(__rtentry.o)
    0x0800022a   0x00000000   Code   RO         4544    .ARM.Collect$$rtentry$$00000002  c_w.l(__rtentry2.o)
    0x0800022a   0x00000006   Code   RO         4556    .ARM.Collect$$rtentry$$00000004  c_w.l(__rtentry4.o)
    0x08000230   0x00000000   Code   RO         4546    .ARM.Collect$$rtentry$$00000009  c_w.l(__rtentry2.o)
    0x08000230   0x00000004   Code   RO         4547    .ARM.Collect$$rtentry$$0000000A  c_w.l(__rtentry2.o)
    0x08000234   0x00000000   Code   RO         4549    .ARM.Collect$$rtentry$$0000000C  c_w.l(__rtentry2.o)
    0x08000234   0x00000008   Code   RO         4550    .ARM.Collect$$rtentry$$0000000D  c_w.l(__rtentry2.o)
    0x0800023c   0x00000002   Code   RO         4575    .ARM.Collect$$rtexit$$00000000  c_w.l(rtexit.o)
    0x0800023e   0x00000000   Code   RO         4623    .ARM.Collect$$rtexit$$00000002  c_w.l(rtexit2.o)
    0x0800023e   0x00000004   Code   RO         4624    .ARM.Collect$$rtexit$$00000003  c_w.l(rtexit2.o)
    0x08000242   0x00000006   Code   RO         4625    .ARM.Collect$$rtexit$$00000004  c_w.l(rtexit2.o)
    0x08000248   0x00000040   Code   RO         4450  * .text               startup_stm32f401xe.o
    0x08000288   0x00000028   Code   RO         4487    .text               c_w.l(noretval__2sprintf.o)
    0x080002b0   0x00000068   Code   RO         4489    .text               c_w.l(__printf.o)
    0x08000318   0x00000052   Code   RO         4491    .text               c_w.l(_printf_str.o)
    0x0800036a   0x00000002   PAD
    0x0800036c   0x00000078   Code   RO         4493    .text               c_w.l(_printf_dec.o)
    0x080003e4   0x00000006   Code   RO         4527    .text               c_w.l(heapauxi.o)
    0x080003ea   0x000000b2   Code   RO         4532    .text               c_w.l(_printf_intcommon.o)
    0x0800049c   0x00000030   Code   RO         4534    .text               c_w.l(_printf_char_common.o)
    0x080004cc   0x0000000a   Code   RO         4536    .text               c_w.l(_sputc.o)
    0x080004d6   0x0000002c   Code   RO         4538    .text               c_w.l(_printf_char.o)
    0x08000502   0x0000004a   Code   RO         4562    .text               c_w.l(sys_stackheap_outer.o)
    0x0800054c   0x00000012   Code   RO         4564    .text               c_w.l(exit.o)
    0x0800055e   0x00000002   PAD
    0x08000560   0x00000008   Code   RO         4572    .text               c_w.l(libspace.o)
    0x08000568   0x0000000c   Code   RO         4633    .text               c_w.l(sys_exit.o)
    0x08000574   0x00000002   Code   RO         4644    .text               c_w.l(use_no_semi.o)
    0x08000576   0x00000000   Code   RO         4646    .text               c_w.l(indicate_semi.o)
    0x08000576   0x00000002   PAD
    0x08000578   0x00000060   Code   RO            2    i.EXTI2_IRQHandler  main.o
    0x080005d8   0x0000000c   Code   RO         1237    i.EXTI_ClearITPendingBit  stm32f4xx_exti.o
    0x080005e4   0x00000028   Code   RO         1241    i.EXTI_GetITStatus  stm32f4xx_exti.o
    0x0800060c   0x00000094   Code   RO         1242    i.EXTI_Init         stm32f4xx_exti.o
    0x080006a0   0x00000040   Code   RO            3    i.GPIO_Config       main.o
    0x080006e0   0x00000090   Code   RO         1615    i.GPIO_Init         stm32f4xx_gpio.o
    0x08000770   0x00000046   Code   RO         1616    i.GPIO_PinAFConfig  stm32f4xx_gpio.o
    0x080007b6   0x00000012   Code   RO         1619    i.GPIO_ReadInputDataBit  stm32f4xx_gpio.o
    0x080007c8   0x00000004   Code   RO         1622    i.GPIO_ResetBits    stm32f4xx_gpio.o
    0x080007cc   0x00000004   Code   RO         1623    i.GPIO_SetBits      stm32f4xx_gpio.o
    0x080007d0   0x00000012   Code   RO         1624    i.GPIO_StructInit   stm32f4xx_gpio.o
    0x080007e2   0x00000008   Code   RO         1625    i.GPIO_ToggleBits   stm32f4xx_gpio.o
    0x080007ea   0x00000002   PAD
    0x080007ec   0x00000048   Code   RO         4130    i.GSM_Activate_PDP_Context  gsm.o
    0x08000834   0x00000108   Code   RO         4131    i.GSM_COM_Init      gsm.o
    0x0800093c   0x000000cc   Code   RO         4132    i.GSM_Connect_Server  gsm.o
    0x08000a08   0x00000028   Code   RO         4133    i.GSM_GPS_Activate  gsm.o
    0x08000a30   0x00000028   Code   RO         4134    i.GSM_GPS_Deactivate  gsm.o
    0x08000a58   0x00000044   Code   RO         4135    i.GSM_Get_IMEI      gsm.o
    0x08000a9c   0x00000044   Code   RO         4136    i.GSM_Get_RSSI      gsm.o
    0x08000ae0   0x00000044   Code   RO         4138    i.GSM_REG_STATUS    gsm.o
    0x08000b24   0x0000002c   Code   RO         4140    i.GSM_Reset         gsm.o
    0x08000b50   0x00000038   Code   RO         4141    i.GSM_SendData_s    gsm.o
    0x08000b88   0x000000b0   Code   RO         4142    i.GSM_Send_Connect_PKT  gsm.o
    0x08000c38   0x000000c0   Code   RO         4143    i.GSM_Send_Publish_PKT  gsm.o
    0x08000cf8   0x00000080   Code   RO         4144    i.GSM_Send_Subscribe_PKT  gsm.o
    0x08000d78   0x0000006c   Code   RO         4145    i.GSM_Set_APN       gsm.o
    0x08000de4   0x00000054   Code   RO         4146    i.GSM_Set_baud      gsm.o
    0x08000e38   0x00000078   Code   RO          165    i.NVIC_Init         misc.o
    0x08000eb0   0x00000020   Code   RO         2212    i.RCC_AHB1PeriphClockCmd  stm32f4xx_rcc.o
    0x08000ed0   0x00000020   Code   RO         2221    i.RCC_APB1PeriphClockCmd  stm32f4xx_rcc.o
    0x08000ef0   0x00000020   Code   RO         2224    i.RCC_APB2PeriphClockCmd  stm32f4xx_rcc.o
    0x08000f10   0x000000e8   Code   RO         2233    i.RCC_GetClocksFreq  stm32f4xx_rcc.o
    0x08000ff8   0x00000040   Code   RO         3258    i.SYSCFG_EXTILineConfig  stm32f4xx_syscfg.o
    0x08001038   0x0000001c   Code   RO         4456    i.SystemInit        system_stm32f4xx.o
    0x08001054   0x0000004c   Code   RO            4    i.TIM3_IRQHandler   main.o
    0x080010a0   0x00000006   Code   RO         3311    i.TIM_ClearFlag     stm32f4xx_tim.o
    0x080010a6   0x00000006   Code   RO         3312    i.TIM_ClearITPendingBit  stm32f4xx_tim.o
    0x080010ac   0x00000018   Code   RO         3317    i.TIM_Cmd           stm32f4xx_tim.o
    0x080010c4   0x00000022   Code   RO         3338    i.TIM_GetITStatus   stm32f4xx_tim.o
    0x080010e6   0x00000012   Code   RO         3342    i.TIM_ITConfig      stm32f4xx_tim.o
    0x080010f8   0x00000084   Code   RO         3389    i.TIM_TimeBaseInit  stm32f4xx_tim.o
    0x0800117c   0x00000064   Code   RO            5    i.Timer_Config      main.o
    0x080011e0   0x00000080   Code   RO            6    i.Timer_Start       main.o
    0x08001260   0x00000010   Code   RO            7    i.Timer_Stop        main.o
    0x08001270   0x00000018   Code   RO         3863    i.USART_Cmd         stm32f4xx_usart.o
    0x08001288   0x00000012   Code   RO         3866    i.USART_GetFlagStatus  stm32f4xx_usart.o
    0x0800129a   0x00000040   Code   RO         3869    i.USART_ITConfig    stm32f4xx_usart.o
    0x080012da   0x00000002   PAD
    0x080012dc   0x000000d0   Code   RO         3870    i.USART_Init        stm32f4xx_usart.o
    0x080013ac   0x00000008   Code   RO         3880    i.USART_SendData    stm32f4xx_usart.o
    0x080013b4   0x00000014   Code   RO            8    i.delay             main.o
    0x080013c8   0x00000080   Code   RO            9    i.initBtn           main.o
    0x08001448   0x00000034   Code   RO           10    i.initLeds          main.o
    0x0800147c   0x000000fc   Code   RO           11    i.main              main.o
    0x08001578   0x0000000a   Code   RO         4631    x$fpl$fpinit        fz_wm.l(fpinit.o)
    0x08001582   0x00000002   PAD
    0x08001584   0x00000020   Data   RO         4699    Region$$Table       anon$$obj.o


    Execution Region ER_RW (Base: 0x20000000, Size: 0x00000020, Max: 0xffffffff, ABSOLUTE)

    Base Addr    Size         Type   Attr      Idx    E Section Name        Object

    0x20000000   0x00000004   Data   RW           12    .data               main.o
    0x20000004   0x00000010   Data   RW         2256    .data               stm32f4xx_rcc.o
    0x20000014   0x0000000c   Data   RW         4150    .data               gsm.o


    Execution Region ER_ZI (Base: 0x20000020, Size: 0x00000a78, Max: 0xffffffff, ABSOLUTE)

    Base Addr    Size         Type   Attr      Idx    E Section Name        Object

    0x20000020   0x00000412   Zero   RW         4149    .bss                gsm.o
    0x20000432   0x00000002   PAD
    0x20000434   0x00000060   Zero   RW         4573    .bss                c_w.l(libspace.o)
    0x20000494   0x00000004   PAD
    0x20000498   0x00000200   Zero   RW         4448    HEAP                startup_stm32f401xe.o
    0x20000698   0x00000400   Zero   RW         4447    STACK               startup_stm32f401xe.o


==============================================================================

Image component sizes


      Code (inc. data)   RO Data    RW Data    ZI Data      Debug   Object Name

      1612        428          0         12       1042       9523   gsm.o
       932        116          0          4          0     284986   main.o
       120         14          0          0          0        952   misc.o
        64         26        404          0       1536        856   startup_stm32f401xe.o
       200         18          0          0          0       2024   stm32f4xx_exti.o
       266          0          0          0          0       4415   stm32f4xx_gpio.o
       328         36          0         16          0       4211   stm32f4xx_rcc.o
        64          4          0          0          0        628   stm32f4xx_syscfg.o
       220         28          0          0          0       4042   stm32f4xx_tim.o
       322         10          0          0          0       3933   stm32f4xx_usart.o
        28          4          0          0          0        493   system_stm32f4xx.o

    ----------------------------------------------------------------------
      4160        684        436         32       2580     316063   Object Totals
         0          0         32          0          0          0   (incl. Generated)
         4          0          0          0          2          0   (incl. Padding)

    ----------------------------------------------------------------------

      Code (inc. data)   RO Data    RW Data    ZI Data      Debug   Library Member Name

         8          0          0          0          0         68   __main.o
       104          0          0          0          0         84   __printf.o
         0          0          0          0          0          0   __rtentry.o
        12          0          0          0          0          0   __rtentry2.o
         6          0          0          0          0          0   __rtentry4.o
        52          8          0          0          0          0   __scatter.o
        26          0          0          0          0          0   __scatter_copy.o
        28          0          0          0          0          0   __scatter_zi.o
         6          0          0          0          0          0   _printf_c.o
        44          0          0          0          0        108   _printf_char.o
        48          6          0          0          0         96   _printf_char_common.o
         6          0          0          0          0          0   _printf_d.o
       120         16          0          0          0         92   _printf_dec.o
       178          0          0          0          0         88   _printf_intcommon.o
         0          0          0          0          0          0   _printf_percent.o
         4          0          0          0          0          0   _printf_percent_end.o
         6          0          0          0          0          0   _printf_s.o
        82          0          0          0          0         80   _printf_str.o
        10          0          0          0          0         68   _sputc.o
        18          0          0          0          0         80   exit.o
         6          0          0          0          0        152   heapauxi.o
         0          0          0          0          0          0   indicate_semi.o
         2          0          0          0          0          0   libinit.o
         6          0          0          0          0          0   libinit2.o
         2          0          0          0          0          0   libshutdown.o
         2          0          0          0          0          0   libshutdown2.o
         8          4          0          0         96         68   libspace.o
        40          6          0          0          0         84   noretval__2sprintf.o
         2          0          0          0          0          0   rtexit.o
        10          0          0          0          0          0   rtexit2.o
        12          4          0          0          0         68   sys_exit.o
        74          0          0          0          0         80   sys_stackheap_outer.o
         2          0          0          0          0         68   use_no_semi.o
        10          0          0          0          0        116   fpinit.o

    ----------------------------------------------------------------------
       944         44          0          0        100       1400   Library Totals
        10          0          0          0          4          0   (incl. Padding)

    ----------------------------------------------------------------------

      Code (inc. data)   RO Data    RW Data    ZI Data      Debug   Library Name

       924         44          0          0         96       1284   c_w.l
        10          0          0          0          0        116   fz_wm.l

    ----------------------------------------------------------------------
       944         44          0          0        100       1400   Library Totals

    ----------------------------------------------------------------------

==============================================================================


      Code (inc. data)   RO Data    RW Data    ZI Data      Debug   

      5104        728        436         32       2680     311991   Grand Totals
      5104        728        436         32       2680     311991   ELF Image Totals
      5104        728        436         32          0          0   ROM Totals

==============================================================================

    Total RO  Size (Code + RO Data)                 5540 (   5.41kB)
    Total RW  Size (RW Data + ZI Data)              2712 (   2.65kB)
    Total ROM Size (Code + RO Data + RW Data)       5572 (   5.44kB)

==============================================================================

